Microchip MPLAB XC8 Compiler V1.40 ()

Linker command line:

-W-3 --edf=C:\Program Files (x86)\Microchip\xc8\v1.40\dat\en_msgs.txt -cs \
  -h+dist/default/production\PIC16f88_Bluetooth.X.production.sym \
  --cmf=dist/default/production\PIC16f88_Bluetooth.X.production.cmf -z \
  -Q16F88 -oC:\Users\peaceful\AppData\Local\Temp\s408.2 \
  -Mdist/default/production/PIC16f88_Bluetooth.X.production.map -E1 \
  -ver=XC8 -ASTACK=0110h-016fh -pstack=STACK -ACODE=00h-07FFhx2 \
  -ASTRCODE=00h-0FFFh -ASTRING=00h-0FFhx16 -ACONST=00h-0FFhx16 \
  -AENTRY=00h-0FFhx16 -ACOMMON=070h-07Fh -ABANK0=020h-06Fh \
  -ABANK1=0A0h-0EFh -ABANK2=0110h-016Fh -ABANK3=0190h-01EFh \
  -ARAM=020h-06Fh,0A0h-0EFh,0110h-016Fh,0190h-01EFh \
  -AABS1=020h-07Fh,0A0h-0EFh,0110h-016Fh,0190h-01EFh -ASFR0=00h-01Fh \
  -ASFR1=080h-09Fh -ASFR2=0100h-010Fh -ASFR3=0180h-018Fh \
  -preset_vec=00h,intentry=04h,init,end_init -ppowerup=CODE -pcinit=CODE \
  -pfunctab=CODE -ACONFIG=02007h-02008h -pconfig=CONFIG -DCONFIG=2 \
  -AIDLOC=02000h-02003h -pidloc=IDLOC -DIDLOC=2 -AEEDATA=00h-0FFh/02100h \
  -peeprom_data=EEDATA -DEEDATA=2 -DCODE=2 -DSTRCODE=2 -DSTRING=2 -DCONST=2 \
  -DENTRY=2 -k C:\Users\peaceful\AppData\Local\Temp\s408.obj \
  dist/default/production\PIC16f88_Bluetooth.X.production.obj 

Object code version is 3.11

Machine type is 16F88



                Name                               Link     Load   Length Selector   Space Scale
C:\Users\peaceful\AppData\Local\Temp\s408.obj
                end_init                             11       11        2        8       0
                reset_vec                             0        0        2        0       0
                config                             2007     2007        2     400E       0
dist/default/production\PIC16f88_Bluetooth.X.production.obj
                cinit                                13       13       18        8       0
                intentry                              4        4        D        8       0
                swtext1                             483      483        E      906       0
                text14                              205      205       91        8       0
                text13                              4A8      4A8        A      922       0
                text12                              44E      44E       13      71E       0
                text11                              38F      38F       45      71E       0
                text10                              408      408       32      71E       0
                text9                               296      296       5E        8       0
                text8                               2F4      2F4       4E        8       0
                text7                                2B       2B      133        8       0
                text6                               15E      15E       A7        8       0
                text5                               473      473       10      71E       0
                text4                               461      461       12      71E       0
                text3                               49D      49D        B      922       0
                text2                               43A      43A       14      71E       0
                text1                               491      491        C      922       0
                maintext                            3D4      3D4       34      71E       0
                cstackBANK0                          20       20       4D       20       1
                cstackCOMMON                         70       70        E       70       1
                cstackBANK1                          A4       A4        2       A0       1
                dataBANK1                            A0       A0        4       A0       1
                bssBANK0                             6D       6D        2       20       1
                strings                             342      342       4D      684       0
                idataBANK1                          4B2      4B2        4      922       0

TOTAL           Name                               Link     Load   Length     Space
        CLASS   STACK          

        CLASS   CODE           
                end_init                             11       11        2         0
                cinit                                13       13       18         0
                intentry                              4        4        D         0
                reset_vec                             0        0        2         0
                text14                              205      205       91         0
                text13                              4A8      4A8        A         0
                text12                              44E      44E       13         0
                text11                              38F      38F       45         0
                text10                              408      408       32         0
                text9                               296      296       5E         0
                text8                               2F4      2F4       4E         0
                text7                                2B       2B      133         0
                text6                               15E      15E       A7         0
                text5                               473      473       10         0
                text4                               461      461       12         0
                text3                               49D      49D        B         0
                text2                               43A      43A       14         0
                text1                               491      491        C         0
                maintext                            3D4      3D4       34         0
                idataBANK1                          4B2      4B2        4         0

        CLASS   STRCODE        

        CLASS   STRING         
                strings                             342      342       4D         0

        CLASS   CONST          
                swtext1                             483      483        E         0

        CLASS   ENTRY          

        CLASS   COMMON         
                cstackCOMMON                         70       70        E         1

        CLASS   BANK0          
                cstackBANK0                          20       20       4D         1
                bssBANK0                             6D       6D        2         1

        CLASS   BANK1          
                cstackBANK1                          A4       A4        2         1
                dataBANK1                            A0       A0        4         1

        CLASS   BANK2          

        CLASS   BANK3          

        CLASS   RAM            

        CLASS   ABS1           
                abs_s1                               7E       7E        2         1

        CLASS   SFR0           

        CLASS   SFR1           

        CLASS   SFR2           

        CLASS   SFR3           

        CLASS   CONFIG         
                config                             2007     2007        2         0

        CLASS   IDLOC          

        CLASS   EEDATA         



SEGMENTS        Name                           Load    Length   Top    Selector   Space  Class     Delta

                reset_vec                      000000  000002  000002         0       0  CODE        2
                intentry                       000004  00033E  000342         8       0  CODE        2
                cstackBANK0                    000020  00004F  00006F        20       1  BANK0       1
                cstackCOMMON                   000070  00000E  00007E        70       1  COMMON      1
                dataBANK1                      0000A0  000006  0000A6        A0       1  BANK1       1
                strings                        000342  00004D  00038F       684       0  STRING      2
                text11                         00038F  0000F4  000483       71E       0  CODE        2
                swtext1                        000483  00000E  000491       906       0  CONST       2
                text1                          000491  000025  0004B6       922       0  CODE        2
                config                         002007  000002  002009      400E       0  CONFIG      2


UNUSED ADDRESS RANGES

        Name                Unused          Largest block    Delta
        BANK0            006F-006F              1           1
        BANK1            00A6-00EF             4A           1
        BANK2            0110-016F             60           1
        BANK3            0190-01EF             60           1
        CODE             0002-0003              2           2
                         04B6-0FFF            34A
        CONST            0002-0003              2           2
                         04B6-0FFF            100
        EEDATA           2100-21FF            100           2
        ENTRY            0002-0003              2           2
                         04B6-0FFF            100
        IDLOC            2000-2003              4           2
        RAM              006F-006F              1           1
                         00A6-00EF             4A
                         0110-016F             60
                         0190-01EF             60
        SFR0             0000-001F             20           1
        SFR1             0080-009F             20           1
        SFR2             0100-010F             10           1
        SFR3             0180-018F             10           1
        STACK            0110-016F             60           1
        STRCODE          0002-0003              2           2
                         04B6-0FFF            B4A
        STRING           0002-0003              2           2
                         04B6-0FFF            100

                                  Symbol Table

?_ADC_Read                 cstackCOMMON 0070
?___lldiv                  cstackCOMMON 0070
?___llmod                  cstackBANK0  0020
?___lmul                   cstackCOMMON 0075
?___lwmod                  cstackCOMMON 0070
?_sprintf                  cstackBANK0  002A
ADC_Read@channel           cstackCOMMON 0074
ISR@buffer                 cstackBANK0  004E
ISR@j                      cstackBANK0  006C
UART_send_byte@single_byte cstackCOMMON 0070
UART_send_string@str       cstackCOMMON 0072
_ADCON0bits                (abs)        001F
_ADCS0                     (abs)        00FE
_ADCS1                     (abs)        00FF
_ADCS2                     (abs)        04FE
_ADC_Init                  text5        0473
_ADC_Read                  text14       0205
_ADFM                      (abs)        04FF
_ADON                      (abs)        00F8
_ADRESH                    (abs)        001E
_ADRESL                    (abs)        009E
_ANS0                      (abs)        04D8
_ANS1                      (abs)        04D9
_ANS2                      (abs)        04DA
_ANS3                      (abs)        04DB
_ANS4                      (abs)        04DC
_ANS5                      (abs)        04DD
_ANS6                      (abs)        04DE
_ANSEL                     (abs)        009B
_BRGH                      (abs)        04C2
_CREN                      (abs)        00C4
_GIE                       (abs)        005F
_GO_nDONE                  (abs)        00FA
_ISR                       text6        015E
_OPTION_REGbits            (abs)        0081
_PEIE                      (abs)        005E
_PORTA                     (abs)        0005
_PORTB                     (abs)        0006
_PSA                       (abs)        040B
_RA2                       (abs)        002A
_RA3                       (abs)        002B
_RCIF                      (abs)        0065
_RCREG                     (abs)        001A
_RCSTAbits                 (abs)        0018
_RX9                       (abs)        00C6
_SENSOR_CHANNELS           dataBANK1    00A0
_SENSOR_TYPES              dataBANK1    00A2
_SPBRG                     (abs)        0099
_SPEN                      (abs)        00C7
_SYNC                      (abs)        04C4
_Syst_Init                 text4        0461
_T0CS                      (abs)        040D
_TMR0IE                    (abs)        005D
_TMR0IF                    (abs)        005A
_TMR0_Init                 text3        049D
_TRISA                     (abs)        0085
_TRISA0                    (abs)        0428
_TRISA1                    (abs)        0429
_TRISA2                    (abs)        042A
_TRISA3                    (abs)        042B
_TRISA4                    (abs)        042C
_TRISA5                    (abs)        042D
_TRISA6                    (abs)        042E
_TRISB                     (abs)        0086
_TRISBbits                 (abs)        0086
_TRMT                      (abs)        04C1
_TX9                       (abs)        04C6
_TXEN                      (abs)        04C5
_TXREG                     (abs)        0019
_UART_Init                 text2        043A
_UART_read_byte            text1        0491
_UART_send_byte            text13       04A8
_UART_send_string          text12       044E
_VCFG0                     (abs)        04FC
_VCFG1                     (abs)        04FD
__CFG_BOREN$ON             (abs)        0000
__CFG_CCPMX$RB0            (abs)        0000
__CFG_CP$OFF               (abs)        0000
__CFG_CPD$OFF              (abs)        0000
__CFG_FCMEN$ON             (abs)        0000
__CFG_FOSC$HS              (abs)        0000
__CFG_IESO$ON              (abs)        0000
__CFG_LVP$OFF              (abs)        0000
__CFG_MCLRE$OFF            (abs)        0000
__CFG_PWRTE$OFF            (abs)        0000
__CFG_WDTE$OFF             (abs)        0000
__CFG_WRT$OFF              (abs)        0000
__Habs1                    abs1         0000
__Hbank0                   bank0        0000
__Hbank1                   bank1        0000
__Hbank2                   bank2        0000
__Hbank3                   bank3        0000
__HbssBANK0                bssBANK0     0000
__Hcinit                   cinit        002B
__Hclrtext                 clrtext      0000
__Hcode                    code         0000
__Hcommon                  common       0000
__Hconfig                  config       2009
__HcstackBANK0             cstackBANK0  0000
__HcstackBANK1             cstackBANK1  0000
__HcstackCOMMON            cstackCOMMON 0000
__HdataBANK1               dataBANK1    0000
__Heeprom_data             eeprom_data  0000
__Hend_init                end_init     0013
__Hfunctab                 functab      0000
__HidataBANK1              idataBANK1   0000
__Hidloc                   idloc        0000
__Hinit                    init         0011
__Hintentry                intentry     0011
__Hmaintext                maintext     0000
__Hpowerup                 powerup      0000
__Hram                     ram          0000
__Hreset_vec               reset_vec    0002
__Hsfr0                    sfr0         0000
__Hsfr1                    sfr1         0000
__Hsfr2                    sfr2         0000
__Hsfr3                    sfr3         0000
__Hspace_0                 (abs)        2009
__Hspace_1                 (abs)        00A6
__Hspace_2                 (abs)        0000
__Hspace_3                 (abs)        0000
__Hstack                   stack        0000
__Hstrings                 strings      0000
__Htext                    text         0000
__Labs1                    abs1         0000
__Lbank0                   bank0        0000
__Lbank1                   bank1        0000
__Lbank2                   bank2        0000
__Lbank3                   bank3        0000
__LbssBANK0                bssBANK0     0000
__Lcinit                   cinit        0013
__Lclrtext                 clrtext      0000
__Lcode                    code         0000
__Lcommon                  common       0000
__Lconfig                  config       2007
__LcstackBANK0             cstackBANK0  0000
__LcstackBANK1             cstackBANK1  0000
__LcstackCOMMON            cstackCOMMON 0000
__LdataBANK1               dataBANK1    0000
__Leeprom_data             eeprom_data  0000
__Lend_init                end_init     0011
__Lfunctab                 functab      0000
__LidataBANK1              idataBANK1   0000
__Lidloc                   idloc        0000
__Linit                    init         0011
__Lintentry                intentry     0004
__Lmaintext                maintext     0000
__Lpowerup                 powerup      0000
__Lram                     ram          0000
__Lreset_vec               reset_vec    0000
__Lsfr0                    sfr0         0000
__Lsfr1                    sfr1         0000
__Lsfr2                    sfr2         0000
__Lsfr3                    sfr3         0000
__Lspace_0                 (abs)        0000
__Lspace_1                 (abs)        0000
__Lspace_2                 (abs)        0000
__Lspace_3                 (abs)        0000
__Lstack                   stack        0000
__Lstrings                 strings      0000
__Ltext                    text         0000
__S0                       (abs)        2009
__S1                       (abs)        00A6
__S2                       (abs)        0000
__S3                       (abs)        0000
___int_sp                  stack        0000
___latbits                 (abs)        0001
___lldiv                   text9        0296
___lldiv@counter           cstackCOMMON 007D
___lldiv@dividend          cstackCOMMON 0074
___lldiv@divisor           cstackCOMMON 0070
___lldiv@quotient          cstackCOMMON 0079
___llmod                   text8        02F4
___llmod@counter           cstackBANK0  0029
___llmod@dividend          cstackBANK0  0024
___llmod@divisor           cstackBANK0  0020
___lmul                    text11       038F
___lmul@multiplicand       cstackCOMMON 0079
___lmul@multiplier         cstackCOMMON 0075
___lmul@product            cstackBANK0  0020
___lwmod                   text10       0408
___lwmod@counter           cstackCOMMON 0075
___lwmod@dividend          cstackCOMMON 0072
___lwmod@divisor           cstackCOMMON 0070
___sp                      stack        0000
__end_of_ADC_Init          text5        0483
__end_of_ADC_Read          text14       0296
__end_of_ISR               text6        0205
__end_of_Syst_Init         text4        0473
__end_of_TMR0_Init         text3        04A8
__end_of_UART_Init         text2        044E
__end_of_UART_read_byte    text1        049D
__end_of_UART_send_byte    text13       04B2
__end_of_UART_send_string  text12       0461
__end_of___lldiv           text9        02F4
__end_of___llmod           text8        0342
__end_of___lmul            text11       03D4
__end_of___lwmod           text10       043A
__end_of__initialization   cinit        0028
__end_of__stringtab        strings      0348
__end_of_dpowers           strings      0370
__end_of_main              maintext     0408
__end_of_sprintf           text7        015E
__initialization           cinit        0013
__pbssBANK0                bssBANK0     006D
__pcstackBANK0             cstackBANK0  0020
__pcstackBANK1             cstackBANK1  00A4
__pcstackCOMMON            cstackCOMMON 0070
__pdataBANK1               dataBANK1    00A0
__pidataBANK1              idataBANK1   04B2
__pintentry                intentry     0004
__pmaintext                maintext     03D4
__pstrings                 strings      0342
__pswtext1                 swtext1      0483
__ptext1                   text1        0491
__ptext10                  text10       0408
__ptext11                  text11       038F
__ptext12                  text12       044E
__ptext13                  text13       04A8
__ptext14                  text14       0205
__ptext2                   text2        043A
__ptext3                   text3        049D
__ptext4                   text4        0461
__ptext5                   text5        0473
__ptext6                   text6        015E
__ptext7                   text7        002B
__ptext8                   text8        02F4
__ptext9                   text9        0296
__size_of_ADC_Init         (abs)        0000
__size_of_ADC_Read         (abs)        0000
__size_of_ISR              (abs)        0000
__size_of_Syst_Init        (abs)        0000
__size_of_TMR0_Init        (abs)        0000
__size_of_UART_Init        (abs)        0000
__size_of_UART_read_byte   (abs)        0000
__size_of_UART_send_byte   (abs)        0000
__size_of_UART_send_string (abs)        0000
__size_of___lldiv          (abs)        0000
__size_of___llmod          (abs)        0000
__size_of___lmul           (abs)        0000
__size_of___lwmod          (abs)        0000
__size_of_main             (abs)        0000
__size_of_sprintf          (abs)        0000
__stringbase               strings      0347
__stringtab                strings      0342
_adc_uart_count            bssBANK0     006D
_dpowers                   strings      0348
_main                      maintext     03D4
_sprintf                   text7        002B
btemp                      (abs)        007E
end_of_initialization      cinit        0028
interrupt_function         intentry     0004
intlevel0                  functab      0000
intlevel1                  functab      0000
intlevel2                  functab      0000
intlevel3                  functab      0000
intlevel4                  functab      0000
intlevel5                  functab      0000
main@rx_read               cstackBANK1  00A5
reset_vec                  reset_vec    0000
saved_w                    (abs)        007E
sprintf@ap                 cstackBANK0  003D
sprintf@c                  cstackBANK0  003F
sprintf@cp                 cstackBANK0  003C
sprintf@f                  cstackBANK0  002A
sprintf@flag               cstackBANK0  0035
sprintf@prec               cstackBANK0  0036
sprintf@sp                 cstackBANK0  003E
sprintf@val                cstackBANK0  0038
stackhi                    (abs)        0000
stacklo                    (abs)        0000
start                      init         0011
start_initialization       cinit        0013
wtemp0                     (abs)        007E


FUNCTION INFORMATION:

 *************** function _main *****************
 Defined at:
		line 68 in file "main.c"
 Parameters:    Size  Location     Type
		None
 Auto vars:     Size  Location     Type
  rx_read         1    1[BANK1 ] unsigned char 
 Return value:  Size  Location     Type
                  1    wreg      void 
 Registers used:
		wreg, status,2, status,0, pclath, cstack
 Tracked objects:
		On entry : 
		On exit  : 
		Unchanged: 
 Data sizes:     COMMON   BANK0   BANK1   BANK3   BANK2
      Params:         0       0       0       0       0
      Locals:         0       0       1       0       0
      Temps:          0       0       1       0       0
      Totals:         0       0       2       0       0
Total ram usage:        2 bytes
 Hardware stack levels required when called:    4
 This function calls:
		_ADC_Init
		_Syst_Init
		_TMR0_Init
		_UART_Init
		_UART_read_byte
 This function is called by:
		Startup code after reset
 This function uses a non-reentrant model


 *************** function _UART_read_byte *****************
 Defined at:
		line 33 in file "uart.h"
 Parameters:    Size  Location     Type
		None
 Auto vars:     Size  Location     Type
		None
 Return value:  Size  Location     Type
                  1    wreg      unsigned char 
 Registers used:
		wreg
 Tracked objects:
		On entry : 
		On exit  : 
		Unchanged: 
 Data sizes:     COMMON   BANK0   BANK1   BANK3   BANK2
      Params:         0       0       0       0       0
      Locals:         0       0       0       0       0
      Temps:          0       0       0       0       0
      Totals:         0       0       0       0       0
Total ram usage:        0 bytes
 Hardware stack levels used:    1
 Hardware stack levels required when called:    3
 This function calls:
		Nothing
 This function is called by:
		_main
 This function uses a non-reentrant model


 *************** function _UART_Init *****************
 Defined at:
		line 8 in file "uart.h"
 Parameters:    Size  Location     Type
		None
 Auto vars:     Size  Location     Type
		None
 Return value:  Size  Location     Type
                  1    wreg      void 
 Registers used:
		wreg
 Tracked objects:
		On entry : 
		On exit  : 
		Unchanged: 
 Data sizes:     COMMON   BANK0   BANK1   BANK3   BANK2
      Params:         0       0       0       0       0
      Locals:         0       0       0       0       0
      Temps:          0       0       0       0       0
      Totals:         0       0       0       0       0
Total ram usage:        0 bytes
 Hardware stack levels used:    1
 Hardware stack levels required when called:    3
 This function calls:
		Nothing
 This function is called by:
		_main
 This function uses a non-reentrant model


 *************** function _TMR0_Init *****************
 Defined at:
		line 27 in file "main.c"
 Parameters:    Size  Location     Type
		None
 Auto vars:     Size  Location     Type
		None
 Return value:  Size  Location     Type
                  1    wreg      void 
 Registers used:
		wreg, status,2, status,0
 Tracked objects:
		On entry : 
		On exit  : 
		Unchanged: 
 Data sizes:     COMMON   BANK0   BANK1   BANK3   BANK2
      Params:         0       0       0       0       0
      Locals:         0       0       0       0       0
      Temps:          0       0       0       0       0
      Totals:         0       0       0       0       0
Total ram usage:        0 bytes
 Hardware stack levels used:    1
 Hardware stack levels required when called:    3
 This function calls:
		Nothing
 This function is called by:
		_main
 This function uses a non-reentrant model


 *************** function _Syst_Init *****************
 Defined at:
		line 17 in file "main.c"
 Parameters:    Size  Location     Type
		None
 Auto vars:     Size  Location     Type
		None
 Return value:  Size  Location     Type
                  1    wreg      void 
 Registers used:
		status,2
 Tracked objects:
		On entry : 
		On exit  : 
		Unchanged: 
 Data sizes:     COMMON   BANK0   BANK1   BANK3   BANK2
      Params:         0       0       0       0       0
      Locals:         0       0       0       0       0
      Temps:          0       0       0       0       0
      Totals:         0       0       0       0       0
Total ram usage:        0 bytes
 Hardware stack levels used:    1
 Hardware stack levels required when called:    3
 This function calls:
		Nothing
 This function is called by:
		_main
 This function uses a non-reentrant model


 *************** function _ADC_Init *****************
 Defined at:
		line 8 in file "adc.h"
 Parameters:    Size  Location     Type
		None
 Auto vars:     Size  Location     Type
		None
 Return value:  Size  Location     Type
                  1    wreg      void 
 Registers used:
		None
 Tracked objects:
		On entry : 
		On exit  : 
		Unchanged: 
 Data sizes:     COMMON   BANK0   BANK1   BANK3   BANK2
      Params:         0       0       0       0       0
      Locals:         0       0       0       0       0
      Temps:          0       0       0       0       0
      Totals:         0       0       0       0       0
Total ram usage:        0 bytes
 Hardware stack levels used:    1
 Hardware stack levels required when called:    3
 This function calls:
		Nothing
 This function is called by:
		_main
 This function uses a non-reentrant model


 *************** function _ISR *****************
 Defined at:
		line 39 in file "main.c"
 Parameters:    Size  Location     Type
		None
 Auto vars:     Size  Location     Type
  buffer         30   46[BANK0 ] unsigned char [30]
  j               1   76[BANK0 ] unsigned char 
 Return value:  Size  Location     Type
                  1    wreg      void 
 Registers used:
		wreg, fsr0l, fsr0h, status,2, status,0, pclath, cstack
 Tracked objects:
		On entry : 
		On exit  : 
		Unchanged: 
 Data sizes:     COMMON   BANK0   BANK1   BANK3   BANK2
      Params:         0       0       0       0       0
      Locals:         0      31       0       0       0
      Temps:          0      14       0       0       0
      Totals:         0      45       0       0       0
Total ram usage:       45 bytes
 Hardware stack levels used:    1
 Hardware stack levels required when called:    2
 This function calls:
		_ADC_Read
		_UART_send_byte
		_UART_send_string
		___lmul
		___lwmod
		_sprintf
 This function is called by:
		Interrupt level 1
 This function uses a non-reentrant model


 *************** function _sprintf *****************
 Defined at:
		line 492 in file "C:\Program Files (x86)\Microchip\xc8\v1.40\sources\common\doprnt.c"
 Parameters:    Size  Location     Type
  sp              1    wreg     PTR unsigned char 
		 -> ISR@buffer(30), 
  f               1   10[BANK0 ] PTR const unsigned char 
		 -> STR_3(14), 
 Auto vars:     Size  Location     Type
  sp              1   30[BANK0 ] PTR unsigned char 
		 -> ISR@buffer(30), 
  val             4   24[BANK0 ] unsigned long 
  tmpval          4    0        struct .
  prec            2   22[BANK0 ] int 
  len             2    0        unsigned int 
  c               1   31[BANK0 ] char 
  ap              1   29[BANK0 ] PTR void [1]
		 -> ?_sprintf(2), 
  cp              1   28[BANK0 ] PTR const unsigned char 
		 -> STR_4(7), STR_2(4), STR_1(6), 
  flag            1   21[BANK0 ] unsigned char 
 Return value:  Size  Location     Type
                  2   10[BANK0 ] int 
 Registers used:
		wreg, fsr0l, fsr0h, status,2, status,0, pclath, cstack
 Tracked objects:
		On entry : 
		On exit  : 
		Unchanged: 
 Data sizes:     COMMON   BANK0   BANK1   BANK3   BANK2
      Params:         0       6       0       0       0
      Locals:         0      11       0       0       0
      Temps:          0       5       0       0       0
      Totals:         0      22       0       0       0
Total ram usage:       22 bytes
 Hardware stack levels used:    1
 Hardware stack levels required when called:    1
 This function calls:
		___lldiv
		___llmod
 This function is called by:
		_ISR
 This function uses a non-reentrant model


 *************** function ___llmod *****************
 Defined at:
		line 6 in file "C:\Program Files (x86)\Microchip\xc8\v1.40\sources\common\llmod.c"
 Parameters:    Size  Location     Type
  divisor         4    0[BANK0 ] unsigned long 
  dividend        4    4[BANK0 ] unsigned long 
 Auto vars:     Size  Location     Type
  counter         1    9[BANK0 ] unsigned char 
 Return value:  Size  Location     Type
                  4    0[BANK0 ] unsigned long 
 Registers used:
		wreg, status,2, status,0
 Tracked objects:
		On entry : 
		On exit  : 
		Unchanged: 
 Data sizes:     COMMON   BANK0   BANK1   BANK3   BANK2
      Params:         0       8       0       0       0
      Locals:         0       1       0       0       0
      Temps:          0       1       0       0       0
      Totals:         0      10       0       0       0
Total ram usage:       10 bytes
 Hardware stack levels used:    1
 This function calls:
		Nothing
 This function is called by:
		_sprintf
 This function uses a non-reentrant model


 *************** function ___lldiv *****************
 Defined at:
		line 6 in file "C:\Program Files (x86)\Microchip\xc8\v1.40\sources\common\lldiv.c"
 Parameters:    Size  Location     Type
  divisor         4    0[COMMON] unsigned long 
  dividend        4    4[COMMON] unsigned long 
 Auto vars:     Size  Location     Type
  quotient        4    9[COMMON] unsigned long 
  counter         1   13[COMMON] unsigned char 
 Return value:  Size  Location     Type
                  4    0[COMMON] unsigned long 
 Registers used:
		wreg, status,2, status,0
 Tracked objects:
		On entry : 
		On exit  : 
		Unchanged: 
 Data sizes:     COMMON   BANK0   BANK1   BANK3   BANK2
      Params:         8       0       0       0       0
      Locals:         5       0       0       0       0
      Temps:          1       0       0       0       0
      Totals:        14       0       0       0       0
Total ram usage:       14 bytes
 Hardware stack levels used:    1
 This function calls:
		Nothing
 This function is called by:
		_sprintf
 This function uses a non-reentrant model


 *************** function ___lwmod *****************
 Defined at:
		line 6 in file "C:\Program Files (x86)\Microchip\xc8\v1.40\sources\common\lwmod.c"
 Parameters:    Size  Location     Type
  divisor         2    0[COMMON] unsigned int 
  dividend        2    2[COMMON] unsigned int 
 Auto vars:     Size  Location     Type
  counter         1    5[COMMON] unsigned char 
 Return value:  Size  Location     Type
                  2    0[COMMON] unsigned int 
 Registers used:
		wreg, status,2, status,0
 Tracked objects:
		On entry : 
		On exit  : 
		Unchanged: 
 Data sizes:     COMMON   BANK0   BANK1   BANK3   BANK2
      Params:         4       0       0       0       0
      Locals:         1       0       0       0       0
      Temps:          1       0       0       0       0
      Totals:         6       0       0       0       0
Total ram usage:        6 bytes
 Hardware stack levels used:    1
 This function calls:
		Nothing
 This function is called by:
		_ISR
 This function uses a non-reentrant model


 *************** function ___lmul *****************
 Defined at:
		line 15 in file "C:\Program Files (x86)\Microchip\xc8\v1.40\sources\common\Umul32.c"
 Parameters:    Size  Location     Type
  multiplier      4    5[COMMON] unsigned long 
  multiplicand    4    9[COMMON] unsigned long 
 Auto vars:     Size  Location     Type
  product         4    0[BANK0 ] unsigned long 
 Return value:  Size  Location     Type
                  4    5[COMMON] unsigned long 
 Registers used:
		wreg, status,2, status,0
 Tracked objects:
		On entry : 
		On exit  : 
		Unchanged: 
 Data sizes:     COMMON   BANK0   BANK1   BANK3   BANK2
      Params:         8       0       0       0       0
      Locals:         0       4       0       0       0
      Temps:          1       0       0       0       0
      Totals:         9       4       0       0       0
Total ram usage:       13 bytes
 Hardware stack levels used:    1
 This function calls:
		Nothing
 This function is called by:
		_ISR
 This function uses a non-reentrant model


 *************** function _UART_send_string *****************
 Defined at:
		line 49 in file "uart.h"
 Parameters:    Size  Location     Type
  str             1    wreg     PTR unsigned char 
		 -> ISR@buffer(30), 
 Auto vars:     Size  Location     Type
  str             1    2[COMMON] PTR unsigned char 
		 -> ISR@buffer(30), 
 Return value:  Size  Location     Type
                  1    wreg      void 
 Registers used:
		wreg, fsr0l, fsr0h, status,2, status,0, pclath, cstack
 Tracked objects:
		On entry : 
		On exit  : 
		Unchanged: 
 Data sizes:     COMMON   BANK0   BANK1   BANK3   BANK2
      Params:         0       0       0       0       0
      Locals:         1       0       0       0       0
      Temps:          1       0       0       0       0
      Totals:         2       0       0       0       0
Total ram usage:        2 bytes
 Hardware stack levels used:    1
 Hardware stack levels required when called:    1
 This function calls:
		_UART_send_byte
 This function is called by:
		_ISR
 This function uses a non-reentrant model


 *************** function _UART_send_byte *****************
 Defined at:
		line 28 in file "uart.h"
 Parameters:    Size  Location     Type
  single_byte     1    wreg     unsigned char 
 Auto vars:     Size  Location     Type
  single_byte     1    0[COMMON] unsigned char 
 Return value:  Size  Location     Type
                  1    wreg      void 
 Registers used:
		wreg
 Tracked objects:
		On entry : 
		On exit  : 
		Unchanged: 
 Data sizes:     COMMON   BANK0   BANK1   BANK3   BANK2
      Params:         0       0       0       0       0
      Locals:         1       0       0       0       0
      Temps:          0       0       0       0       0
      Totals:         1       0       0       0       0
Total ram usage:        1 bytes
 Hardware stack levels used:    1
 This function calls:
		Nothing
 This function is called by:
		_UART_send_string
		_ISR
 This function uses a non-reentrant model


 *************** function _ADC_Read *****************
 Defined at:
		line 23 in file "adc.h"
 Parameters:    Size  Location     Type
  channel         1    wreg     unsigned char 
 Auto vars:     Size  Location     Type
  channel         1    4[COMMON] unsigned char 
 Return value:  Size  Location     Type
                  2    0[COMMON] unsigned short 
 Registers used:
		wreg, fsr0l, fsr0h, status,2, status,0
 Tracked objects:
		On entry : 
		On exit  : 
		Unchanged: 
 Data sizes:     COMMON   BANK0   BANK1   BANK3   BANK2
      Params:         2       0       0       0       0
      Locals:         1       0       0       0       0
      Temps:          2       0       0       0       0
      Totals:         5       0       0       0       0
Total ram usage:        5 bytes
 Hardware stack levels used:    1
 This function calls:
		Nothing
 This function is called by:
		_ISR
 This function uses a non-reentrant model



MODULE INFORMATION

Module		Function		Class		Link	Load	Size
C:\Program Files (x86)\Microchip\xc8\v1.40\sources\common\doprnt.c
		_sprintf       		CODE           	002B	0000	308

C:\Program Files (x86)\Microchip\xc8\v1.40\sources\common\doprnt.c estimated size: 308

uart.h
		_UART_Init     		CODE           	043A	0000	21
		_UART_read_byte		CODE           	0491	0000	13
		_UART_send_string		CODE           	044E	0000	20
		_UART_send_byte		CODE           	04A8	0000	11

uart.h estimated size: 65

adc.h
		_ADC_Read      		CODE           	0205	0000	146
		_ADC_Init      		CODE           	0473	0000	17

adc.h estimated size: 163

C:\Program Files (x86)\Microchip\xc8\v1.40\sources\common\lwmod.c
		___lwmod       		CODE           	0408	0000	51

C:\Program Files (x86)\Microchip\xc8\v1.40\sources\common\lwmod.c estimated size: 51

C:\Program Files (x86)\Microchip\xc8\v1.40\sources\common\llmod.c
		___llmod       		CODE           	02F4	0000	79

C:\Program Files (x86)\Microchip\xc8\v1.40\sources\common\llmod.c estimated size: 79

shared
		__stringtab    		STRING         	0342	0000	7
		_dpowers       		STRING         	0348	0000	41
		__initialization		CODE           	0013	0000	22

shared estimated size: 70

C:\Program Files (x86)\Microchip\xc8\v1.40\sources\common\Umul32.c
		___lmul        		CODE           	038F	0000	70

C:\Program Files (x86)\Microchip\xc8\v1.40\sources\common\Umul32.c estimated size: 70

main.c
		_ISR           		CODE           	015E	0000	168
		_main          		CODE           	03D4	0000	53
		_TMR0_Init     		CODE           	049D	0000	12
		_Syst_Init     		CODE           	0461	0000	19

main.c estimated size: 252

C:\Program Files (x86)\Microchip\xc8\v1.40\sources\common\lldiv.c
		___lldiv       		CODE           	0296	0000	95

C:\Program Files (x86)\Microchip\xc8\v1.40\sources\common\lldiv.c estimated size: 95

