Microchip MPLAB XC8 Compiler V1.40 ()

Linker command line:

-W-3 --edf=C:\Program Files (x86)\Microchip\xc8\v1.40\dat\en_msgs.txt -cs \
  -h+dist/default/production\PIC16F876A_rx_wireless.X.production.sym \
  --cmf=dist/default/production\PIC16F876A_rx_wireless.X.production.cmf -z \
  -Q16F876A -oC:\Users\peaceful\AppData\Local\Temp\s2sk.2 \
  -Mdist/default/production/PIC16F876A_rx_wireless.X.production.map -E1 \
  -ver=XC8 -ASTACK=0110h-016fh -pstack=STACK -ACODE=00h-07FFhx4 \
  -ASTRCODE=00h-01FFFh -ASTRING=00h-0FFhx32 -ACONST=00h-0FFhx32 \
  -AENTRY=00h-0FFhx32 -ACOMMON=070h-07Fh -ABANK0=020h-06Fh \
  -ABANK1=0A0h-0EFh -ABANK2=0110h-016Fh -ABANK3=0190h-01EFh \
  -ARAM=020h-06Fh,0A0h-0EFh,0110h-016Fh,0190h-01EFh \
  -AABS1=020h-07Fh,0A0h-0EFh,0110h-016Fh,0190h-01EFh -ASFR0=00h-01Fh \
  -ASFR1=080h-09Fh -ASFR2=0100h-010Fh -ASFR3=0180h-018Fh \
  -preset_vec=00h,intentry=04h,init,end_init -ppowerup=CODE -pcinit=CODE \
  -pfunctab=CODE -ACONFIG=02007h-02007h -pconfig=CONFIG -DCONFIG=2 \
  -AIDLOC=02000h-02003h -pidloc=IDLOC -DIDLOC=2 -AEEDATA=00h-0FFh/02100h \
  -peeprom_data=EEDATA -DEEDATA=2 -DCODE=2 -DSTRCODE=2 -DSTRING=2 -DCONST=2 \
  -DENTRY=2 -k C:\Users\peaceful\AppData\Local\Temp\s2sk.obj \
  dist/default/production\PIC16F876A_rx_wireless.X.production.obj 

Object code version is 3.11

Machine type is 16F876A



                Name                               Link     Load   Length Selector   Space Scale
C:\Users\peaceful\AppData\Local\Temp\s2sk.obj
                end_init                             12       12        3        8       0
                reset_vec                             0        0        3        0       0
                config                             2007     2007        1     400E       0
dist/default/production\PIC16F876A_rx_wireless.X.production.obj
                cinit                                15       15       1C        8       0
                intentry                              4        4        E        8       0
                text38                              A09      A09       1D     1412       0
                text37                              679      679       A0        8       0
                text36                              9B7      9B7        5     136E       0
                text35                              5D8      5D8       A1        8       0
                text34                              C76      C76       3C     18EC       0
                text33                              BD8      BD8       32     17B0       0
                text32                              A82      A82       21     1504       0
                text31                              9CB      9CB        E     1396       0
                text30                              23D      23D      1FC        8       0
                text29                              E15      E15       63     1C2A       0
                text28                              B18      B18       2E     1630       0
                text27                              A44      A44       1F     1488       0
                text26                              50B      50B       CD        8       0
                text25                              D2F      D2F       42     1A5E       0
                text24                              C3E      C3E       38     187C       0
                text23                              B46      B46       30     168C       0
                text22                              9F8      9F8       11     13F0       0
                text21                              9D9      9D9        F     13B2       0
                text20                              AA3      AA3       23     1546       0
                text19                              9E8      9E8       10     13D0       0
                text18                              E78      E78       71     1CF0       0
                text17                              A26      A26       1E     144C       0
                text16                              B76      B76       31     16EC       0
                text15                              BA7      BA7       31     174E       0
                text14                              DBB      DBB       5A     1B76       0
                text13                              AC6      AC6       26     158C       0
                text12                              CB2      CB2       3E     1964       0
                text11                              C0A      C0A       34     1814       0
                text10                               31       31      20C        8       0
                text9                               7F5      7F5        9      F50       0
                text8                               A63      A63       1F     14C6       0
                text7                               D71      D71       4A     1AE2       0
                text6                               AEC      AEC       2C     15D8       0
                text5                               7A8      7A8       4D      F50       0
                text4                               9BC      9BC        7     1378       0
                text3                               F71      F71       8F     1EE2       0
                text2                               EE9      EE9       88     1DD2       0
                text1                               CF0      CF0       3F     19E0       0
                maintext                            439      439       D2        8       0
                cstackBANK0                          20       20       23       20       1
                cstackCOMMON                         70       70        E       70       1
                cstackBANK1                          A0       A0       34       A0       1
                clrtext                             9C3      9C3        8     1386       0
                bssBANK3                            190      190       3C      190       1
                bssBANK1                             D4       D4       1A       A0       1
                bssBANK0                             43       43       19       20       1
                strings                             719      719       8F      E32       0

TOTAL           Name                               Link     Load   Length     Space
        CLASS   STACK          

        CLASS   CODE           
                end_init                             12       12        3         0
                cinit                                15       15       1C         0
                intentry                              4        4        E         0
                reset_vec                             0        0        3         0
                text38                              A09      A09       1D         0
                text37                              679      679       A0         0
                text36                              9B7      9B7        5         0
                text35                              5D8      5D8       A1         0
                text34                              C76      C76       3C         0
                text33                              BD8      BD8       32         0
                text32                              A82      A82       21         0
                text31                              9CB      9CB        E         0
                text30                              23D      23D      1FC         0
                text29                              E15      E15       63         0
                text28                              B18      B18       2E         0
                text27                              A44      A44       1F         0
                text26                              50B      50B       CD         0
                text25                              D2F      D2F       42         0
                text24                              C3E      C3E       38         0
                text23                              B46      B46       30         0
                text22                              9F8      9F8       11         0
                text21                              9D9      9D9        F         0
                text20                              AA3      AA3       23         0
                text19                              9E8      9E8       10         0
                text18                              E78      E78       71         0
                text17                              A26      A26       1E         0
                text16                              B76      B76       31         0
                text15                              BA7      BA7       31         0
                text14                              DBB      DBB       5A         0
                text13                              AC6      AC6       26         0
                text12                              CB2      CB2       3E         0
                text11                              C0A      C0A       34         0
                text10                               31       31      20C         0
                text9                               7F5      7F5        9         0
                text8                               A63      A63       1F         0
                text7                               D71      D71       4A         0
                text6                               AEC      AEC       2C         0
                text5                               7A8      7A8       4D         0
                text4                               9BC      9BC        7         0
                text3                               F71      F71       8F         0
                text2                               EE9      EE9       88         0
                text1                               CF0      CF0       3F         0
                maintext                            439      439       D2         0
                clrtext                             9C3      9C3        8         0

        CLASS   STRCODE        

        CLASS   STRING         
                strings                             719      719       8F         0

        CLASS   CONST          

        CLASS   ENTRY          

        CLASS   COMMON         
                cstackCOMMON                         70       70        E         1

        CLASS   BANK0          
                cstackBANK0                          20       20       23         1
                bssBANK0                             43       43       19         1

        CLASS   BANK1          
                cstackBANK1                          A0       A0       34         1
                bssBANK1                             D4       D4       1A         1

        CLASS   BANK2          

        CLASS   BANK3          
                bssBANK3                            190      190       3C         1

        CLASS   RAM            

        CLASS   ABS1           
                abs_s1                               7E       7E        2         1

        CLASS   SFR0           

        CLASS   SFR1           

        CLASS   SFR2           

        CLASS   SFR3           

        CLASS   CONFIG         
                config                             2007     2007        1         0

        CLASS   IDLOC          

        CLASS   EEDATA         



SEGMENTS        Name                           Load    Length   Top    Selector   Space  Class     Delta

                reset_vec                      000000  000003  000003         0       0  CODE        2
                intentry                       000004  000715  000719         8       0  CODE        2
                cstackBANK0                    000020  00003C  00005C        20       1  BANK0       1
                cstackCOMMON                   000070  00000E  00007E        70       1  COMMON      1
                cstackBANK1                    0000A0  00004E  0000EE        A0       1  BANK1       1
                bssBANK3                       000190  00003C  0001CC       190       1  BANK3       1
                strings                        000719  00008F  0007A8       E32       0  STRING      2
                text5                          0007A8  000056  0007FE       F50       0  CODE        2
                text36                         0009B7  000005  0009BC      136E       0  CODE        2
                text4                          0009BC  000007  0009C3      1378       0  CODE        2
                clrtext                        0009C3  000008  0009CB      1386       0  CODE        2
                text31                         0009CB  00000E  0009D9      1396       0  CODE        2
                text21                         0009D9  00000F  0009E8      13B2       0  CODE        2
                text19                         0009E8  000010  0009F8      13D0       0  CODE        2
                text22                         0009F8  000011  000A09      13F0       0  CODE        2
                text38                         000A09  00001D  000A26      1412       0  CODE        2
                text17                         000A26  00001E  000A44      144C       0  CODE        2
                text27                         000A44  00001F  000A63      1488       0  CODE        2
                text8                          000A63  00001F  000A82      14C6       0  CODE        2
                text32                         000A82  000021  000AA3      1504       0  CODE        2
                text20                         000AA3  000023  000AC6      1546       0  CODE        2
                text13                         000AC6  000026  000AEC      158C       0  CODE        2
                text6                          000AEC  00002C  000B18      15D8       0  CODE        2
                text28                         000B18  00002E  000B46      1630       0  CODE        2
                text23                         000B46  000030  000B76      168C       0  CODE        2
                text16                         000B76  000031  000BA7      16EC       0  CODE        2
                text15                         000BA7  000031  000BD8      174E       0  CODE        2
                text33                         000BD8  000032  000C0A      17B0       0  CODE        2
                text11                         000C0A  000034  000C3E      1814       0  CODE        2
                text24                         000C3E  000038  000C76      187C       0  CODE        2
                text34                         000C76  00003C  000CB2      18EC       0  CODE        2
                text12                         000CB2  00003E  000CF0      1964       0  CODE        2
                text1                          000CF0  00003F  000D2F      19E0       0  CODE        2
                text25                         000D2F  000042  000D71      1A5E       0  CODE        2
                text7                          000D71  00004A  000DBB      1AE2       0  CODE        2
                text14                         000DBB  00005A  000E15      1B76       0  CODE        2
                text29                         000E15  000063  000E78      1C2A       0  CODE        2
                text18                         000E78  000071  000EE9      1CF0       0  CODE        2
                text2                          000EE9  000088  000F71      1DD2       0  CODE        2
                text3                          000F71  00008F  001000      1EE2       0  CODE        2
                config                         002007  000001  002008      400E       0  CONFIG      2


UNUSED ADDRESS RANGES

        Name                Unused          Largest block    Delta
        BANK0            005C-006F             14           1
        BANK1            00EE-00EF              2           1
        BANK2            0110-016F             60           1
        BANK3            01CC-01EF             24           1
        CODE             0003-0003              1           2
                         07FE-09B6              2
                         1000-1FFF            800
        CONST            0003-0003              1           2
                         07FE-09B6            100
                         1000-1FFF            100
        EEDATA           2100-21FF            100           2
        ENTRY            0003-0003              1           2
                         07FE-09B6            100
                         1000-1FFF            100
        IDLOC            2000-2003              4           2
        RAM              005C-006F             14           1
                         00EE-00EF              2
                         0110-016F             60
                         01CC-01EF             24
        SFR0             0000-001F             20           1
        SFR1             0080-009F             20           1
        SFR2             0100-010F             10           1
        SFR3             0180-018F             10           1
        STACK            0110-016F             60           1
        STRCODE          0003-0003              1           2
                         07FE-09B6            1B9
                         1000-1FFF           1000
        STRING           0003-0003              1           2
                         07FE-09B6            100
                         1000-1FFF            100

                                  Symbol Table

?___aldiv                                        cstackBANK1  00A6
?___lwdiv                                        cstackBANK1  00A0
?___lwmod                                        cstackBANK1  00A8
?___wmul                                         cstackBANK1  00A0
?__crc_ccitt_update                              cstackBANK1  00A0
?_atoi                                           cstackBANK1  00A6
?_sprintf                                        cstackBANK1  00AE
?_strcspn                                        cstackBANK1  00A3
?_strspn                                         cstackBANK1  00A3
?_vw_crc                                         cstackBANK1  00B0
?i1___lwdiv                                      cstackCOMMON 0070
?i1___lwmod                                      cstackCOMMON 0078
?i1___wmul                                       cstackCOMMON 0070
?i1_sprintf                                      cstackBANK0  0020
LCD_command@command                              cstackBANK1  00A3
LCD_set_cursor@column                            cstackBANK1  00A4
LCD_set_cursor@ddram_address                     cstackBANK1  00A6
LCD_set_cursor@row                               cstackBANK1  00A7
LCD_set_port@value_4_bit                         cstackBANK1  00A0
LCD_write_char@c                                 cstackBANK1  00A2
LCD_write_string@j                               cstackBANK1  00A6
LCD_write_string@str                             cstackBANK1  00A3
_ADCON1                                          (abs)        009F
_GIE                                             (abs)        005F
_HH                                              bssBANK0     0045
_LCD_Init                                        text26       050B
_LCD_command                                     text27       0A44
_LCD_set_cursor                                  text25       0D2F
_LCD_set_port                                    text28       0B18
_LCD_write_char                                  text24       0C3E
_LCD_write_string                                text23       0B46
_MM                                              bssBANK0     0046
_OPTION_REG                                      (abs)        0081
_PEIE                                            (abs)        005E
_PORTA                                           (abs)        0005
_PORTB                                           (abs)        0006
_RA1                                             (abs)        0029
_RA2                                             (abs)        002A
_RB2                                             (abs)        0032
_RB3                                             (abs)        0033
_RB4                                             (abs)        0034
_RB5                                             (abs)        0035
_RB6                                             (abs)        0036
_RB7                                             (abs)        0037
_SS                                              bssBANK0     0047
_SYST_Init                                       text22       09F8
_T0CS                                            (abs)        040D
_T1CONbits                                       (abs)        0010
_TMR0                                            (abs)        0001
_TMR0IE                                          (abs)        005D
_TMR0IF                                          (abs)        005A
_TMR1CS                                          (abs)        0081
_TMR1IE                                          (abs)        0460
_TMR1IF                                          (abs)        0060
_TMR1ON                                          (abs)        0080
_TMR1_Init                                       text21       09D9
_TRISA                                           (abs)        0085
_TRISA1                                          (abs)        0429
_TRISA2                                          (abs)        042A
_TRISB                                           (abs)        0086
__CFG_BOREN$ON                                   (abs)        0000
__CFG_CP$OFF                                     (abs)        0000
__CFG_CPD$OFF                                    (abs)        0000
__CFG_FOSC$HS                                    (abs)        0000
__CFG_LVP$OFF                                    (abs)        0000
__CFG_PWRTE$OFF                                  (abs)        0000
__CFG_WDTE$OFF                                   (abs)        0000
__CFG_WRT$OFF                                    (abs)        0000
__Habs1                                          abs1         0000
__Hbank0                                         bank0        0000
__Hbank1                                         bank1        0000
__Hbank2                                         bank2        0000
__Hbank3                                         bank3        0000
__HbssBANK0                                      bssBANK0     0000
__HbssBANK1                                      bssBANK1     0000
__HbssBANK3                                      bssBANK3     0000
__Hcinit                                         cinit        0031
__Hclrtext                                       clrtext      0000
__Hcode                                          code         0000
__Hcommon                                        common       0000
__Hconfig                                        config       2008
__HcstackBANK0                                   cstackBANK0  0000
__HcstackBANK1                                   cstackBANK1  0000
__HcstackCOMMON                                  cstackCOMMON 0000
__Heeprom_data                                   eeprom_data  0000
__Hend_init                                      end_init     0015
__Hfunctab                                       functab      0000
__Hidloc                                         idloc        0000
__Hinit                                          init         0012
__Hintentry                                      intentry     0012
__Hmaintext                                      maintext     0000
__Hpowerup                                       powerup      0000
__Hram                                           ram          0000
__Hreset_vec                                     reset_vec    0003
__Hsfr0                                          sfr0         0000
__Hsfr1                                          sfr1         0000
__Hsfr2                                          sfr2         0000
__Hsfr3                                          sfr3         0000
__Hspace_0                                       (abs)        2008
__Hspace_1                                       (abs)        01CC
__Hspace_2                                       (abs)        0000
__Hspace_3                                       (abs)        0000
__Hstack                                         stack        0000
__Hstrings                                       strings      0000
__Htext                                          text         0000
__Labs1                                          abs1         0000
__Lbank0                                         bank0        0000
__Lbank1                                         bank1        0000
__Lbank2                                         bank2        0000
__Lbank3                                         bank3        0000
__LbssBANK0                                      bssBANK0     0000
__LbssBANK1                                      bssBANK1     0000
__LbssBANK3                                      bssBANK3     0000
__Lcinit                                         cinit        0015
__Lclrtext                                       clrtext      0000
__Lcode                                          code         0000
__Lcommon                                        common       0000
__Lconfig                                        config       2007
__LcstackBANK0                                   cstackBANK0  0000
__LcstackBANK1                                   cstackBANK1  0000
__LcstackCOMMON                                  cstackCOMMON 0000
__Leeprom_data                                   eeprom_data  0000
__Lend_init                                      end_init     0012
__Lfunctab                                       functab      0000
__Lidloc                                         idloc        0000
__Linit                                          init         0012
__Lintentry                                      intentry     0004
__Lmaintext                                      maintext     0000
__Lpowerup                                       powerup      0000
__Lram                                           ram          0000
__Lreset_vec                                     reset_vec    0000
__Lsfr0                                          sfr0         0000
__Lsfr1                                          sfr1         0000
__Lsfr2                                          sfr2         0000
__Lsfr3                                          sfr3         0000
__Lspace_0                                       (abs)        0000
__Lspace_1                                       (abs)        0000
__Lspace_2                                       (abs)        0000
__Lspace_3                                       (abs)        0000
__Lstack                                         stack        0000
__Lstrings                                       strings      0000
__Ltext                                          text         0000
__S0                                             (abs)        2008
__S1                                             (abs)        01CC
__S2                                             (abs)        0000
__S3                                             (abs)        0000
___aldiv                                         text3        0F71
___aldiv@counter                                 cstackBANK1  00AF
___aldiv@dividend                                cstackBANK1  00AA
___aldiv@divisor                                 cstackBANK1  00A6
___aldiv@quotient                                cstackBANK1  00B1
___aldiv@sign                                    cstackBANK1  00B0
___int_sp                                        stack        0000
___latbits                                       (abs)        0002
___lwdiv                                         text12       0CB2
___lwdiv@counter                                 cstackBANK1  00A5
___lwdiv@dividend                                cstackBANK1  00A2
___lwdiv@divisor                                 cstackBANK1  00A0
___lwdiv@quotient                                cstackBANK1  00A6
___lwmod                                         text11       0C0A
___lwmod@counter                                 cstackBANK1  00AD
___lwmod@dividend                                cstackBANK1  00AA
___lwmod@divisor                                 cstackBANK1  00A8
___sp                                            stack        0000
___wmul                                          text20       0AA3
___wmul@multiplicand                             cstackBANK1  00A2
___wmul@multiplier                               cstackBANK1  00A0
___wmul@product                                  cstackBANK1  00A4
__calc_timer0_prescaler                          text2        0EE9
__calc_timer0_prescaler@aux_tmr0                 cstackBANK1  00C2
__calc_timer0_prescaler@brate                    cstackBANK1  00B5
__calc_timer0_prescaler@k_tmr0                   cstackBANK1  00B9
__calc_timer0_prescaler@pindex                   cstackBANK1  00C4
__calc_timer0_prescaler@prescaler_bits           cstackBANK1  00B8
__calc_timer0_prescaler@prescaler_factor         strings      0729
__calc_timer0_prescaler@prescaler_value          cstackBANK1  00B7
__crc_ccitt_update                               text7        0D71
__crc_ccitt_update@crc                           cstackBANK1  00A0
__crc_ccitt_update@data                          cstackBANK1  00A2
__end_of_LCD_Init                                text26       05D8
__end_of_LCD_command                             text27       0A63
__end_of_LCD_set_cursor                          text25       0D71
__end_of_LCD_set_port                            text28       0B46
__end_of_LCD_write_char                          text24       0C76
__end_of_LCD_write_string                        text23       0B76
__end_of_SYST_Init                               text22       0A09
__end_of_TMR1_Init                               text21       09E8
__end_of___aldiv                                 text3        1000
__end_of___lwdiv                                 text12       0CF0
__end_of___lwmod                                 text11       0C3E
__end_of___wmul                                  text20       0AC6
__end_of__calc_timer0_prescaler                  text2        0F71
__end_of__calc_timer0_prescaler@prescaler_factor strings      073B
__end_of__crc_ccitt_update                       text7        0DBB
__end_of__initialization                         cinit        002D
__end_of__stringtab                              strings      0729
__end_of_atoi                                    text18       0EE9
__end_of_dpowers                                 strings      0755
__end_of_global_isr                              text29       0E78
__end_of_isdigit                                 text19       09F8
__end_of_main                                    maintext     050B
__end_of_memcpy                                  text8        0A82
__end_of_parse_id_value                          text13       0AEC
__end_of_sprintf                                 text10       023D
__end_of_strchr                                  text17       0A44
__end_of_strcspn                                 text16       0BA7
__end_of_strspn                                  text15       0BD8
__end_of_strtok                                  text14       0E15
__end_of_symbols                                 strings      074B
__end_of_vw_crc                                  text6        0B18
__end_of_vw_have_message                         text9        07FE
__end_of_vw_isr_tmr0                             text35       0679
__end_of_vw_pll                                  text37       0719
__end_of_vw_recv                                 text5        07F5
__end_of_vw_rx_start                             text4        09C3
__end_of_vw_setup                                text1        0D2F
__end_of_vw_symbol_6to4                          text38       0A26
__end_of_vw_tx_buf_header                        strings      075D
__end_of_vw_tx_stop                              text36       09BC
__end_ofi1___lwdiv                               text34       0CB2
__end_ofi1___lwmod                               text33       0C0A
__end_ofi1___wmul                                text32       0AA3
__end_ofi1_isdigit                               text31       09D9
__end_ofi1_sprintf                               text30       0439
__initialization                                 cinit        0015
__pbssBANK0                                      bssBANK0     0043
__pbssBANK1                                      bssBANK1     00D4
__pbssBANK3                                      bssBANK3     0190
__pcstackBANK0                                   cstackBANK0  0020
__pcstackBANK1                                   cstackBANK1  00A0
__pcstackCOMMON                                  cstackCOMMON 0070
__pintentry                                      intentry     0004
__pmaintext                                      maintext     0439
__pstrings                                       strings      0719
__ptext1                                         text1        0CF0
__ptext10                                        text10       0031
__ptext11                                        text11       0C0A
__ptext12                                        text12       0CB2
__ptext13                                        text13       0AC6
__ptext14                                        text14       0DBB
__ptext15                                        text15       0BA7
__ptext16                                        text16       0B76
__ptext17                                        text17       0A26
__ptext18                                        text18       0E78
__ptext19                                        text19       09E8
__ptext2                                         text2        0EE9
__ptext20                                        text20       0AA3
__ptext21                                        text21       09D9
__ptext22                                        text22       09F8
__ptext23                                        text23       0B46
__ptext24                                        text24       0C3E
__ptext25                                        text25       0D2F
__ptext26                                        text26       050B
__ptext27                                        text27       0A44
__ptext28                                        text28       0B18
__ptext29                                        text29       0E15
__ptext3                                         text3        0F71
__ptext30                                        text30       023D
__ptext31                                        text31       09CB
__ptext32                                        text32       0A82
__ptext33                                        text33       0BD8
__ptext34                                        text34       0C76
__ptext35                                        text35       05D8
__ptext36                                        text36       09B7
__ptext37                                        text37       0679
__ptext38                                        text38       0A09
__ptext4                                         text4        09BC
__ptext5                                         text5        07A8
__ptext6                                         text6        0AEC
__ptext7                                         text7        0D71
__ptext8                                         text8        0A63
__ptext9                                         text9        07F5
__size_of_LCD_Init                               (abs)        0000
__size_of_LCD_command                            (abs)        0000
__size_of_LCD_set_cursor                         (abs)        0000
__size_of_LCD_set_port                           (abs)        0000
__size_of_LCD_write_char                         (abs)        0000
__size_of_LCD_write_string                       (abs)        0000
__size_of_SYST_Init                              (abs)        0000
__size_of_TMR1_Init                              (abs)        0000
__size_of___aldiv                                (abs)        0000
__size_of___lwdiv                                (abs)        0000
__size_of___lwmod                                (abs)        0000
__size_of___wmul                                 (abs)        0000
__size_of__calc_timer0_prescaler                 (abs)        0000
__size_of__crc_ccitt_update                      (abs)        0000
__size_of_atoi                                   (abs)        0000
__size_of_global_isr                             (abs)        0000
__size_of_isdigit                                (abs)        0000
__size_of_main                                   (abs)        0000
__size_of_memcpy                                 (abs)        0000
__size_of_parse_id_value                         (abs)        0000
__size_of_sprintf                                (abs)        0000
__size_of_strchr                                 (abs)        0000
__size_of_strcspn                                (abs)        0000
__size_of_strspn                                 (abs)        0000
__size_of_strtok                                 (abs)        0000
__size_of_vw_crc                                 (abs)        0000
__size_of_vw_have_message                        (abs)        0000
__size_of_vw_isr_tmr0                            (abs)        0000
__size_of_vw_pll                                 (abs)        0000
__size_of_vw_recv                                (abs)        0000
__size_of_vw_rx_start                            (abs)        0000
__size_of_vw_setup                               (abs)        0000
__size_of_vw_symbol_6to4                         (abs)        0000
__size_of_vw_tx_stop                             (abs)        0000
__size_ofi1___lwdiv                              (abs)        0000
__size_ofi1___lwmod                              (abs)        0000
__size_ofi1___wmul                               (abs)        0000
__size_ofi1_isdigit                              (abs)        0000
__size_ofi1_sprintf                              (abs)        0000
__stringbase                                     strings      0728
__stringtab                                      strings      0719
_adcBuffer_0                                     bssBANK3     0190
_adcBuffer_1                                     bssBANK3     01A4
_atoi                                            text18       0E78
_clockBuffer                                     bssBANK1     00D4
_dpowers                                         strings      074B
_global_isr                                      text29       0E15
_isdigit                                         text19       09E8
_isdigit$506                                     cstackBANK1  00A0
_main                                            maintext     0439
_memcpy                                          text8        0A63
_parse_id_value                                  text13       0AC6
_sprintf                                         text10       0031
_strchr                                          text17       0A26
_strcspn                                         text16       0B76
_strspn                                          text15       0BA7
_strtok                                          text14       0DBB
_symbols                                         strings      073B
_text                                            bssBANK1     00E3
_timerCounter                                    bssBANK0     0048
_vw_crc                                          text6        0AEC
_vw_have_message                                 text9        07F5
_vw_isr_tmr0                                     text35       05D8
_vw_pll                                          text37       0679
_vw_pll$266                                      cstackCOMMON 0078
_vw_recv                                         text5        07A8
_vw_rx_active                                    bssBANK0     0049
_vw_rx_bit_count                                 bssBANK0     004A
_vw_rx_bits                                      bssBANK0     0043
_vw_rx_count                                     bssBANK0     004B
_vw_rx_done                                      bssBANK0     004C
_vw_rx_enabled                                   bssBANK0     004D
_vw_rx_enabled_last                              bssBANK0     004E
_vw_rx_integrator                                bssBANK0     004F
_vw_rx_inverted                                  bssBANK0     0050
_vw_rx_last_sample                               bssBANK0     0051
_vw_rx_len                                       bssBANK0     0052
_vw_rx_pll_ramp                                  bssBANK0     0053
_vw_rx_sample                                    bssBANK0     0054
_vw_rx_start                                     text4        09BC
_vw_setup                                        text1        0CF0
_vw_symbol_6to4                                  text38       0A09
_vw_tmr0_value                                   bssBANK1     00ED
_vw_tx_bit                                       bssBANK0     0055
_vw_tx_buf                                       bssBANK3     01B8
_vw_tx_buf_header                                strings      0755
_vw_tx_enabled                                   bssBANK0     0056
_vw_tx_header                                    bssBANK0     0057
_vw_tx_index                                     bssBANK0     0058
_vw_tx_len                                       bssBANK0     0059
_vw_tx_sample                                    bssBANK0     005A
_vw_tx_stop                                      text36       09B7
atoi@a                                           cstackBANK1  00AB
atoi@s                                           cstackBANK1  00AD
atoi@sign                                        cstackBANK1  00AA
btemp                                            (abs)        007E
clear_ram0                                       clrtext      09C3
end_of_initialization                            cinit        002D
i1___lwdiv                                       text34       0C76
i1___lwdiv@counter                               cstackCOMMON 0077
i1___lwdiv@dividend                              cstackCOMMON 0072
i1___lwdiv@divisor                               cstackCOMMON 0070
i1___lwdiv@quotient                              cstackCOMMON 0075
i1___lwmod                                       text33       0BD8
i1___lwmod@counter                               cstackCOMMON 007D
i1___lwmod@dividend                              cstackCOMMON 007A
i1___lwmod@divisor                               cstackCOMMON 0078
i1___wmul                                        text32       0A82
i1___wmul@multiplicand                           cstackCOMMON 0072
i1___wmul@multiplier                             cstackCOMMON 0070
i1___wmul@product                                cstackCOMMON 0074
i1_isdigit                                       text31       09CB
i1_isdigit$506                                   cstackCOMMON 0070
i1_sprintf                                       text30       023D
i1isdigit@c                                      cstackCOMMON 0071
i1sprintf@ap                                     cstackBANK0  0030
i1sprintf@c                                      cstackBANK0  0037
i1sprintf@cp                                     cstackBANK0  0031
i1sprintf@f                                      cstackBANK0  0022
i1sprintf@flag                                   cstackBANK0  002C
i1sprintf@len                                    cstackBANK0  0033
i1sprintf@prec                                   cstackBANK0  002F
i1sprintf@sp                                     cstackBANK0  0020
i1sprintf@val                                    cstackBANK0  002D
i1sprintf@width                                  cstackBANK0  0035
interrupt_function                               intentry     0004
intlevel0                                        functab      0000
intlevel1                                        functab      0000
intlevel2                                        functab      0000
intlevel3                                        functab      0000
intlevel4                                        functab      0000
intlevel5                                        functab      0000
isdigit@c                                        cstackBANK1  00A1
main@id                                          cstackBANK1  00D2
main@int_id                                      cstackBANK1  00CF
main@len                                         cstackBANK1  00D1
main@value                                       cstackBANK1  00D3
memcpy@dest                                      cstackBANK1  00A6
memcpy@n                                         cstackBANK1  00A1
memcpy@src                                       cstackBANK1  00A0
parse_id_value@id                                cstackBANK1  00AE
parse_id_value@str                               cstackBANK1  00B2
parse_id_value@value                             cstackBANK1  00AF
reset_vec                                        reset_vec    0000
saved_w                                          (abs)        007E
sprintf@ap                                       cstackBANK1  00B9
sprintf@c                                        cstackBANK1  00C0
sprintf@cp                                       cstackBANK1  00BA
sprintf@f                                        cstackBANK1  00B0
sprintf@flag                                     cstackBANK1  00B5
sprintf@len                                      cstackBANK1  00BC
sprintf@prec                                     cstackBANK1  00B8
sprintf@sp                                       cstackBANK1  00AE
sprintf@val                                      cstackBANK1  00B6
sprintf@width                                    cstackBANK1  00BE
stackhi                                          (abs)        0000
stacklo                                          (abs)        0000
start                                            init         0012
start_initialization                             cinit        0015
strchr@chr                                       cstackBANK1  00A0
strchr@ptr                                       cstackBANK1  00A2
strcspn@i                                        cstackBANK1  00A7
strcspn@s1                                       cstackBANK1  00A9
strcspn@s2                                       cstackBANK1  00A3
strspn@i                                         cstackBANK1  00A7
strspn@s1                                        cstackBANK1  00A9
strspn@s2                                        cstackBANK1  00A3
strtok@s1                                        cstackBANK1  00AD
strtok@s2                                        cstackBANK1  00AA
strtok@sp                                        bssBANK0     005B
vw_crc@count                                     cstackBANK1  00B0
vw_crc@crc                                       cstackBANK1  00B4
vw_crc@ptr                                       cstackBANK1  00B3
vw_pll@this_byte                                 cstackCOMMON 007A
vw_recv@buf                                      cstackBANK1  00BA
vw_recv@len                                      cstackBANK1  00B6
vw_recv@rxlen                                    cstackBANK1  00BB
vw_setup@brate                                   cstackBANK1  00C5
vw_setup@prescaler_bits                          cstackBANK1  00CA
vw_setup@prescaler_value                         cstackBANK1  00CB
vw_symbol_6to4@i                                 cstackCOMMON 0072
vw_symbol_6to4@symbol                            cstackCOMMON 0071
wtemp0                                           (abs)        007E


FUNCTION INFORMATION:

 *************** function _main *****************
 Defined at:
		line 79 in file "main.c"
 Parameters:    Size  Location     Type
		None
 Auto vars:     Size  Location     Type
  int_id          2   47[BANK1 ] int 
  value           1   51[BANK1 ] PTR unsigned char 
		 -> text(10), NULL(0), 
  id              1   50[BANK1 ] PTR unsigned char 
		 -> text(10), NULL(0), 
  len             1   49[BANK1 ] unsigned char 
 Return value:  Size  Location     Type
                  1    wreg      void 
 Registers used:
		wreg, fsr0l, fsr0h, status,2, status,0, btemp+1, pclath, cstack
 Tracked objects:
		On entry : 
		On exit  : 
		Unchanged: 
 Data sizes:     COMMON   BANK0   BANK1   BANK3   BANK2
      Params:         0       0       0       0       0
      Locals:         0       0       5       0       0
      Temps:          0       0       2       0       0
      Totals:         0       0       7       0       0
Total ram usage:        7 bytes
 Hardware stack levels required when called:    9
 This function calls:
		_LCD_Init
		_LCD_set_cursor
		_LCD_write_string
		_SYST_Init
		_TMR1_Init
		_atoi
		_parse_id_value
		_sprintf
		_vw_have_message
		_vw_recv
		_vw_rx_start
		_vw_setup
 This function is called by:
		Startup code after reset
 This function uses a non-reentrant model


 *************** function _vw_setup *****************
 Defined at:
		line 123 in file "virtualwire.c"
 Parameters:    Size  Location     Type
  brate           2   37[BANK1 ] unsigned int 
 Auto vars:     Size  Location     Type
  prescaler_va    2   43[BANK1 ] unsigned int 
  prescaler_bi    1   42[BANK1 ] unsigned char 
 Return value:  Size  Location     Type
                  1    wreg      void 
 Registers used:
		wreg, fsr0l, fsr0h, status,2, status,0, btemp+1, pclath, cstack
 Tracked objects:
		On entry : 
		On exit  : 
		Unchanged: 
 Data sizes:     COMMON   BANK0   BANK1   BANK3   BANK2
      Params:         0       0       2       0       0
      Locals:         0       0       3       0       0
      Temps:          0       0       3       0       0
      Totals:         0       0       8       0       0
Total ram usage:        8 bytes
 Hardware stack levels used:    1
 Hardware stack levels required when called:    7
 This function calls:
		__calc_timer0_prescaler
 This function is called by:
		_main
 This function uses a non-reentrant model


 *************** function __calc_timer0_prescaler *****************
 Defined at:
		line 97 in file "virtualwire.c"
 Parameters:    Size  Location     Type
  brate           2   21[BANK1 ] unsigned int 
  prescaler_va    1   23[BANK1 ] PTR unsigned int 
		 -> vw_setup@prescaler_value(2), 
  prescaler_bi    1   24[BANK1 ] PTR unsigned char 
		 -> vw_setup@prescaler_bits(1), 
  k_tmr0          1   25[BANK1 ] PTR unsigned char 
		 -> vw_tmr0_value(1), 
 Auto vars:     Size  Location     Type
  aux_tmr0        2   34[BANK1 ] unsigned int 
  pindex          1   36[BANK1 ] unsigned char 
 Return value:  Size  Location     Type
                  1    wreg      unsigned char 
 Registers used:
		wreg, fsr0l, fsr0h, status,2, status,0, btemp+1, pclath, cstack
 Tracked objects:
		On entry : 
		On exit  : 
		Unchanged: 
 Data sizes:     COMMON   BANK0   BANK1   BANK3   BANK2
      Params:         0       0       5       0       0
      Locals:         0       0       3       0       0
      Temps:          0       0       8       0       0
      Totals:         0       0      16       0       0
Total ram usage:       16 bytes
 Hardware stack levels used:    1
 Hardware stack levels required when called:    6
 This function calls:
		___aldiv
		___wmul
 This function is called by:
		_vw_setup
 This function uses a non-reentrant model


 *************** function ___aldiv *****************
 Defined at:
		line 6 in file "C:\Program Files (x86)\Microchip\xc8\v1.40\sources\common\aldiv.c"
 Parameters:    Size  Location     Type
  divisor         4    6[BANK1 ] long 
  dividend        4   10[BANK1 ] long 
 Auto vars:     Size  Location     Type
  quotient        4   17[BANK1 ] long 
  sign            1   16[BANK1 ] unsigned char 
  counter         1   15[BANK1 ] unsigned char 
 Return value:  Size  Location     Type
                  4    6[BANK1 ] long 
 Registers used:
		wreg, status,2, status,0
 Tracked objects:
		On entry : 
		On exit  : 
		Unchanged: 
 Data sizes:     COMMON   BANK0   BANK1   BANK3   BANK2
      Params:         0       0       8       0       0
      Locals:         0       0       6       0       0
      Temps:          0       0       1       0       0
      Totals:         0       0      15       0       0
Total ram usage:       15 bytes
 Hardware stack levels used:    1
 Hardware stack levels required when called:    5
 This function calls:
		Nothing
 This function is called by:
		__calc_timer0_prescaler
 This function uses a non-reentrant model


 *************** function _vw_rx_start *****************
 Defined at:
		line 382 in file "virtualwire.c"
 Parameters:    Size  Location     Type
		None
 Auto vars:     Size  Location     Type
		None
 Return value:  Size  Location     Type
                  1    wreg      void 
 Registers used:
		None
 Tracked objects:
		On entry : 
		On exit  : 
		Unchanged: 
 Data sizes:     COMMON   BANK0   BANK1   BANK3   BANK2
      Params:         0       0       0       0       0
      Locals:         0       0       0       0       0
      Temps:          0       0       0       0       0
      Totals:         0       0       0       0       0
Total ram usage:        0 bytes
 Hardware stack levels used:    1
 Hardware stack levels required when called:    5
 This function calls:
		Nothing
 This function is called by:
		_main
 This function uses a non-reentrant model


 *************** function _vw_recv *****************
 Defined at:
		line 353 in file "virtualwire.c"
 Parameters:    Size  Location     Type
  buf             1    wreg     PTR unsigned char 
		 -> text(10), 
  len             1   22[BANK1 ] PTR unsigned char 
		 -> main@len(1), 
 Auto vars:     Size  Location     Type
  buf             1   26[BANK1 ] PTR unsigned char 
		 -> text(10), 
  rxlen           1   27[BANK1 ] unsigned char 
 Return value:  Size  Location     Type
                  1    wreg      unsigned char 
 Registers used:
		wreg, fsr0l, fsr0h, status,2, status,0, btemp+1, pclath, cstack
 Tracked objects:
		On entry : 
		On exit  : 
		Unchanged: 
 Data sizes:     COMMON   BANK0   BANK1   BANK3   BANK2
      Params:         0       0       1       0       0
      Locals:         0       0       2       0       0
      Temps:          0       0       3       0       0
      Totals:         0       0       6       0       0
Total ram usage:        6 bytes
 Hardware stack levels used:    1
 Hardware stack levels required when called:    7
 This function calls:
		_memcpy
		_vw_crc
 This function is called by:
		_main
 This function uses a non-reentrant model


 *************** function _vw_crc *****************
 Defined at:
		line 234 in file "virtualwire.c"
 Parameters:    Size  Location     Type
  ptr             1    wreg     PTR unsigned char 
		 -> vw_tx_buf(20), 
  count           1   16[BANK1 ] unsigned char 
 Auto vars:     Size  Location     Type
  ptr             1   19[BANK1 ] PTR unsigned char 
		 -> vw_tx_buf(20), 
  crc             2   20[BANK1 ] unsigned int 
 Return value:  Size  Location     Type
                  2   16[BANK1 ] unsigned int 
 Registers used:
		wreg, fsr0l, fsr0h, status,2, status,0, btemp+1, pclath, cstack
 Tracked objects:
		On entry : 
		On exit  : 
		Unchanged: 
 Data sizes:     COMMON   BANK0   BANK1   BANK3   BANK2
      Params:         0       0       2       0       0
      Locals:         0       0       3       0       0
      Temps:          0       0       1       0       0
      Totals:         0       0       6       0       0
Total ram usage:        6 bytes
 Hardware stack levels used:    1
 Hardware stack levels required when called:    6
 This function calls:
		__crc_ccitt_update
 This function is called by:
		_vw_recv
 This function uses a non-reentrant model


 *************** function __crc_ccitt_update *****************
 Defined at:
		line 51 in file "../_libs/crc16.h"
 Parameters:    Size  Location     Type
  crc             2    0[BANK1 ] unsigned int 
  data            1    2[BANK1 ] unsigned char 
 Auto vars:     Size  Location     Type
		None
 Return value:  Size  Location     Type
                  2    0[BANK1 ] unsigned int 
 Registers used:
		wreg, status,2, status,0, btemp+1
 Tracked objects:
		On entry : 
		On exit  : 
		Unchanged: 
 Data sizes:     COMMON   BANK0   BANK1   BANK3   BANK2
      Params:         0       0       3       0       0
      Locals:         0       0       0       0       0
      Temps:          0       0      13       0       0
      Totals:         0       0      16       0       0
Total ram usage:       16 bytes
 Hardware stack levels used:    1
 Hardware stack levels required when called:    5
 This function calls:
		Nothing
 This function is called by:
		_vw_crc
		_vw_send
 This function uses a non-reentrant model


 *************** function _memcpy *****************
 Defined at:
		line 6 in file "../_libs/string.h"
 Parameters:    Size  Location     Type
  dest            1    wreg     PTR unsigned char 
		 -> text(10), 
  src             1    0[BANK1 ] PTR unsigned char 
		 -> vw_tx_buf(20), 
  n               2    1[BANK1 ] unsigned int 
 Auto vars:     Size  Location     Type
  dest            1    6[BANK1 ] PTR unsigned char 
		 -> text(10), 
 Return value:  Size  Location     Type
                  1    wreg      PTR unsigned char 
 Registers used:
		wreg, fsr0l, fsr0h, status,2, status,0
 Tracked objects:
		On entry : 
		On exit  : 
		Unchanged: 
 Data sizes:     COMMON   BANK0   BANK1   BANK3   BANK2
      Params:         0       0       3       0       0
      Locals:         0       0       1       0       0
      Temps:          0       0       3       0       0
      Totals:         0       0       7       0       0
Total ram usage:        7 bytes
 Hardware stack levels used:    1
 Hardware stack levels required when called:    5
 This function calls:
		Nothing
 This function is called by:
		_vw_recv
 This function uses a non-reentrant model


 *************** function _vw_have_message *****************
 Defined at:
		line 348 in file "virtualwire.c"
 Parameters:    Size  Location     Type
		None
 Auto vars:     Size  Location     Type
		None
 Return value:  Size  Location     Type
                  1    wreg      unsigned char 
 Registers used:
		wreg, status,2, status,0
 Tracked objects:
		On entry : 
		On exit  : 
		Unchanged: 
 Data sizes:     COMMON   BANK0   BANK1   BANK3   BANK2
      Params:         0       0       0       0       0
      Locals:         0       0       0       0       0
      Temps:          0       0       0       0       0
      Totals:         0       0       0       0       0
Total ram usage:        0 bytes
 Hardware stack levels used:    1
 Hardware stack levels required when called:    5
 This function calls:
		Nothing
 This function is called by:
		_main
 This function uses a non-reentrant model


 *************** function _sprintf *****************
 Defined at:
		line 492 in file "C:\Program Files (x86)\Microchip\xc8\v1.40\sources\common\doprnt.c"
 Parameters:    Size  Location     Type
  sp              2   14[BANK1 ] PTR unsigned char 
		 -> adcBuffer_1(20), adcBuffer_0(20), clockBuffer(15), 
  f               1   16[BANK1 ] PTR const unsigned char 
		 -> STR_5(15), STR_4(13), STR_3(19), 
 Auto vars:     Size  Location     Type
  tmpval          4    0        struct .
  width           2   30[BANK1 ] int 
  len             2   28[BANK1 ] unsigned int 
  cp              2   26[BANK1 ] PTR const unsigned char 
		 -> STR_7(7), sprintf@c(1), text(10), NULL(0), 
  val             2   22[BANK1 ] unsigned int 
  c               1   32[BANK1 ] char 
  ap              1   25[BANK1 ] PTR void [1]
		 -> ?i1_sprintf(2), ?_sprintf(2), 
  prec            1   24[BANK1 ] char 
  flag            1   21[BANK1 ] unsigned char 
 Return value:  Size  Location     Type
                  2   14[BANK1 ] int 
 Registers used:
		wreg, fsr0l, fsr0h, status,2, status,0, btemp+1, pclath, cstack
 Tracked objects:
		On entry : 
		On exit  : 
		Unchanged: 
 Data sizes:     COMMON   BANK0   BANK1   BANK3   BANK2
      Params:         0       0       4       0       0
      Locals:         0       0      12       0       0
      Temps:          0       0       3       0       0
      Totals:         0       0      19       0       0
Total ram usage:       19 bytes
 Hardware stack levels used:    1
 Hardware stack levels required when called:    6
 This function calls:
		___lwdiv
		___lwmod
		___wmul
		_isdigit
 This function is called by:
		_main
 This function uses a non-reentrant model


 *************** function ___lwmod *****************
 Defined at:
		line 6 in file "C:\Program Files (x86)\Microchip\xc8\v1.40\sources\common\lwmod.c"
 Parameters:    Size  Location     Type
  divisor         2    8[BANK1 ] unsigned int 
  dividend        2   10[BANK1 ] unsigned int 
 Auto vars:     Size  Location     Type
  counter         1   13[BANK1 ] unsigned char 
 Return value:  Size  Location     Type
                  2    8[BANK1 ] unsigned int 
 Registers used:
		wreg, status,2, status,0
 Tracked objects:
		On entry : 
		On exit  : 
		Unchanged: 
 Data sizes:     COMMON   BANK0   BANK1   BANK3   BANK2
      Params:         0       0       4       0       0
      Locals:         0       0       1       0       0
      Temps:          0       0       1       0       0
      Totals:         0       0       6       0       0
Total ram usage:        6 bytes
 Hardware stack levels used:    1
 Hardware stack levels required when called:    5
 This function calls:
		Nothing
 This function is called by:
		_sprintf
 This function uses a non-reentrant model


 *************** function ___lwdiv *****************
 Defined at:
		line 6 in file "C:\Program Files (x86)\Microchip\xc8\v1.40\sources\common\lwdiv.c"
 Parameters:    Size  Location     Type
  divisor         2    0[BANK1 ] unsigned int 
  dividend        2    2[BANK1 ] unsigned int 
 Auto vars:     Size  Location     Type
  quotient        2    6[BANK1 ] unsigned int 
  counter         1    5[BANK1 ] unsigned char 
 Return value:  Size  Location     Type
                  2    0[BANK1 ] unsigned int 
 Registers used:
		wreg, status,2, status,0
 Tracked objects:
		On entry : 
		On exit  : 
		Unchanged: 
 Data sizes:     COMMON   BANK0   BANK1   BANK3   BANK2
      Params:         0       0       4       0       0
      Locals:         0       0       3       0       0
      Temps:          0       0       1       0       0
      Totals:         0       0       8       0       0
Total ram usage:        8 bytes
 Hardware stack levels used:    1
 Hardware stack levels required when called:    5
 This function calls:
		Nothing
 This function is called by:
		_sprintf
 This function uses a non-reentrant model


 *************** function _parse_id_value *****************
 Defined at:
		line 32 in file "main.c"
 Parameters:    Size  Location     Type
  str             1    wreg     PTR unsigned char 
		 -> text(10), 
  id              1   14[BANK1 ] PTR PTR unsigned char 
		 -> main@id(1), 
  value           1   15[BANK1 ] PTR PTR unsigned char 
		 -> main@value(1), 
 Auto vars:     Size  Location     Type
  str             1   18[BANK1 ] PTR unsigned char 
		 -> text(10), 
 Return value:  Size  Location     Type
                  1    wreg      void 
 Registers used:
		wreg, fsr0l, fsr0h, status,2, status,0, pclath, cstack
 Tracked objects:
		On entry : 
		On exit  : 
		Unchanged: 
 Data sizes:     COMMON   BANK0   BANK1   BANK3   BANK2
      Params:         0       0       2       0       0
      Locals:         0       0       1       0       0
      Temps:          0       0       2       0       0
      Totals:         0       0       5       0       0
Total ram usage:        5 bytes
 Hardware stack levels used:    1
 Hardware stack levels required when called:    8
 This function calls:
		_strtok
 This function is called by:
		_main
 This function uses a non-reentrant model


 *************** function _strtok *****************
 Defined at:
		line 8 in file "C:\Program Files (x86)\Microchip\xc8\v1.40\sources\common\strtok.c"
 Parameters:    Size  Location     Type
  s1              1    wreg     PTR unsigned char 
		 -> text(10), NULL(0), 
  s2              1   10[BANK1 ] PTR const unsigned char 
		 -> STR_2(2), STR_1(2), 
 Auto vars:     Size  Location     Type
  s1              1   13[BANK1 ] PTR unsigned char 
		 -> text(10), NULL(0), 
 Return value:  Size  Location     Type
                  1    wreg      PTR unsigned char 
 Registers used:
		wreg, fsr0l, fsr0h, status,2, status,0, pclath, cstack
 Tracked objects:
		On entry : 
		On exit  : 
		Unchanged: 
 Data sizes:     COMMON   BANK0   BANK1   BANK3   BANK2
      Params:         0       0       1       0       0
      Locals:         0       0       1       0       0
      Temps:          0       0       2       0       0
      Totals:         0       0       4       0       0
Total ram usage:        4 bytes
 Hardware stack levels used:    1
 Hardware stack levels required when called:    7
 This function calls:
		_strcspn
		_strspn
 This function is called by:
		_parse_id_value
 This function uses a non-reentrant model


 *************** function _strspn *****************
 Defined at:
		line 4 in file "C:\Program Files (x86)\Microchip\xc8\v1.40\sources\common\strspn.c"
 Parameters:    Size  Location     Type
  s1              1    wreg     PTR const unsigned char 
		 -> text(10), NULL(0), 
  s2              1    3[BANK1 ] PTR const unsigned char 
		 -> STR_2(2), STR_1(2), 
 Auto vars:     Size  Location     Type
  s1              1    9[BANK1 ] PTR const unsigned char 
		 -> text(10), NULL(0), 
  i               2    7[BANK1 ] unsigned int 
 Return value:  Size  Location     Type
                  2    3[BANK1 ] unsigned int 
 Registers used:
		wreg, fsr0l, fsr0h, status,2, status,0, pclath, cstack
 Tracked objects:
		On entry : 
		On exit  : 
		Unchanged: 
 Data sizes:     COMMON   BANK0   BANK1   BANK3   BANK2
      Params:         0       0       2       0       0
      Locals:         0       0       3       0       0
      Temps:          0       0       2       0       0
      Totals:         0       0       7       0       0
Total ram usage:        7 bytes
 Hardware stack levels used:    1
 Hardware stack levels required when called:    6
 This function calls:
		_strchr
 This function is called by:
		_strtok
 This function uses a non-reentrant model


 *************** function _strcspn *****************
 Defined at:
		line 4 in file "C:\Program Files (x86)\Microchip\xc8\v1.40\sources\common\strcspn.c"
 Parameters:    Size  Location     Type
  s1              1    wreg     PTR const unsigned char 
		 -> text(10), NULL(0), 
  s2              1    3[BANK1 ] PTR const unsigned char 
		 -> STR_2(2), STR_1(2), 
 Auto vars:     Size  Location     Type
  s1              1    9[BANK1 ] PTR const unsigned char 
		 -> text(10), NULL(0), 
  i               2    7[BANK1 ] unsigned int 
 Return value:  Size  Location     Type
                  2    3[BANK1 ] unsigned int 
 Registers used:
		wreg, fsr0l, fsr0h, status,2, status,0, pclath, cstack
 Tracked objects:
		On entry : 
		On exit  : 
		Unchanged: 
 Data sizes:     COMMON   BANK0   BANK1   BANK3   BANK2
      Params:         0       0       2       0       0
      Locals:         0       0       3       0       0
      Temps:          0       0       2       0       0
      Totals:         0       0       7       0       0
Total ram usage:        7 bytes
 Hardware stack levels used:    1
 Hardware stack levels required when called:    6
 This function calls:
		_strchr
 This function is called by:
		_strtok
 This function uses a non-reentrant model


 *************** function _strchr *****************
 Defined at:
		line 4 in file "C:\Program Files (x86)\Microchip\xc8\v1.40\sources\common\strchr.c"
 Parameters:    Size  Location     Type
  ptr             1    wreg     PTR const unsigned char 
		 -> STR_2(2), STR_1(2), 
  chr             2    0[BANK1 ] int 
 Auto vars:     Size  Location     Type
  ptr             1    2[BANK1 ] PTR const unsigned char 
		 -> STR_2(2), STR_1(2), 
 Return value:  Size  Location     Type
                  1    wreg      PTR unsigned char 
 Registers used:
		wreg, fsr0l, fsr0h, pclath
 Tracked objects:
		On entry : 
		On exit  : 
		Unchanged: 
 Data sizes:     COMMON   BANK0   BANK1   BANK3   BANK2
      Params:         0       0       2       0       0
      Locals:         0       0       1       0       0
      Temps:          0       0       0       0       0
      Totals:         0       0       3       0       0
Total ram usage:        3 bytes
 Hardware stack levels used:    1
 Hardware stack levels required when called:    5
 This function calls:
		Nothing
 This function is called by:
		_strcspn
		_strspn
 This function uses a non-reentrant model


 *************** function _atoi *****************
 Defined at:
		line 5 in file "C:\Program Files (x86)\Microchip\xc8\v1.40\sources\common\atoi.c"
 Parameters:    Size  Location     Type
  s               1    wreg     PTR const unsigned char 
		 -> text(10), NULL(0), 
 Auto vars:     Size  Location     Type
  s               1   13[BANK1 ] PTR const unsigned char 
		 -> text(10), NULL(0), 
  a               2   11[BANK1 ] int 
  sign            1   10[BANK1 ] unsigned char 
 Return value:  Size  Location     Type
                  2    6[BANK1 ] int 
 Registers used:
		wreg, fsr0l, fsr0h, status,2, status,0, pclath, cstack
 Tracked objects:
		On entry : 
		On exit  : 
		Unchanged: 
 Data sizes:     COMMON   BANK0   BANK1   BANK3   BANK2
      Params:         0       0       2       0       0
      Locals:         0       0       4       0       0
      Temps:          0       0       2       0       0
      Totals:         0       0       8       0       0
Total ram usage:        8 bytes
 Hardware stack levels used:    1
 Hardware stack levels required when called:    6
 This function calls:
		___wmul
		_isdigit
 This function is called by:
		_main
 This function uses a non-reentrant model


 *************** function _isdigit *****************
 Defined at:
		line 8 in file "C:\Program Files (x86)\Microchip\xc8\v1.40\sources\common\isdigit.c"
 Parameters:    Size  Location     Type
  c               1    wreg     unsigned char 
 Auto vars:     Size  Location     Type
  c               1    1[BANK1 ] unsigned char 
 Return value:  Size  Location     Type
		None               void
 Registers used:
		wreg, status,2, status,0
 Tracked objects:
		On entry : 
		On exit  : 
		Unchanged: 
 Data sizes:     COMMON   BANK0   BANK1   BANK3   BANK2
      Params:         0       0       0       0       0
      Locals:         0       0       2       0       0
      Temps:          0       0       0       0       0
      Totals:         0       0       2       0       0
Total ram usage:        2 bytes
 Hardware stack levels used:    1
 Hardware stack levels required when called:    5
 This function calls:
		Nothing
 This function is called by:
		_sprintf
		_atoi
 This function uses a non-reentrant model


 *************** function ___wmul *****************
 Defined at:
		line 15 in file "C:\Program Files (x86)\Microchip\xc8\v1.40\sources\common\Umul16.c"
 Parameters:    Size  Location     Type
  multiplier      2    0[BANK1 ] unsigned int 
  multiplicand    2    2[BANK1 ] unsigned int 
 Auto vars:     Size  Location     Type
  product         2    4[BANK1 ] unsigned int 
 Return value:  Size  Location     Type
                  2    0[BANK1 ] unsigned int 
 Registers used:
		wreg, status,2, status,0
 Tracked objects:
		On entry : 
		On exit  : 
		Unchanged: 
 Data sizes:     COMMON   BANK0   BANK1   BANK3   BANK2
      Params:         0       0       4       0       0
      Locals:         0       0       2       0       0
      Temps:          0       0       0       0       0
      Totals:         0       0       6       0       0
Total ram usage:        6 bytes
 Hardware stack levels used:    1
 Hardware stack levels required when called:    5
 This function calls:
		Nothing
 This function is called by:
		__calc_timer0_prescaler
		_sprintf
		_atoi
 This function uses a non-reentrant model


 *************** function _TMR1_Init *****************
 Defined at:
		line 49 in file "main.c"
 Parameters:    Size  Location     Type
		None
 Auto vars:     Size  Location     Type
		None
 Return value:  Size  Location     Type
                  1    wreg      void 
 Registers used:
		wreg, status,2, status,0
 Tracked objects:
		On entry : 
		On exit  : 
		Unchanged: 
 Data sizes:     COMMON   BANK0   BANK1   BANK3   BANK2
      Params:         0       0       0       0       0
      Locals:         0       0       0       0       0
      Temps:          0       0       0       0       0
      Totals:         0       0       0       0       0
Total ram usage:        0 bytes
 Hardware stack levels used:    1
 Hardware stack levels required when called:    5
 This function calls:
		Nothing
 This function is called by:
		_main
 This function uses a non-reentrant model


 *************** function _SYST_Init *****************
 Defined at:
		line 38 in file "main.c"
 Parameters:    Size  Location     Type
		None
 Auto vars:     Size  Location     Type
		None
 Return value:  Size  Location     Type
                  1    wreg      void 
 Registers used:
		wreg, status,2
 Tracked objects:
		On entry : 
		On exit  : 
		Unchanged: 
 Data sizes:     COMMON   BANK0   BANK1   BANK3   BANK2
      Params:         0       0       0       0       0
      Locals:         0       0       0       0       0
      Temps:          0       0       0       0       0
      Totals:         0       0       0       0       0
Total ram usage:        0 bytes
 Hardware stack levels used:    1
 Hardware stack levels required when called:    5
 This function calls:
		Nothing
 This function is called by:
		_main
 This function uses a non-reentrant model


 *************** function _LCD_write_string *****************
 Defined at:
		line 115 in file "lcd.h"
 Parameters:    Size  Location     Type
  str             2    3[BANK1 ] PTR unsigned char 
		 -> STR_6(19), adcBuffer_1(20), adcBuffer_0(20), clockBuffer(15), 
 Auto vars:     Size  Location     Type
  j               1    6[BANK1 ] unsigned char 
 Return value:  Size  Location     Type
                  1    wreg      void 
 Registers used:
		wreg, fsr0l, fsr0h, status,2, status,0, btemp+1, pclath, cstack
 Tracked objects:
		On entry : 
		On exit  : 
		Unchanged: 
 Data sizes:     COMMON   BANK0   BANK1   BANK3   BANK2
      Params:         0       0       2       0       0
      Locals:         0       0       1       0       0
      Temps:          0       0       1       0       0
      Totals:         0       0       4       0       0
Total ram usage:        4 bytes
 Hardware stack levels used:    1
 Hardware stack levels required when called:    7
 This function calls:
		_LCD_write_char
 This function is called by:
		_main
 This function uses a non-reentrant model


 *************** function _LCD_write_char *****************
 Defined at:
		line 100 in file "lcd.h"
 Parameters:    Size  Location     Type
  c               1    wreg     unsigned char 
 Auto vars:     Size  Location     Type
  c               1    2[BANK1 ] unsigned char 
 Return value:  Size  Location     Type
                  1    wreg      void 
 Registers used:
		wreg, status,2, status,0, pclath, cstack
 Tracked objects:
		On entry : 
		On exit  : 
		Unchanged: 
 Data sizes:     COMMON   BANK0   BANK1   BANK3   BANK2
      Params:         0       0       0       0       0
      Locals:         0       0       1       0       0
      Temps:          0       0       1       0       0
      Totals:         0       0       2       0       0
Total ram usage:        2 bytes
 Hardware stack levels used:    1
 Hardware stack levels required when called:    6
 This function calls:
		_LCD_set_port
 This function is called by:
		_LCD_write_string
 This function uses a non-reentrant model


 *************** function _LCD_set_cursor *****************
 Defined at:
		line 40 in file "lcd.h"
 Parameters:    Size  Location     Type
  row             1    wreg     unsigned char 
  column          1    4[BANK1 ] unsigned char 
 Auto vars:     Size  Location     Type
  row             1    7[BANK1 ] unsigned char 
  ddram_addres    1    6[BANK1 ] unsigned char 
 Return value:  Size  Location     Type
                  1    wreg      void 
 Registers used:
		wreg, status,2, status,0, pclath, cstack
 Tracked objects:
		On entry : 
		On exit  : 
		Unchanged: 
 Data sizes:     COMMON   BANK0   BANK1   BANK3   BANK2
      Params:         0       0       1       0       0
      Locals:         0       0       2       0       0
      Temps:          0       0       1       0       0
      Totals:         0       0       4       0       0
Total ram usage:        4 bytes
 Hardware stack levels used:    1
 Hardware stack levels required when called:    7
 This function calls:
		_LCD_command
 This function is called by:
		_main
 This function uses a non-reentrant model


 *************** function _LCD_Init *****************
 Defined at:
		line 56 in file "lcd.h"
 Parameters:    Size  Location     Type
		None
 Auto vars:     Size  Location     Type
		None
 Return value:  Size  Location     Type
                  1    wreg      void 
 Registers used:
		wreg, status,2, status,0, pclath, cstack
 Tracked objects:
		On entry : 
		On exit  : 
		Unchanged: 
 Data sizes:     COMMON   BANK0   BANK1   BANK3   BANK2
      Params:         0       0       0       0       0
      Locals:         0       0       0       0       0
      Temps:          0       0       2       0       0
      Totals:         0       0       2       0       0
Total ram usage:        2 bytes
 Hardware stack levels used:    1
 Hardware stack levels required when called:    7
 This function calls:
		_LCD_command
 This function is called by:
		_main
 This function uses a non-reentrant model


 *************** function _LCD_command *****************
 Defined at:
		line 24 in file "lcd.h"
 Parameters:    Size  Location     Type
  command         1    wreg     unsigned char 
 Auto vars:     Size  Location     Type
  command         1    3[BANK1 ] unsigned char 
 Return value:  Size  Location     Type
                  1    wreg      void 
 Registers used:
		wreg, status,2, status,0, pclath, cstack
 Tracked objects:
		On entry : 
		On exit  : 
		Unchanged: 
 Data sizes:     COMMON   BANK0   BANK1   BANK3   BANK2
      Params:         0       0       0       0       0
      Locals:         0       0       1       0       0
      Temps:          0       0       2       0       0
      Totals:         0       0       3       0       0
Total ram usage:        3 bytes
 Hardware stack levels used:    1
 Hardware stack levels required when called:    6
 This function calls:
		_LCD_set_port
 This function is called by:
		_LCD_set_cursor
		_LCD_Init
		_LCD_clear
		_LCD_shift_right
		_LCD_shift_left
 This function uses a non-reentrant model


 *************** function _LCD_set_port *****************
 Defined at:
		line 8 in file "lcd.h"
 Parameters:    Size  Location     Type
  value_4_bit     1    wreg     unsigned char 
 Auto vars:     Size  Location     Type
  value_4_bit     1    0[BANK1 ] unsigned char 
 Return value:  Size  Location     Type
                  1    wreg      void 
 Registers used:
		wreg
 Tracked objects:
		On entry : 
		On exit  : 
		Unchanged: 
 Data sizes:     COMMON   BANK0   BANK1   BANK3   BANK2
      Params:         0       0       0       0       0
      Locals:         0       0       1       0       0
      Temps:          0       0       0       0       0
      Totals:         0       0       1       0       0
Total ram usage:        1 bytes
 Hardware stack levels used:    1
 Hardware stack levels required when called:    5
 This function calls:
		Nothing
 This function is called by:
		_LCD_command
		_LCD_write_char
 This function uses a non-reentrant model


 *************** function _global_isr *****************
 Defined at:
		line 58 in file "main.c"
 Parameters:    Size  Location     Type
		None
 Auto vars:     Size  Location     Type
		None
 Return value:  Size  Location     Type
                  1    wreg      void 
 Registers used:
		wreg, fsr0l, fsr0h, status,2, status,0, btemp+1, pclath, cstack
 Tracked objects:
		On entry : 
		On exit  : 
		Unchanged: 
 Data sizes:     COMMON   BANK0   BANK1   BANK3   BANK2
      Params:         0       0       0       0       0
      Locals:         0       0       0       0       0
      Temps:          0      11       0       0       0
      Totals:         0      11       0       0       0
Total ram usage:       11 bytes
 Hardware stack levels used:    1
 Hardware stack levels required when called:    4
 This function calls:
		_vw_isr_tmr0
		i1_sprintf
 This function is called by:
		Interrupt level 1
 This function uses a non-reentrant model


 *************** function i1_sprintf *****************
 Defined at:
		line 492 in file "C:\Program Files (x86)\Microchip\xc8\v1.40\sources\common\doprnt.c"
 Parameters:    Size  Location     Type
  sp              2    0[BANK0 ] PTR unsigned char 
		 -> adcBuffer_1(20), adcBuffer_0(20), clockBuffer(15), 
  f               1    2[BANK0 ] PTR const unsigned char 
		 -> STR_5(15), STR_4(13), STR_3(19), 
 Auto vars:     Size  Location     Type
  sprintf         4    0        struct .
  sprintf         2   21[BANK0 ] int 
  sprintf         2   19[BANK0 ] unsigned int 
  sprintf         2   17[BANK0 ] PTR const unsigned char 
		 -> STR_7(7), sprintf@c(1), text(10), NULL(0), 
  sprintf         2   13[BANK0 ] unsigned int 
  sprintf         1   23[BANK0 ] char 
  sprintf         1   16[BANK0 ] PTR void [1]
		 -> ?i1_sprintf(2), ?_sprintf(2), 
  sprintf         1   15[BANK0 ] char 
  sprintf         1   12[BANK0 ] unsigned char 
 Return value:  Size  Location     Type
                  2    0[BANK0 ] int 
 Registers used:
		wreg, fsr0l, fsr0h, status,2, status,0, btemp+1, pclath, cstack
 Tracked objects:
		On entry : 
		On exit  : 
		Unchanged: 
 Data sizes:     COMMON   BANK0   BANK1   BANK3   BANK2
      Params:         0       9       0       0       0
      Locals:         0      12       0       0       0
      Temps:          0       3       0       0       0
      Totals:         0      24       0       0       0
Total ram usage:       24 bytes
 Hardware stack levels used:    1
 Hardware stack levels required when called:    1
 This function calls:
		i1___lwdiv
		i1___lwmod
		i1___wmul
		i1_isdigit
 This function is called by:
		_global_isr
 This function uses a non-reentrant model


 *************** function i1_isdigit *****************
 Defined at:
		line 8 in file "C:\Program Files (x86)\Microchip\xc8\v1.40\sources\common\isdigit.c"
 Parameters:    Size  Location     Type
  c               1    wreg     unsigned char 
 Auto vars:     Size  Location     Type
  c               1    1[COMMON] unsigned char 
 Return value:  Size  Location     Type
		None               void
 Registers used:
		wreg, status,2, status,0
 Tracked objects:
		On entry : 
		On exit  : 
		Unchanged: 
 Data sizes:     COMMON   BANK0   BANK1   BANK3   BANK2
      Params:         0       0       0       0       0
      Locals:         2       0       0       0       0
      Temps:          0       0       0       0       0
      Totals:         2       0       0       0       0
Total ram usage:        2 bytes
 Hardware stack levels used:    1
 This function calls:
		Nothing
 This function is called by:
		i1_sprintf
 This function uses a non-reentrant model


 *************** function i1___wmul *****************
 Defined at:
		line 15 in file "C:\Program Files (x86)\Microchip\xc8\v1.40\sources\common\Umul16.c"
 Parameters:    Size  Location     Type
  multiplier      2    0[COMMON] unsigned int 
  multiplicand    2    2[COMMON] unsigned int 
 Auto vars:     Size  Location     Type
  __wmul          2    4[COMMON] unsigned int 
 Return value:  Size  Location     Type
                  2    0[COMMON] unsigned int 
 Registers used:
		wreg, status,2, status,0
 Tracked objects:
		On entry : 
		On exit  : 
		Unchanged: 
 Data sizes:     COMMON   BANK0   BANK1   BANK3   BANK2
      Params:         4       0       0       0       0
      Locals:         2       0       0       0       0
      Temps:          0       0       0       0       0
      Totals:         6       0       0       0       0
Total ram usage:        6 bytes
 Hardware stack levels used:    1
 This function calls:
		Nothing
 This function is called by:
		i1_sprintf
 This function uses a non-reentrant model


 *************** function i1___lwmod *****************
 Defined at:
		line 6 in file "C:\Program Files (x86)\Microchip\xc8\v1.40\sources\common\lwmod.c"
 Parameters:    Size  Location     Type
  divisor         2    8[COMMON] unsigned int 
  dividend        2   10[COMMON] unsigned int 
 Auto vars:     Size  Location     Type
  __lwmod         1   13[COMMON] unsigned char 
 Return value:  Size  Location     Type
                  2    8[COMMON] unsigned int 
 Registers used:
		wreg, status,2, status,0
 Tracked objects:
		On entry : 
		On exit  : 
		Unchanged: 
 Data sizes:     COMMON   BANK0   BANK1   BANK3   BANK2
      Params:         4       0       0       0       0
      Locals:         1       0       0       0       0
      Temps:          1       0       0       0       0
      Totals:         6       0       0       0       0
Total ram usage:        6 bytes
 Hardware stack levels used:    1
 This function calls:
		Nothing
 This function is called by:
		i1_sprintf
 This function uses a non-reentrant model


 *************** function i1___lwdiv *****************
 Defined at:
		line 6 in file "C:\Program Files (x86)\Microchip\xc8\v1.40\sources\common\lwdiv.c"
 Parameters:    Size  Location     Type
  divisor         2    0[COMMON] unsigned int 
  dividend        2    2[COMMON] unsigned int 
 Auto vars:     Size  Location     Type
  __lwdiv         2    5[COMMON] unsigned int 
  __lwdiv         1    7[COMMON] unsigned char 
 Return value:  Size  Location     Type
                  2    0[COMMON] unsigned int 
 Registers used:
		wreg, status,2, status,0
 Tracked objects:
		On entry : 
		On exit  : 
		Unchanged: 
 Data sizes:     COMMON   BANK0   BANK1   BANK3   BANK2
      Params:         4       0       0       0       0
      Locals:         3       0       0       0       0
      Temps:          1       0       0       0       0
      Totals:         8       0       0       0       0
Total ram usage:        8 bytes
 Hardware stack levels used:    1
 This function calls:
		Nothing
 This function is called by:
		i1_sprintf
 This function uses a non-reentrant model


 *************** function _vw_isr_tmr0 *****************
 Defined at:
		line 388 in file "virtualwire.c"
 Parameters:    Size  Location     Type
		None
 Auto vars:     Size  Location     Type
		None
 Return value:  Size  Location     Type
                  1    wreg      void 
 Registers used:
		wreg, fsr0l, fsr0h, status,2, status,0, pclath, cstack
 Tracked objects:
		On entry : 
		On exit  : 
		Unchanged: 
 Data sizes:     COMMON   BANK0   BANK1   BANK3   BANK2
      Params:         0       0       0       0       0
      Locals:         0       0       0       0       0
      Temps:          2       0       0       0       0
      Totals:         2       0       0       0       0
Total ram usage:        2 bytes
 Hardware stack levels used:    1
 Hardware stack levels required when called:    3
 This function calls:
		_vw_pll
		_vw_tx_stop
 This function is called by:
		_global_isr
 This function uses a non-reentrant model


 *************** function _vw_tx_stop *****************
 Defined at:
		line 162 in file "virtualwire.c"
 Parameters:    Size  Location     Type
		None
 Auto vars:     Size  Location     Type
		None
 Return value:  Size  Location     Type
                  1    wreg      void 
 Registers used:
		status,2
 Tracked objects:
		On entry : 
		On exit  : 
		Unchanged: 
 Data sizes:     COMMON   BANK0   BANK1   BANK3   BANK2
      Params:         0       0       0       0       0
      Locals:         0       0       0       0       0
      Temps:          0       0       0       0       0
      Totals:         0       0       0       0       0
Total ram usage:        0 bytes
 Hardware stack levels used:    1
 This function calls:
		Nothing
 This function is called by:
		_vw_isr_tmr0
 This function uses a non-reentrant model


 *************** function _vw_pll *****************
 Defined at:
		line 262 in file "virtualwire.c"
 Parameters:    Size  Location     Type
		None
 Auto vars:     Size  Location     Type
  this_byte       1   10[COMMON] unsigned char 
 Return value:  Size  Location     Type
                  1    wreg      void 
 Registers used:
		wreg, fsr0l, fsr0h, status,2, status,0, pclath, cstack
 Tracked objects:
		On entry : 
		On exit  : 
		Unchanged: 
 Data sizes:     COMMON   BANK0   BANK1   BANK3   BANK2
      Params:         0       0       0       0       0
      Locals:         3       0       0       0       0
      Temps:          5       0       0       0       0
      Totals:         8       0       0       0       0
Total ram usage:        8 bytes
 Hardware stack levels used:    1
 Hardware stack levels required when called:    2
 This function calls:
		_vw_symbol_6to4
 This function is called by:
		_vw_isr_tmr0
 This function uses a non-reentrant model


 *************** function _vw_symbol_6to4 *****************
 Defined at:
		line 245 in file "virtualwire.c"
 Parameters:    Size  Location     Type
  symbol          1    wreg     unsigned char 
 Auto vars:     Size  Location     Type
  symbol          1    1[COMMON] unsigned char 
  i               1    2[COMMON] unsigned char 
 Return value:  Size  Location     Type
                  1    wreg      unsigned char 
 Registers used:
		wreg, fsr0l, fsr0h, status,2, status,0, pclath
 Tracked objects:
		On entry : 
		On exit  : 
		Unchanged: 
 Data sizes:     COMMON   BANK0   BANK1   BANK3   BANK2
      Params:         0       0       0       0       0
      Locals:         2       0       0       0       0
      Temps:          1       0       0       0       0
      Totals:         3       0       0       0       0
Total ram usage:        3 bytes
 Hardware stack levels used:    2
 This function calls:
		Nothing
 This function is called by:
		_vw_pll
 This function uses a non-reentrant model



MODULE INFORMATION

Module		Function		Class		Link	Load	Size
C:\Program Files (x86)\Microchip\xc8\v1.40\sources\common\doprnt.c
		_sprintf       		CODE           	0031	0000	525

C:\Program Files (x86)\Microchip\xc8\v1.40\sources\common\doprnt.c estimated size: 525

C:\Program Files (x86)\Microchip\xc8\v1.40\sources\common\strspn.c
		_strspn        		CODE           	0BA7	0000	50

C:\Program Files (x86)\Microchip\xc8\v1.40\sources\common\strspn.c estimated size: 50

C:\Program Files (x86)\Microchip\xc8\v1.40\sources\common\Umul16.c
		___wmul        		CODE           	0AA3	0000	36

C:\Program Files (x86)\Microchip\xc8\v1.40\sources\common\Umul16.c estimated size: 36

C:\Program Files (x86)\Microchip\xc8\v1.40\sources\common\lwmod.c
		___lwmod       		CODE           	0C0A	0000	53

C:\Program Files (x86)\Microchip\xc8\v1.40\sources\common\lwmod.c estimated size: 53

C:\Program Files (x86)\Microchip\xc8\v1.40\sources\common\strcspn.c
		_strcspn       		CODE           	0B76	0000	50

C:\Program Files (x86)\Microchip\xc8\v1.40\sources\common\strcspn.c estimated size: 50

C:\Program Files (x86)\Microchip\xc8\v1.40\sources\common\isdigit.c
		_isdigit       		CODE           	09E8	0000	17

C:\Program Files (x86)\Microchip\xc8\v1.40\sources\common\isdigit.c estimated size: 17

C:\Program Files (x86)\Microchip\xc8\v1.40\sources\common\strtok.c
		_strtok        		CODE           	0DBB	0000	91

C:\Program Files (x86)\Microchip\xc8\v1.40\sources\common\strtok.c estimated size: 91

shared
		__stringtab    		STRING         	0719	0000	17
		i1___lwdiv     		CODE           	0C76	0000	61
		_dpowers       		STRING         	074B	0000	11
		i1_isdigit     		CODE           	09CB	0000	15
		__calc_timer0_prescaler@prescaler_factor		STRING         	0729	0000	19
		_symbols       		STRING         	073B	0000	17
		i1___wmul      		CODE           	0A82	0000	34
		i1___lwmod     		CODE           	0BD8	0000	51
		__initialization		CODE           	0015	0000	25
		i1_sprintf     		CODE           	023D	0000	509
		_vw_tx_buf_header		STRING         	0755	0000	9

shared estimated size: 768

C:\Program Files (x86)\Microchip\xc8\v1.40\sources\common\atoi.c
		_atoi          		CODE           	0E78	0000	114

C:\Program Files (x86)\Microchip\xc8\v1.40\sources\common\atoi.c estimated size: 114

lcd.h
		_LCD_set_cursor		CODE           	0D2F	0000	67
		_LCD_Init      		CODE           	050B	0000	206
		_LCD_write_string		CODE           	0B46	0000	49
		_LCD_write_char		CODE           	0C3E	0000	57
		_LCD_command   		CODE           	0A44	0000	32
		_LCD_set_port  		CODE           	0B18	0000	47

lcd.h estimated size: 458

virtualwire.c
		_vw_crc        		CODE           	0AEC	0000	45
		_vw_have_message		CODE           	07F5	0000	10
		_vw_rx_start   		CODE           	09BC	0000	8
		_vw_pll        		CODE           	0679	0000	161
		_vw_isr_tmr0   		CODE           	05D8	0000	162
		_vw_recv       		CODE           	07A8	0000	78
		_vw_tx_stop    		CODE           	09B7	0000	6
		_vw_setup      		CODE           	0CF0	0000	64
		__calc_timer0_prescaler		CODE           	0EE9	0000	137
		_vw_symbol_6to4		CODE           	0A09	0000	30

virtualwire.c estimated size: 701

../_libs/crc16.h
		__crc_ccitt_update		CODE           	0D71	0000	75

../_libs/crc16.h estimated size: 75

C:\Program Files (x86)\Microchip\xc8\v1.40\sources\common\lwdiv.c
		___lwdiv       		CODE           	0CB2	0000	63

C:\Program Files (x86)\Microchip\xc8\v1.40\sources\common\lwdiv.c estimated size: 63

main.c
		_main          		CODE           	0439	0000	211
		_TMR1_Init     		CODE           	09D9	0000	16
		_parse_id_value		CODE           	0AC6	0000	39
		_SYST_Init     		CODE           	09F8	0000	18
		_global_isr    		CODE           	0E15	0000	100

main.c estimated size: 384

../_libs/string.h
		_memcpy        		CODE           	0A63	0000	32

../_libs/string.h estimated size: 32

C:\Program Files (x86)\Microchip\xc8\v1.40\sources\common\aldiv.c
		___aldiv       		CODE           	0F71	0000	144

C:\Program Files (x86)\Microchip\xc8\v1.40\sources\common\aldiv.c estimated size: 144

C:\Program Files (x86)\Microchip\xc8\v1.40\sources\common\strchr.c
		_strchr        		CODE           	0A26	0000	31

C:\Program Files (x86)\Microchip\xc8\v1.40\sources\common\strchr.c estimated size: 31

