Microchip MPLAB XC8 Compiler V1.40 ()

Linker command line:

-W-3 --edf=C:\Program Files (x86)\Microchip\xc8\v1.40\dat\en_msgs.txt -cs \
  -h+dist/default/production\PIC16F876A_wireless.X.production.sym \
  --cmf=dist/default/production\PIC16F876A_wireless.X.production.cmf -z \
  -Q16F876A -oC:\Users\peaceful\AppData\Local\Temp\s2i8.2 \
  -Mdist/default/production/PIC16F876A_wireless.X.production.map -E1 \
  -ver=XC8 -ASTACK=0110h-016fh -pstack=STACK -ACODE=00h-07FFhx4 \
  -ASTRCODE=00h-01FFFh -ASTRING=00h-0FFhx32 -ACONST=00h-0FFhx32 \
  -AENTRY=00h-0FFhx32 -ACOMMON=070h-07Fh -ABANK0=020h-06Fh \
  -ABANK1=0A0h-0EFh -ABANK2=0110h-016Fh -ABANK3=0190h-01EFh \
  -ARAM=020h-06Fh,0A0h-0EFh,0110h-016Fh,0190h-01EFh \
  -AABS1=020h-07Fh,0A0h-0EFh,0110h-016Fh,0190h-01EFh -ASFR0=00h-01Fh \
  -ASFR1=080h-09Fh -ASFR2=0100h-010Fh -ASFR3=0180h-018Fh \
  -preset_vec=00h,intentry=04h,init,end_init -ppowerup=CODE -pcinit=CODE \
  -pfunctab=CODE -ACONFIG=02007h-02007h -pconfig=CONFIG -DCONFIG=2 \
  -AIDLOC=02000h-02003h -pidloc=IDLOC -DIDLOC=2 -AEEDATA=00h-0FFh/02100h \
  -peeprom_data=EEDATA -DEEDATA=2 -DCODE=2 -DSTRCODE=2 -DSTRING=2 -DCONST=2 \
  -DENTRY=2 -k C:\Users\peaceful\AppData\Local\Temp\s2i8.obj \
  dist/default/production\PIC16F876A_wireless.X.production.obj 

Object code version is 3.11

Machine type is 16F876A



                Name                               Link     Load   Length Selector   Space Scale
C:\Users\peaceful\AppData\Local\Temp\s2i8.obj
                end_init                             12       12        3        8       0
                reset_vec                             0        0        3        0       0
                config                             2007     2007        1     400E       0
dist/default/production\PIC16F876A_wireless.X.production.obj
                cinit                                15       15       14        8       0
                intentry                              4        4        E        8       0
                text17                              629      629       1D      BA4       0
                text16                              231      231       A2        8       0
                text15                              681      681        5      BA4       0
                text14                              2D3      2D3       94        8       0
                text13                              646      646       14      BA4       0
                text12                              65A      65A        F      BA4       0
                text11                              557      557       3E        8       0
                text10                              5D2      5D2       34      BA4       0
                text9                               15B      15B       D6        8       0
                text8                               4C8      4C8       4A        8       0
                text7                               669      669        A      BA4       0
                text6                               67B      67B        6      BA4       0
                text5                                29       29      132        8       0
                text4                               367      367       8F        8       0
                text3                               606      606       23      BA4       0
                text2                               3F6      3F6       88        8       0
                text1                               512      512       45        8       0
                maintext                            47E      47E       4A        8       0
                cstackBANK0                          20       20       34       20       1
                cstackCOMMON                         70       70        D       70       1
                cstackBANK1                          D0       D0        6       A0       1
                clrtext                             673      673        8      BA4       0
                bssBANK1                             A0       A0       30       A0       1
                bssBANK0                             54       54       13       20       1
                bssCOMMON                            7D       7D        1       70       1
                strings                             595      595       3D      B2A       0

TOTAL           Name                               Link     Load   Length     Space
        CLASS   STACK          

        CLASS   CODE           
                end_init                             12       12        3         0
                cinit                                15       15       14         0
                intentry                              4        4        E         0
                reset_vec                             0        0        3         0
                text17                              629      629       1D         0
                text16                              231      231       A2         0
                text15                              681      681        5         0
                text14                              2D3      2D3       94         0
                text13                              646      646       14         0
                text12                              65A      65A        F         0
                text11                              557      557       3E         0
                text10                              5D2      5D2       34         0
                text9                               15B      15B       D6         0
                text8                               4C8      4C8       4A         0
                text7                               669      669        A         0
                text6                               67B      67B        6         0
                text5                                29       29      132         0
                text4                               367      367       8F         0
                text3                               606      606       23         0
                text2                               3F6      3F6       88         0
                text1                               512      512       45         0
                maintext                            47E      47E       4A         0
                clrtext                             673      673        8         0

        CLASS   STRCODE        

        CLASS   STRING         
                strings                             595      595       3D         0

        CLASS   CONST          

        CLASS   ENTRY          

        CLASS   COMMON         
                cstackCOMMON                         70       70        D         1
                bssCOMMON                            7D       7D        1         1

        CLASS   BANK0          
                cstackBANK0                          20       20       34         1
                bssBANK0                             54       54       13         1

        CLASS   BANK1          
                cstackBANK1                          D0       D0        6         1
                bssBANK1                             A0       A0       30         1

        CLASS   BANK2          

        CLASS   BANK3          

        CLASS   RAM            

        CLASS   ABS1           
                abs_s1                               7E       7E        2         1

        CLASS   SFR0           

        CLASS   SFR1           

        CLASS   SFR2           

        CLASS   SFR3           

        CLASS   CONFIG         
                config                             2007     2007        1         0

        CLASS   IDLOC          

        CLASS   EEDATA         



SEGMENTS        Name                           Load    Length   Top    Selector   Space  Class     Delta

                reset_vec                      000000  000003  000003         0       0  CODE        2
                intentry                       000004  000591  000595         8       0  CODE        2
                cstackBANK0                    000020  000047  000067        20       1  BANK0       1
                cstackCOMMON                   000070  00000E  00007E        70       1  COMMON      1
                bssBANK1                       0000A0  000036  0000D6        A0       1  BANK1       1
                strings                        000595  00003D  0005D2       B2A       0  STRING      2
                text10                         0005D2  0000B4  000686       BA4       0  CODE        2
                config                         002007  000001  002008      400E       0  CONFIG      2


UNUSED ADDRESS RANGES

        Name                Unused          Largest block    Delta
        BANK0            0067-006F              9           1
        BANK1            00D6-00EF             1A           1
        BANK2            0110-016F             60           1
        BANK3            0190-01EF             60           1
        CODE             0003-0003              1           2
                         0686-1FFF            800
        CONST            0003-0003              1           2
                         0686-1FFF            100
        EEDATA           2100-21FF            100           2
        ENTRY            0003-0003              1           2
                         0686-1FFF            100
        IDLOC            2000-2003              4           2
        RAM              0067-006F              9           1
                         00D6-00EF             1A
                         0110-016F             60
                         0190-01EF             60
        SFR0             0000-001F             20           1
        SFR1             0080-009F             20           1
        SFR2             0100-010F             10           1
        SFR3             0180-018F             10           1
        STACK            0110-016F             60           1
        STRCODE          0003-0003              1           2
                         0686-1FFF           197A
        STRING           0003-0003              1           2
                         0686-1FFF            100

                                  Symbol Table

?___aldiv                                        cstackBANK0  002A
?___lwdiv                                        cstackBANK0  0024
?___lwmod                                        cstackBANK0  002C
?___wmul                                         cstackBANK0  0024
?__crc_ccitt_update                              cstackBANK0  0024
?_sprintf                                        cstackBANK0  0032
_GIE                                             (abs)        005F
_OPTION_REG                                      (abs)        0081
_PEIE                                            (abs)        005E
_RB3                                             (abs)        0033
_RB4                                             (abs)        0034
_T0CS                                            (abs)        040D
_TMR0                                            (abs)        0001
_TMR0IE                                          (abs)        005D
_TMR0IF                                          (abs)        005A
_TRISB3                                          (abs)        0433
_TRISB4                                          (abs)        0434
__CFG_BOREN$ON                                   (abs)        0000
__CFG_CP$OFF                                     (abs)        0000
__CFG_CPD$OFF                                    (abs)        0000
__CFG_FOSC$HS                                    (abs)        0000
__CFG_LVP$OFF                                    (abs)        0000
__CFG_PWRTE$OFF                                  (abs)        0000
__CFG_WDTE$OFF                                   (abs)        0000
__CFG_WRT$OFF                                    (abs)        0000
__Habs1                                          abs1         0000
__Hbank0                                         bank0        0000
__Hbank1                                         bank1        0000
__Hbank2                                         bank2        0000
__Hbank3                                         bank3        0000
__HbssBANK0                                      bssBANK0     0000
__HbssBANK1                                      bssBANK1     0000
__HbssCOMMON                                     bssCOMMON    0000
__Hcinit                                         cinit        0029
__Hclrtext                                       clrtext      0000
__Hcode                                          code         0000
__Hcommon                                        common       0000
__Hconfig                                        config       2008
__HcstackBANK0                                   cstackBANK0  0000
__HcstackBANK1                                   cstackBANK1  0000
__HcstackCOMMON                                  cstackCOMMON 0000
__Heeprom_data                                   eeprom_data  0000
__Hend_init                                      end_init     0015
__Hfunctab                                       functab      0000
__Hidloc                                         idloc        0000
__Hinit                                          init         0012
__Hintentry                                      intentry     0012
__Hmaintext                                      maintext     0000
__Hpowerup                                       powerup      0000
__Hram                                           ram          0000
__Hreset_vec                                     reset_vec    0003
__Hsfr0                                          sfr0         0000
__Hsfr1                                          sfr1         0000
__Hsfr2                                          sfr2         0000
__Hsfr3                                          sfr3         0000
__Hspace_0                                       (abs)        2008
__Hspace_1                                       (abs)        00D6
__Hspace_2                                       (abs)        0000
__Hspace_3                                       (abs)        0000
__Hstack                                         stack        0000
__Hstrings                                       strings      0000
__Htext                                          text         0000
__Labs1                                          abs1         0000
__Lbank0                                         bank0        0000
__Lbank1                                         bank1        0000
__Lbank2                                         bank2        0000
__Lbank3                                         bank3        0000
__LbssBANK0                                      bssBANK0     0000
__LbssBANK1                                      bssBANK1     0000
__LbssCOMMON                                     bssCOMMON    0000
__Lcinit                                         cinit        0015
__Lclrtext                                       clrtext      0000
__Lcode                                          code         0000
__Lcommon                                        common       0000
__Lconfig                                        config       2007
__LcstackBANK0                                   cstackBANK0  0000
__LcstackBANK1                                   cstackBANK1  0000
__LcstackCOMMON                                  cstackCOMMON 0000
__Leeprom_data                                   eeprom_data  0000
__Lend_init                                      end_init     0012
__Lfunctab                                       functab      0000
__Lidloc                                         idloc        0000
__Linit                                          init         0012
__Lintentry                                      intentry     0004
__Lmaintext                                      maintext     0000
__Lpowerup                                       powerup      0000
__Lram                                           ram          0000
__Lreset_vec                                     reset_vec    0000
__Lsfr0                                          sfr0         0000
__Lsfr1                                          sfr1         0000
__Lsfr2                                          sfr2         0000
__Lsfr3                                          sfr3         0000
__Lspace_0                                       (abs)        0000
__Lspace_1                                       (abs)        0000
__Lspace_2                                       (abs)        0000
__Lspace_3                                       (abs)        0000
__Lstack                                         stack        0000
__Lstrings                                       strings      0000
__Ltext                                          text         0000
__S0                                             (abs)        2008
__S1                                             (abs)        00D6
__S2                                             (abs)        0000
__S3                                             (abs)        0000
___aldiv                                         text4        0367
___aldiv@counter                                 cstackBANK0  0033
___aldiv@dividend                                cstackBANK0  002E
___aldiv@divisor                                 cstackBANK0  002A
___aldiv@quotient                                cstackBANK0  0035
___aldiv@sign                                    cstackBANK0  0034
___int_sp                                        stack        0000
___latbits                                       (abs)        0002
___lwdiv                                         text11       0557
___lwdiv@counter                                 cstackBANK0  0029
___lwdiv@dividend                                cstackBANK0  0026
___lwdiv@divisor                                 cstackBANK0  0024
___lwdiv@quotient                                cstackBANK0  002A
___lwmod                                         text10       05D2
___lwmod@counter                                 cstackBANK0  0031
___lwmod@dividend                                cstackBANK0  002E
___lwmod@divisor                                 cstackBANK0  002C
___sp                                            stack        0000
___wmul                                          text3        0606
___wmul@multiplicand                             cstackBANK0  0026
___wmul@multiplier                               cstackBANK0  0024
___wmul@product                                  cstackBANK0  0028
__calc_timer0_prescaler                          text2        03F6
__calc_timer0_prescaler@aux_tmr0                 cstackBANK0  0046
__calc_timer0_prescaler@brate                    cstackBANK0  0039
__calc_timer0_prescaler@k_tmr0                   cstackBANK0  003D
__calc_timer0_prescaler@pindex                   cstackBANK0  0048
__calc_timer0_prescaler@prescaler_bits           cstackBANK0  003C
__calc_timer0_prescaler@prescaler_factor         strings      059B
__calc_timer0_prescaler@prescaler_value          cstackBANK0  003B
__crc_ccitt_update                               text8        04C8
__crc_ccitt_update@crc                           cstackBANK0  0024
__crc_ccitt_update@data                          cstackBANK0  0026
__end_of___aldiv                                 text4        03F6
__end_of___lwdiv                                 text11       0595
__end_of___lwmod                                 text10       0606
__end_of___wmul                                  text3        0629
__end_of__calc_timer0_prescaler                  text2        047E
__end_of__calc_timer0_prescaler@prescaler_factor strings      05AD
__end_of__crc_ccitt_update                       text8        0512
__end_of__initialization                         cinit        0025
__end_of__stringtab                              strings      059B
__end_of_delay                                   text12       0669
__end_of_dpowers                                 strings      05C7
__end_of_global_isr                              text13       065A
__end_of_main                                    maintext     04C8
__end_of_sprintf                                 text9        0231
__end_of_symbols                                 strings      05BD
__end_of_vw_isr_tmr0                             text14       0367
__end_of_vw_pll                                  text16       02D3
__end_of_vw_send                                 text5        015B
__end_of_vw_setup                                text1        0557
__end_of_vw_symbol_6to4                          text17       0646
__end_of_vw_tx_buf_header                        strings      05CF
__end_of_vw_tx_start                             text7        0673
__end_of_vw_tx_stop                              text15       0686
__end_of_vw_wait_tx                              text6        0681
__initialization                                 cinit        0015
__pbssBANK0                                      bssBANK0     0054
__pbssBANK1                                      bssBANK1     00A0
__pbssCOMMON                                     bssCOMMON    007D
__pcstackBANK0                                   cstackBANK0  0020
__pcstackBANK1                                   cstackBANK1  00D0
__pcstackCOMMON                                  cstackCOMMON 0070
__pintentry                                      intentry     0004
__pmaintext                                      maintext     047E
__pstrings                                       strings      0595
__ptext1                                         text1        0512
__ptext10                                        text10       05D2
__ptext11                                        text11       0557
__ptext12                                        text12       065A
__ptext13                                        text13       0646
__ptext14                                        text14       02D3
__ptext15                                        text15       0681
__ptext16                                        text16       0231
__ptext17                                        text17       0629
__ptext2                                         text2        03F6
__ptext3                                         text3        0606
__ptext4                                         text4        0367
__ptext5                                         text5        0029
__ptext6                                         text6        067B
__ptext7                                         text7        0669
__ptext8                                         text8        04C8
__ptext9                                         text9        015B
__size_of___aldiv                                (abs)        0000
__size_of___lwdiv                                (abs)        0000
__size_of___lwmod                                (abs)        0000
__size_of___wmul                                 (abs)        0000
__size_of__calc_timer0_prescaler                 (abs)        0000
__size_of__crc_ccitt_update                      (abs)        0000
__size_of_delay                                  (abs)        0000
__size_of_global_isr                             (abs)        0000
__size_of_main                                   (abs)        0000
__size_of_sprintf                                (abs)        0000
__size_of_vw_isr_tmr0                            (abs)        0000
__size_of_vw_pll                                 (abs)        0000
__size_of_vw_send                                (abs)        0000
__size_of_vw_setup                               (abs)        0000
__size_of_vw_symbol_6to4                         (abs)        0000
__size_of_vw_tx_start                            (abs)        0000
__size_of_vw_tx_stop                             (abs)        0000
__size_of_vw_wait_tx                             (abs)        0000
__stringbase                                     strings      059A
__stringtab                                      strings      0595
_delay                                           text12       065A
_dpowers                                         strings      05BD
_global_isr                                      text13       0646
_main                                            maintext     047E
_sprintf                                         text9        015B
_symbols                                         strings      05AD
_vw_isr_tmr0                                     text14       02D3
_vw_pll                                          text16       0231
_vw_pll$138                                      cstackCOMMON 0078
_vw_rx_active                                    bssBANK0     0056
_vw_rx_bit_count                                 bssBANK0     0057
_vw_rx_bits                                      bssBANK0     0054
_vw_rx_count                                     bssBANK0     0058
_vw_rx_done                                      bssBANK0     0059
_vw_rx_enabled                                   bssBANK0     005A
_vw_rx_enabled_last                              bssBANK0     005B
_vw_rx_integrator                                bssBANK0     005C
_vw_rx_last_sample                               bssBANK0     005D
_vw_rx_len                                       bssCOMMON    007D
_vw_rx_pll_ramp                                  bssBANK0     005E
_vw_rx_sample                                    bssBANK0     005F
_vw_send                                         text5        0029
_vw_setup                                        text1        0512
_vw_symbol_6to4                                  text17       0629
_vw_tmr0_value                                   bssBANK0     0066
_vw_tx_bit                                       bssBANK0     0060
_vw_tx_buf                                       bssBANK1     00A0
_vw_tx_buf_header                                strings      05C7
_vw_tx_enabled                                   bssBANK0     0061
_vw_tx_header                                    bssBANK0     0062
_vw_tx_index                                     bssBANK0     0063
_vw_tx_len                                       bssBANK0     0064
_vw_tx_sample                                    bssBANK0     0065
_vw_tx_start                                     text7        0669
_vw_tx_stop                                      text15       0681
_vw_wait_tx                                      text6        067B
btemp                                            (abs)        007E
clear_ram0                                       clrtext      0673
delay@delay                                      cstackBANK0  0024
end_of_initialization                            cinit        0025
interrupt_function                               intentry     0004
intlevel0                                        functab      0000
intlevel1                                        functab      0000
intlevel2                                        functab      0000
intlevel3                                        functab      0000
intlevel4                                        functab      0000
intlevel5                                        functab      0000
main@buffer                                      cstackBANK1  00D0
main@j                                           cstackBANK1  00D5
reset_vec                                        reset_vec    0000
saved_w                                          (abs)        007E
sprintf@ap                                       cstackBANK0  0038
sprintf@c                                        cstackBANK0  003E
sprintf@f                                        cstackBANK0  0032
sprintf@flag                                     cstackBANK0  0039
sprintf@prec                                     cstackBANK0  003A
sprintf@sp                                       cstackBANK0  003D
sprintf@val                                      cstackBANK0  003B
stackhi                                          (abs)        0000
stacklo                                          (abs)        0000
start                                            init         0012
start_initialization                             cinit        0015
vw_pll@this_byte                                 cstackCOMMON 007A
vw_send@buf                                      cstackBANK0  0039
vw_send@count                                    cstackBANK0  003A
vw_send@crc                                      cstackBANK0  003C
vw_send@i                                        cstackBANK0  003B
vw_send@index                                    cstackBANK0  003F
vw_send@len                                      cstackBANK0  0034
vw_send@p                                        cstackBANK0  003E
vw_setup@brate                                   cstackBANK0  0049
vw_setup@prescaler_bits                          cstackBANK0  004E
vw_setup@prescaler_value                         cstackBANK0  004F
vw_symbol_6to4@i                                 cstackCOMMON 0072
vw_symbol_6to4@symbol                            cstackCOMMON 0071
wtemp0                                           (abs)        007E


FUNCTION INFORMATION:

 *************** function _main *****************
 Defined at:
		line 23 in file "main.c"
 Parameters:    Size  Location     Type
		None
 Auto vars:     Size  Location     Type
  buffer          5    0[BANK1 ] unsigned char [5]
  j               1    5[BANK1 ] unsigned char 
 Return value:  Size  Location     Type
                  1    wreg      void 
 Registers used:
		wreg, fsr0l, fsr0h, status,2, status,0, btemp+1, pclath, cstack
 Tracked objects:
		On entry : 
		On exit  : 
		Unchanged: 
 Data sizes:     COMMON   BANK0   BANK1   BANK3   BANK2
      Params:         0       0       0       0       0
      Locals:         0       0       6       0       0
      Temps:          0       3       0       0       0
      Totals:         0       3       6       0       0
Total ram usage:        9 bytes
 Hardware stack levels required when called:    8
 This function calls:
		_delay
		_sprintf
		_vw_send
		_vw_setup
 This function is called by:
		Startup code after reset
 This function uses a non-reentrant model


 *************** function _vw_setup *****************
 Defined at:
		line 123 in file "virtualwire.c"
 Parameters:    Size  Location     Type
  brate           2   41[BANK0 ] unsigned int 
 Auto vars:     Size  Location     Type
  prescaler_va    2   47[BANK0 ] unsigned int 
  prescaler_bi    1   46[BANK0 ] unsigned char 
 Return value:  Size  Location     Type
                  1    wreg      void 
 Registers used:
		wreg, fsr0l, fsr0h, status,2, status,0, btemp+1, pclath, cstack
 Tracked objects:
		On entry : 
		On exit  : 
		Unchanged: 
 Data sizes:     COMMON   BANK0   BANK1   BANK3   BANK2
      Params:         0       2       0       0       0
      Locals:         0       3       0       0       0
      Temps:          0       3       0       0       0
      Totals:         0       8       0       0       0
Total ram usage:        8 bytes
 Hardware stack levels used:    1
 Hardware stack levels required when called:    7
 This function calls:
		__calc_timer0_prescaler
 This function is called by:
		_main
 This function uses a non-reentrant model


 *************** function __calc_timer0_prescaler *****************
 Defined at:
		line 97 in file "virtualwire.c"
 Parameters:    Size  Location     Type
  brate           2   25[BANK0 ] unsigned int 
  prescaler_va    1   27[BANK0 ] PTR unsigned int 
		 -> vw_setup@prescaler_value(2), 
  prescaler_bi    1   28[BANK0 ] PTR unsigned char 
		 -> vw_setup@prescaler_bits(1), 
  k_tmr0          1   29[BANK0 ] PTR unsigned char 
		 -> vw_tmr0_value(1), 
 Auto vars:     Size  Location     Type
  aux_tmr0        2   38[BANK0 ] unsigned int 
  pindex          1   40[BANK0 ] unsigned char 
 Return value:  Size  Location     Type
                  1    wreg      unsigned char 
 Registers used:
		wreg, fsr0l, fsr0h, status,2, status,0, btemp+1, pclath, cstack
 Tracked objects:
		On entry : 
		On exit  : 
		Unchanged: 
 Data sizes:     COMMON   BANK0   BANK1   BANK3   BANK2
      Params:         0       5       0       0       0
      Locals:         0       3       0       0       0
      Temps:          0       8       0       0       0
      Totals:         0      16       0       0       0
Total ram usage:       16 bytes
 Hardware stack levels used:    1
 Hardware stack levels required when called:    6
 This function calls:
		___aldiv
		___wmul
 This function is called by:
		_vw_setup
 This function uses a non-reentrant model


 *************** function ___wmul *****************
 Defined at:
		line 15 in file "C:\Program Files (x86)\Microchip\xc8\v1.40\sources\common\Umul16.c"
 Parameters:    Size  Location     Type
  multiplier      2    4[BANK0 ] unsigned int 
  multiplicand    2    6[BANK0 ] unsigned int 
 Auto vars:     Size  Location     Type
  product         2    8[BANK0 ] unsigned int 
 Return value:  Size  Location     Type
                  2    4[BANK0 ] unsigned int 
 Registers used:
		wreg, status,2, status,0
 Tracked objects:
		On entry : 
		On exit  : 
		Unchanged: 
 Data sizes:     COMMON   BANK0   BANK1   BANK3   BANK2
      Params:         0       4       0       0       0
      Locals:         0       2       0       0       0
      Temps:          0       0       0       0       0
      Totals:         0       6       0       0       0
Total ram usage:        6 bytes
 Hardware stack levels used:    1
 Hardware stack levels required when called:    5
 This function calls:
		Nothing
 This function is called by:
		__calc_timer0_prescaler
 This function uses a non-reentrant model


 *************** function ___aldiv *****************
 Defined at:
		line 6 in file "C:\Program Files (x86)\Microchip\xc8\v1.40\sources\common\aldiv.c"
 Parameters:    Size  Location     Type
  divisor         4   10[BANK0 ] long 
  dividend        4   14[BANK0 ] long 
 Auto vars:     Size  Location     Type
  quotient        4   21[BANK0 ] long 
  sign            1   20[BANK0 ] unsigned char 
  counter         1   19[BANK0 ] unsigned char 
 Return value:  Size  Location     Type
                  4   10[BANK0 ] long 
 Registers used:
		wreg, status,2, status,0
 Tracked objects:
		On entry : 
		On exit  : 
		Unchanged: 
 Data sizes:     COMMON   BANK0   BANK1   BANK3   BANK2
      Params:         0       8       0       0       0
      Locals:         0       6       0       0       0
      Temps:          0       1       0       0       0
      Totals:         0      15       0       0       0
Total ram usage:       15 bytes
 Hardware stack levels used:    1
 Hardware stack levels required when called:    5
 This function calls:
		Nothing
 This function is called by:
		__calc_timer0_prescaler
 This function uses a non-reentrant model


 *************** function _vw_send *****************
 Defined at:
		line 180 in file "virtualwire.c"
 Parameters:    Size  Location     Type
  buf             1    wreg     PTR const unsigned char 
		 -> main@buffer(5), 
  len             1   20[BANK0 ] unsigned char 
 Auto vars:     Size  Location     Type
  buf             1   25[BANK0 ] PTR const unsigned char 
		 -> main@buffer(5), 
  crc             2   28[BANK0 ] unsigned int 
  index           1   31[BANK0 ] unsigned char 
  p               1   30[BANK0 ] PTR unsigned char 
		 -> vw_tx_buf(48), 
  i               1   27[BANK0 ] unsigned char 
  count           1   26[BANK0 ] unsigned char 
 Return value:  Size  Location     Type
                  1    wreg      unsigned char 
 Registers used:
		wreg, fsr0l, fsr0h, status,2, status,0, btemp+1, pclath, cstack
 Tracked objects:
		On entry : 
		On exit  : 
		Unchanged: 
 Data sizes:     COMMON   BANK0   BANK1   BANK3   BANK2
      Params:         0       1       0       0       0
      Locals:         0       7       0       0       0
      Temps:          0       4       0       0       0
      Totals:         0      12       0       0       0
Total ram usage:       12 bytes
 Hardware stack levels used:    1
 Hardware stack levels required when called:    6
 This function calls:
		__crc_ccitt_update
		_vw_tx_start
		_vw_wait_tx
 This function is called by:
		_main
 This function uses a non-reentrant model


 *************** function _vw_wait_tx *****************
 Defined at:
		line 157 in file "virtualwire.c"
 Parameters:    Size  Location     Type
		None
 Auto vars:     Size  Location     Type
		None
 Return value:  Size  Location     Type
                  1    wreg      void 
 Registers used:
		wreg, status,2, status,0
 Tracked objects:
		On entry : 
		On exit  : 
		Unchanged: 
 Data sizes:     COMMON   BANK0   BANK1   BANK3   BANK2
      Params:         0       0       0       0       0
      Locals:         0       0       0       0       0
      Temps:          0       0       0       0       0
      Totals:         0       0       0       0       0
Total ram usage:        0 bytes
 Hardware stack levels used:    1
 Hardware stack levels required when called:    5
 This function calls:
		Nothing
 This function is called by:
		_vw_send
 This function uses a non-reentrant model


 *************** function _vw_tx_start *****************
 Defined at:
		line 168 in file "virtualwire.c"
 Parameters:    Size  Location     Type
		None
 Auto vars:     Size  Location     Type
		None
 Return value:  Size  Location     Type
                  1    wreg      void 
 Registers used:
		status,2
 Tracked objects:
		On entry : 
		On exit  : 
		Unchanged: 
 Data sizes:     COMMON   BANK0   BANK1   BANK3   BANK2
      Params:         0       0       0       0       0
      Locals:         0       0       0       0       0
      Temps:          0       0       0       0       0
      Totals:         0       0       0       0       0
Total ram usage:        0 bytes
 Hardware stack levels used:    1
 Hardware stack levels required when called:    5
 This function calls:
		Nothing
 This function is called by:
		_vw_send
 This function uses a non-reentrant model


 *************** function __crc_ccitt_update *****************
 Defined at:
		line 51 in file "../_libs/crc16.h"
 Parameters:    Size  Location     Type
  crc             2    4[BANK0 ] unsigned int 
  data            1    6[BANK0 ] unsigned char 
 Auto vars:     Size  Location     Type
		None
 Return value:  Size  Location     Type
                  2    4[BANK0 ] unsigned int 
 Registers used:
		wreg, status,2, status,0, btemp+1
 Tracked objects:
		On entry : 
		On exit  : 
		Unchanged: 
 Data sizes:     COMMON   BANK0   BANK1   BANK3   BANK2
      Params:         0       3       0       0       0
      Locals:         0       0       0       0       0
      Temps:          0      13       0       0       0
      Totals:         0      16       0       0       0
Total ram usage:       16 bytes
 Hardware stack levels used:    1
 Hardware stack levels required when called:    5
 This function calls:
		Nothing
 This function is called by:
		_vw_send
		_vw_crc
 This function uses a non-reentrant model


 *************** function _sprintf *****************
 Defined at:
		line 492 in file "C:\Program Files (x86)\Microchip\xc8\v1.40\sources\common\doprnt.c"
 Parameters:    Size  Location     Type
  sp              1    wreg     PTR unsigned char 
		 -> main@buffer(5), 
  f               1   18[BANK0 ] PTR const unsigned char 
		 -> STR_1(3), 
 Auto vars:     Size  Location     Type
  sp              1   29[BANK0 ] PTR unsigned char 
		 -> main@buffer(5), 
  tmpval          4    0        struct .
  val             2   27[BANK0 ] unsigned int 
  cp              2    0        PTR const unsigned char 
  len             2    0        unsigned int 
  c               1   30[BANK0 ] char 
  prec            1   26[BANK0 ] char 
  flag            1   25[BANK0 ] unsigned char 
  ap              1   24[BANK0 ] PTR void [1]
		 -> ?_sprintf(2), 
 Return value:  Size  Location     Type
                  2   18[BANK0 ] int 
 Registers used:
		wreg, fsr0l, fsr0h, status,2, status,0, btemp+1, pclath, cstack
 Tracked objects:
		On entry : 
		On exit  : 
		Unchanged: 
 Data sizes:     COMMON   BANK0   BANK1   BANK3   BANK2
      Params:         0       3       0       0       0
      Locals:         0       7       0       0       0
      Temps:          0       3       0       0       0
      Totals:         0      13       0       0       0
Total ram usage:       13 bytes
 Hardware stack levels used:    1
 Hardware stack levels required when called:    6
 This function calls:
		___lwdiv
		___lwmod
 This function is called by:
		_main
 This function uses a non-reentrant model


 *************** function ___lwmod *****************
 Defined at:
		line 6 in file "C:\Program Files (x86)\Microchip\xc8\v1.40\sources\common\lwmod.c"
 Parameters:    Size  Location     Type
  divisor         2   12[BANK0 ] unsigned int 
  dividend        2   14[BANK0 ] unsigned int 
 Auto vars:     Size  Location     Type
  counter         1   17[BANK0 ] unsigned char 
 Return value:  Size  Location     Type
                  2   12[BANK0 ] unsigned int 
 Registers used:
		wreg, status,2, status,0
 Tracked objects:
		On entry : 
		On exit  : 
		Unchanged: 
 Data sizes:     COMMON   BANK0   BANK1   BANK3   BANK2
      Params:         0       4       0       0       0
      Locals:         0       1       0       0       0
      Temps:          0       1       0       0       0
      Totals:         0       6       0       0       0
Total ram usage:        6 bytes
 Hardware stack levels used:    1
 Hardware stack levels required when called:    5
 This function calls:
		Nothing
 This function is called by:
		_sprintf
 This function uses a non-reentrant model


 *************** function ___lwdiv *****************
 Defined at:
		line 6 in file "C:\Program Files (x86)\Microchip\xc8\v1.40\sources\common\lwdiv.c"
 Parameters:    Size  Location     Type
  divisor         2    4[BANK0 ] unsigned int 
  dividend        2    6[BANK0 ] unsigned int 
 Auto vars:     Size  Location     Type
  quotient        2   10[BANK0 ] unsigned int 
  counter         1    9[BANK0 ] unsigned char 
 Return value:  Size  Location     Type
                  2    4[BANK0 ] unsigned int 
 Registers used:
		wreg, status,2, status,0
 Tracked objects:
		On entry : 
		On exit  : 
		Unchanged: 
 Data sizes:     COMMON   BANK0   BANK1   BANK3   BANK2
      Params:         0       4       0       0       0
      Locals:         0       3       0       0       0
      Temps:          0       1       0       0       0
      Totals:         0       8       0       0       0
Total ram usage:        8 bytes
 Hardware stack levels used:    1
 Hardware stack levels required when called:    5
 This function calls:
		Nothing
 This function is called by:
		_sprintf
 This function uses a non-reentrant model


 *************** function _delay *****************
 Defined at:
		line 19 in file "main.c"
 Parameters:    Size  Location     Type
  delay           2    4[BANK0 ] unsigned int 
 Auto vars:     Size  Location     Type
		None
 Return value:  Size  Location     Type
                  1    wreg      void 
 Registers used:
		wreg, status,2, status,0
 Tracked objects:
		On entry : 
		On exit  : 
		Unchanged: 
 Data sizes:     COMMON   BANK0   BANK1   BANK3   BANK2
      Params:         0       2       0       0       0
      Locals:         0       0       0       0       0
      Temps:          0       0       0       0       0
      Totals:         0       2       0       0       0
Total ram usage:        2 bytes
 Hardware stack levels used:    1
 Hardware stack levels required when called:    5
 This function calls:
		Nothing
 This function is called by:
		_main
 This function uses a non-reentrant model


 *************** function _global_isr *****************
 Defined at:
		line 14 in file "main.c"
 Parameters:    Size  Location     Type
		None
 Auto vars:     Size  Location     Type
		None
 Return value:  Size  Location     Type
                  1    wreg      void 
 Registers used:
		wreg, fsr0l, fsr0h, status,2, status,0, pclath, cstack
 Tracked objects:
		On entry : 
		On exit  : 
		Unchanged: 
 Data sizes:     COMMON   BANK0   BANK1   BANK3   BANK2
      Params:         0       0       0       0       0
      Locals:         0       0       0       0       0
      Temps:          0       4       0       0       0
      Totals:         0       4       0       0       0
Total ram usage:        4 bytes
 Hardware stack levels used:    1
 Hardware stack levels required when called:    4
 This function calls:
		_vw_isr_tmr0
 This function is called by:
		Interrupt level 1
 This function uses a non-reentrant model


 *************** function _vw_isr_tmr0 *****************
 Defined at:
		line 388 in file "virtualwire.c"
 Parameters:    Size  Location     Type
		None
 Auto vars:     Size  Location     Type
		None
 Return value:  Size  Location     Type
                  1    wreg      void 
 Registers used:
		wreg, fsr0l, fsr0h, status,2, status,0, pclath, cstack
 Tracked objects:
		On entry : 
		On exit  : 
		Unchanged: 
 Data sizes:     COMMON   BANK0   BANK1   BANK3   BANK2
      Params:         0       0       0       0       0
      Locals:         0       0       0       0       0
      Temps:          2       0       0       0       0
      Totals:         2       0       0       0       0
Total ram usage:        2 bytes
 Hardware stack levels used:    1
 Hardware stack levels required when called:    3
 This function calls:
		_vw_pll
		_vw_tx_stop
 This function is called by:
		_global_isr
 This function uses a non-reentrant model


 *************** function _vw_tx_stop *****************
 Defined at:
		line 162 in file "virtualwire.c"
 Parameters:    Size  Location     Type
		None
 Auto vars:     Size  Location     Type
		None
 Return value:  Size  Location     Type
                  1    wreg      void 
 Registers used:
		status,2
 Tracked objects:
		On entry : 
		On exit  : 
		Unchanged: 
 Data sizes:     COMMON   BANK0   BANK1   BANK3   BANK2
      Params:         0       0       0       0       0
      Locals:         0       0       0       0       0
      Temps:          0       0       0       0       0
      Totals:         0       0       0       0       0
Total ram usage:        0 bytes
 Hardware stack levels used:    1
 This function calls:
		Nothing
 This function is called by:
		_vw_isr_tmr0
 This function uses a non-reentrant model


 *************** function _vw_pll *****************
 Defined at:
		line 262 in file "virtualwire.c"
 Parameters:    Size  Location     Type
		None
 Auto vars:     Size  Location     Type
  this_byte       1   10[COMMON] unsigned char 
 Return value:  Size  Location     Type
                  1    wreg      void 
 Registers used:
		wreg, fsr0l, fsr0h, status,2, status,0, pclath, cstack
 Tracked objects:
		On entry : 
		On exit  : 
		Unchanged: 
 Data sizes:     COMMON   BANK0   BANK1   BANK3   BANK2
      Params:         0       0       0       0       0
      Locals:         3       0       0       0       0
      Temps:          5       0       0       0       0
      Totals:         8       0       0       0       0
Total ram usage:        8 bytes
 Hardware stack levels used:    1
 Hardware stack levels required when called:    2
 This function calls:
		_vw_symbol_6to4
 This function is called by:
		_vw_isr_tmr0
 This function uses a non-reentrant model


 *************** function _vw_symbol_6to4 *****************
 Defined at:
		line 245 in file "virtualwire.c"
 Parameters:    Size  Location     Type
  symbol          1    wreg     unsigned char 
 Auto vars:     Size  Location     Type
  symbol          1    1[COMMON] unsigned char 
  i               1    2[COMMON] unsigned char 
 Return value:  Size  Location     Type
                  1    wreg      unsigned char 
 Registers used:
		wreg, fsr0l, fsr0h, status,2, status,0, pclath
 Tracked objects:
		On entry : 
		On exit  : 
		Unchanged: 
 Data sizes:     COMMON   BANK0   BANK1   BANK3   BANK2
      Params:         0       0       0       0       0
      Locals:         2       0       0       0       0
      Temps:          1       0       0       0       0
      Totals:         3       0       0       0       0
Total ram usage:        3 bytes
 Hardware stack levels used:    2
 This function calls:
		Nothing
 This function is called by:
		_vw_pll
 This function uses a non-reentrant model



MODULE INFORMATION

Module		Function		Class		Link	Load	Size
C:\Program Files (x86)\Microchip\xc8\v1.40\sources\common\doprnt.c
		_sprintf       		CODE           	015B	0000	215

C:\Program Files (x86)\Microchip\xc8\v1.40\sources\common\doprnt.c estimated size: 215

C:\Program Files (x86)\Microchip\xc8\v1.40\sources\common\Umul16.c
		___wmul        		CODE           	0606	0000	36

C:\Program Files (x86)\Microchip\xc8\v1.40\sources\common\Umul16.c estimated size: 36

C:\Program Files (x86)\Microchip\xc8\v1.40\sources\common\lwmod.c
		___lwmod       		CODE           	05D2	0000	53

C:\Program Files (x86)\Microchip\xc8\v1.40\sources\common\lwmod.c estimated size: 53

shared
		__stringtab    		STRING         	0595	0000	7
		_dpowers       		STRING         	05BD	0000	11
		__calc_timer0_prescaler@prescaler_factor		STRING         	059B	0000	19
		_symbols       		STRING         	05AD	0000	17
		__initialization		CODE           	0015	0000	17
		_vw_tx_buf_header		STRING         	05C7	0000	9

shared estimated size: 80

virtualwire.c
		_vw_pll        		CODE           	0231	0000	163
		_vw_isr_tmr0   		CODE           	02D3	0000	149
		_vw_tx_stop    		CODE           	0681	0000	6
		_vw_tx_start   		CODE           	0669	0000	11
		_vw_setup      		CODE           	0512	0000	70
		__calc_timer0_prescaler		CODE           	03F6	0000	137
		_vw_symbol_6to4		CODE           	0629	0000	30
		_vw_wait_tx    		CODE           	067B	0000	7
		_vw_send       		CODE           	0029	0000	307

virtualwire.c estimated size: 880

../_libs/crc16.h
		__crc_ccitt_update		CODE           	04C8	0000	75

../_libs/crc16.h estimated size: 75

C:\Program Files (x86)\Microchip\xc8\v1.40\sources\common\lwdiv.c
		___lwdiv       		CODE           	0557	0000	63

C:\Program Files (x86)\Microchip\xc8\v1.40\sources\common\lwdiv.c estimated size: 63

main.c
		_delay         		CODE           	065A	0000	16
		_main          		CODE           	047E	0000	75
		_global_isr    		CODE           	0646	0000	21

main.c estimated size: 112

C:\Program Files (x86)\Microchip\xc8\v1.40\sources\common\aldiv.c
		___aldiv       		CODE           	0367	0000	144

C:\Program Files (x86)\Microchip\xc8\v1.40\sources\common\aldiv.c estimated size: 144

