Microchip MPLAB XC8 Compiler V1.40 ()

Linker command line:

-W-3 --edf=C:\Program Files (x86)\Microchip\xc8\v1.40\dat\en_msgs.txt -cs \
  -h+dist/default/production\PIC16F88_wireless.X.production.sym \
  --cmf=dist/default/production\PIC16F88_wireless.X.production.cmf -z \
  -Q16F88 -oC:\Users\peaceful\AppData\Local\Temp\s4l8.2 \
  -Mdist/default/production/PIC16F88_wireless.X.production.map -E1 -ver=XC8 \
  -ASTACK=0110h-016fh -pstack=STACK -ACODE=00h-07FFhx2 -ASTRCODE=00h-0FFFh \
  -ASTRING=00h-0FFhx16 -ACONST=00h-0FFhx16 -AENTRY=00h-0FFhx16 \
  -ACOMMON=070h-07Fh -ABANK0=020h-06Fh -ABANK1=0A0h-0EFh \
  -ABANK2=0110h-016Fh -ABANK3=0190h-01EFh \
  -ARAM=020h-06Fh,0A0h-0EFh,0110h-016Fh,0190h-01EFh \
  -AABS1=020h-07Fh,0A0h-0EFh,0110h-016Fh,0190h-01EFh -ASFR0=00h-01Fh \
  -ASFR1=080h-09Fh -ASFR2=0100h-010Fh -ASFR3=0180h-018Fh \
  -preset_vec=00h,intentry=04h,init,end_init -ppowerup=CODE -pcinit=CODE \
  -pfunctab=CODE -ACONFIG=02007h-02008h -pconfig=CONFIG -DCONFIG=2 \
  -AIDLOC=02000h-02003h -pidloc=IDLOC -DIDLOC=2 -AEEDATA=00h-0FFh/02100h \
  -peeprom_data=EEDATA -DEEDATA=2 -DCODE=2 -DSTRCODE=2 -DSTRING=2 -DCONST=2 \
  -DENTRY=2 -k C:\Users\peaceful\AppData\Local\Temp\s4l8.obj \
  dist/default/production\PIC16F88_wireless.X.production.obj 

Object code version is 3.11

Machine type is 16F88



                Name                               Link     Load   Length Selector   Space Scale
C:\Users\peaceful\AppData\Local\Temp\s4l8.obj
                end_init                             11       11        2        8       0
                reset_vec                             0        0        2        0       0
                config                             2007     2007        2     400E       0
dist/default/production\PIC16F88_wireless.X.production.obj
                cinit                                13       13       10        8       0
                intentry                              4        4        D        8       0
                text18                              47D      47D       1B      718       0
                text17                               23       23       9E        8       0
                text16                              4FC      4FC        5      718       0
                text15                               C1       C1       9A        8       0
                text14                              4C6      4C6       12      718       0
                text13                              4B2      4B2       14      718       0
                text12                              4D8      4D8        C      718       0
                text11                              498      498       1A      718       0
                text10                              4E4      4E4        9      718       0
                text9                               45F      45F       1E      718       0
                text8                               2FF      2FF       4A        8       0
                text7                               412      412       2A      718       0
                text6                               3CF      3CF       43      718       0
                text5                               4F5      4F5        7      718       0
                text4                               1F0      1F0       8F        8       0
                text3                               43C      43C       23      718       0
                text2                               27F      27F       80        8       0
                text1                               38C      38C       43      718       0
                maintext                            15B      15B       95        8       0
                cstackBANK0                          20       20       37       20       1
                cstackCOMMON                         70       70        D       70       1
                clrtext                             4ED      4ED        8      718       0
                bssBANK1                             A0       A0       48       A0       1
                bssBANK0                             57       57       14       20       1
                bssCOMMON                            7D       7D        1       70       1
                strings                             349      349       43      692       0

TOTAL           Name                               Link     Load   Length     Space
        CLASS   STACK          

        CLASS   CODE           
                end_init                             11       11        2         0
                cinit                                13       13       10         0
                intentry                              4        4        D         0
                reset_vec                             0        0        2         0
                text18                              47D      47D       1B         0
                text17                               23       23       9E         0
                text16                              4FC      4FC        5         0
                text15                               C1       C1       9A         0
                text14                              4C6      4C6       12         0
                text13                              4B2      4B2       14         0
                text12                              4D8      4D8        C         0
                text11                              498      498       1A         0
                text10                              4E4      4E4        9         0
                text9                               45F      45F       1E         0
                text8                               2FF      2FF       4A         0
                text7                               412      412       2A         0
                text6                               3CF      3CF       43         0
                text5                               4F5      4F5        7         0
                text4                               1F0      1F0       8F         0
                text3                               43C      43C       23         0
                text2                               27F      27F       80         0
                text1                               38C      38C       43         0
                maintext                            15B      15B       95         0
                clrtext                             4ED      4ED        8         0

        CLASS   STRCODE        

        CLASS   STRING         
                strings                             349      349       43         0

        CLASS   CONST          

        CLASS   ENTRY          

        CLASS   COMMON         
                cstackCOMMON                         70       70        D         1
                bssCOMMON                            7D       7D        1         1

        CLASS   BANK0          
                cstackBANK0                          20       20       37         1
                bssBANK0                             57       57       14         1

        CLASS   BANK1          
                bssBANK1                             A0       A0       48         1

        CLASS   BANK2          

        CLASS   BANK3          

        CLASS   RAM            

        CLASS   ABS1           
                abs_s1                               7E       7E        2         1

        CLASS   SFR0           

        CLASS   SFR1           

        CLASS   SFR2           

        CLASS   SFR3           

        CLASS   CONFIG         
                config                             2007     2007        2         0

        CLASS   IDLOC          

        CLASS   EEDATA         



SEGMENTS        Name                           Load    Length   Top    Selector   Space  Class     Delta

                reset_vec                      000000  000002  000002         0       0  CODE        2
                intentry                       000004  000345  000349         8       0  CODE        2
                cstackBANK0                    000020  00004B  00006B        20       1  BANK0       1
                cstackCOMMON                   000070  00000E  00007E        70       1  COMMON      1
                bssBANK1                       0000A0  000048  0000E8        A0       1  BANK1       1
                strings                        000349  000043  00038C       692       0  STRING      2
                text1                          00038C  000175  000501       718       0  CODE        2
                config                         002007  000002  002009      400E       0  CONFIG      2


UNUSED ADDRESS RANGES

        Name                Unused          Largest block    Delta
        BANK0            006B-006F              5           1
        BANK1            00E8-00EF              8           1
        BANK2            0110-016F             60           1
        BANK3            0190-01EF             60           1
        CODE             0002-0003              2           2
                         0501-0FFF            2FF
        CONST            0002-0003              2           2
                         0501-0FFF            100
        EEDATA           2100-21FF            100           2
        ENTRY            0002-0003              2           2
                         0501-0FFF            100
        IDLOC            2000-2003              4           2
        RAM              006B-006F              5           1
                         00E8-00EF              8
                         0110-016F             60
                         0190-01EF             60
        SFR0             0000-001F             20           1
        SFR1             0080-009F             20           1
        SFR2             0100-010F             10           1
        SFR3             0180-018F             10           1
        STACK            0110-016F             60           1
        STRCODE          0002-0003              2           2
                         0501-0FFF            AFF
        STRING           0002-0003              2           2
                         0501-0FFF            100

                                  Symbol Table

?___aldiv                                        cstackBANK0  002A
?___wmul                                         cstackBANK0  0024
?__crc_ccitt_update                              cstackBANK0  0024
?_vw_crc                                         cstackBANK0  0034
UART_send_byte@single_byte                       cstackBANK0  0024
UART_send_string@str                             cstackBANK0  0026
_BRGH                                            (abs)        04C2
_CREN                                            (abs)        00C4
_GIE                                             (abs)        005F
_OPTION_REG                                      (abs)        0081
_PEIE                                            (abs)        005E
_PORTB                                           (abs)        0006
_RB3                                             (abs)        0033
_RB4                                             (abs)        0034
_RCIF                                            (abs)        0065
_RCREG                                           (abs)        001A
_RCSTAbits                                       (abs)        0018
_RX9                                             (abs)        00C6
_SPBRG                                           (abs)        0099
_SPEN                                            (abs)        00C7
_SYNC                                            (abs)        04C4
_T0CS                                            (abs)        040D
_TMR0                                            (abs)        0001
_TMR0IE                                          (abs)        005D
_TMR0IF                                          (abs)        005A
_TRISB                                           (abs)        0086
_TRISB2                                          (abs)        0432
_TRISB3                                          (abs)        0433
_TRISB4                                          (abs)        0434
_TRISB5                                          (abs)        0435
_TRMT                                            (abs)        04C1
_TX9                                             (abs)        04C6
_TXEN                                            (abs)        04C5
_TXREG                                           (abs)        0019
_UART_Init                                       text13       04B2
_UART_send_byte                                  text12       04D8
_UART_send_string                                text11       0498
__CFG_BOREN$ON                                   (abs)        0000
__CFG_CCPMX$RB0                                  (abs)        0000
__CFG_CP$OFF                                     (abs)        0000
__CFG_CPD$OFF                                    (abs)        0000
__CFG_FCMEN$ON                                   (abs)        0000
__CFG_FOSC$HS                                    (abs)        0000
__CFG_IESO$ON                                    (abs)        0000
__CFG_LVP$OFF                                    (abs)        0000
__CFG_MCLRE$OFF                                  (abs)        0000
__CFG_PWRTE$OFF                                  (abs)        0000
__CFG_WDTE$OFF                                   (abs)        0000
__CFG_WRT$OFF                                    (abs)        0000
__Habs1                                          abs1         0000
__Hbank0                                         bank0        0000
__Hbank1                                         bank1        0000
__Hbank2                                         bank2        0000
__Hbank3                                         bank3        0000
__HbssBANK0                                      bssBANK0     0000
__HbssBANK1                                      bssBANK1     0000
__HbssCOMMON                                     bssCOMMON    0000
__Hcinit                                         cinit        0023
__Hclrtext                                       clrtext      0000
__Hcode                                          code         0000
__Hcommon                                        common       0000
__Hconfig                                        config       2009
__HcstackBANK0                                   cstackBANK0  0000
__HcstackCOMMON                                  cstackCOMMON 0000
__Heeprom_data                                   eeprom_data  0000
__Hend_init                                      end_init     0013
__Hfunctab                                       functab      0000
__Hidloc                                         idloc        0000
__Hinit                                          init         0011
__Hintentry                                      intentry     0011
__Hmaintext                                      maintext     0000
__Hpowerup                                       powerup      0000
__Hram                                           ram          0000
__Hreset_vec                                     reset_vec    0002
__Hsfr0                                          sfr0         0000
__Hsfr1                                          sfr1         0000
__Hsfr2                                          sfr2         0000
__Hsfr3                                          sfr3         0000
__Hspace_0                                       (abs)        2009
__Hspace_1                                       (abs)        00E8
__Hspace_2                                       (abs)        0000
__Hspace_3                                       (abs)        0000
__Hstack                                         stack        0000
__Hstrings                                       strings      0000
__Htext                                          text         0000
__Labs1                                          abs1         0000
__Lbank0                                         bank0        0000
__Lbank1                                         bank1        0000
__Lbank2                                         bank2        0000
__Lbank3                                         bank3        0000
__LbssBANK0                                      bssBANK0     0000
__LbssBANK1                                      bssBANK1     0000
__LbssCOMMON                                     bssCOMMON    0000
__Lcinit                                         cinit        0013
__Lclrtext                                       clrtext      0000
__Lcode                                          code         0000
__Lcommon                                        common       0000
__Lconfig                                        config       2007
__LcstackBANK0                                   cstackBANK0  0000
__LcstackCOMMON                                  cstackCOMMON 0000
__Leeprom_data                                   eeprom_data  0000
__Lend_init                                      end_init     0011
__Lfunctab                                       functab      0000
__Lidloc                                         idloc        0000
__Linit                                          init         0011
__Lintentry                                      intentry     0004
__Lmaintext                                      maintext     0000
__Lpowerup                                       powerup      0000
__Lram                                           ram          0000
__Lreset_vec                                     reset_vec    0000
__Lsfr0                                          sfr0         0000
__Lsfr1                                          sfr1         0000
__Lsfr2                                          sfr2         0000
__Lsfr3                                          sfr3         0000
__Lspace_0                                       (abs)        0000
__Lspace_1                                       (abs)        0000
__Lspace_2                                       (abs)        0000
__Lspace_3                                       (abs)        0000
__Lstack                                         stack        0000
__Lstrings                                       strings      0000
__Ltext                                          text         0000
__S0                                             (abs)        2009
__S1                                             (abs)        00E8
__S2                                             (abs)        0000
__S3                                             (abs)        0000
___aldiv                                         text4        01F0
___aldiv@counter                                 cstackBANK0  0033
___aldiv@dividend                                cstackBANK0  002E
___aldiv@divisor                                 cstackBANK0  002A
___aldiv@quotient                                cstackBANK0  0035
___aldiv@sign                                    cstackBANK0  0034
___int_sp                                        stack        0000
___latbits                                       (abs)        0001
___sp                                            stack        0000
___wmul                                          text3        043C
___wmul@multiplicand                             cstackBANK0  0026
___wmul@multiplier                               cstackBANK0  0024
___wmul@product                                  cstackBANK0  0028
__calc_timer0_prescaler                          text2        027F
__calc_timer0_prescaler@aux_tmr0                 cstackBANK0  0046
__calc_timer0_prescaler@brate                    cstackBANK0  0039
__calc_timer0_prescaler@k_tmr0                   cstackBANK0  003D
__calc_timer0_prescaler@pindex                   cstackBANK0  0048
__calc_timer0_prescaler@prescaler_bits           cstackBANK0  003C
__calc_timer0_prescaler@prescaler_factor         strings      034F
__calc_timer0_prescaler@prescaler_value          cstackBANK0  003B
__crc_ccitt_update                               text8        02FF
__crc_ccitt_update@crc                           cstackBANK0  0024
__crc_ccitt_update@data                          cstackBANK0  0026
__end_of_UART_Init                               text13       04C6
__end_of_UART_send_byte                          text12       04E4
__end_of_UART_send_string                        text11       04B2
__end_of___aldiv                                 text4        027F
__end_of___wmul                                  text3        045F
__end_of__calc_timer0_prescaler                  text2        02FF
__end_of__calc_timer0_prescaler@prescaler_factor strings      0361
__end_of__crc_ccitt_update                       text8        0349
__end_of__initialization                         cinit        0020
__end_of__stringtab                              strings      034F
__end_of_global_isr                              text14       04D8
__end_of_main                                    maintext     01F0
__end_of_memcpy                                  text9        047D
__end_of_symbols                                 strings      0371
__end_of_vw_crc                                  text7        043C
__end_of_vw_have_message                         text10       04ED
__end_of_vw_isr_tmr0                             text15       015B
__end_of_vw_pll                                  text17       00C1
__end_of_vw_recv                                 text6        0412
__end_of_vw_rx_start                             text5        04FC
__end_of_vw_setup                                text1        03CF
__end_of_vw_symbol_6to4                          text18       0498
__end_of_vw_tx_buf_header                        strings      0379
__end_of_vw_tx_stop                              text16       0501
__initialization                                 cinit        0013
__pbssBANK0                                      bssBANK0     0057
__pbssBANK1                                      bssBANK1     00A0
__pbssCOMMON                                     bssCOMMON    007D
__pcstackBANK0                                   cstackBANK0  0020
__pcstackCOMMON                                  cstackCOMMON 0070
__pintentry                                      intentry     0004
__pmaintext                                      maintext     015B
__pstrings                                       strings      0349
__ptext1                                         text1        038C
__ptext10                                        text10       04E4
__ptext11                                        text11       0498
__ptext12                                        text12       04D8
__ptext13                                        text13       04B2
__ptext14                                        text14       04C6
__ptext15                                        text15       00C1
__ptext16                                        text16       04FC
__ptext17                                        text17       0023
__ptext18                                        text18       047D
__ptext2                                         text2        027F
__ptext3                                         text3        043C
__ptext4                                         text4        01F0
__ptext5                                         text5        04F5
__ptext6                                         text6        03CF
__ptext7                                         text7        0412
__ptext8                                         text8        02FF
__ptext9                                         text9        045F
__size_of_UART_Init                              (abs)        0000
__size_of_UART_send_byte                         (abs)        0000
__size_of_UART_send_string                       (abs)        0000
__size_of___aldiv                                (abs)        0000
__size_of___wmul                                 (abs)        0000
__size_of__calc_timer0_prescaler                 (abs)        0000
__size_of__crc_ccitt_update                      (abs)        0000
__size_of_global_isr                             (abs)        0000
__size_of_main                                   (abs)        0000
__size_of_memcpy                                 (abs)        0000
__size_of_vw_crc                                 (abs)        0000
__size_of_vw_have_message                        (abs)        0000
__size_of_vw_isr_tmr0                            (abs)        0000
__size_of_vw_pll                                 (abs)        0000
__size_of_vw_recv                                (abs)        0000
__size_of_vw_rx_start                            (abs)        0000
__size_of_vw_setup                               (abs)        0000
__size_of_vw_symbol_6to4                         (abs)        0000
__size_of_vw_tx_stop                             (abs)        0000
__stringbase                                     strings      034E
__stringtab                                      strings      0349
_global_isr                                      text14       04C6
_main                                            maintext     015B
_memcpy                                          text9        045F
_symbols                                         strings      0361
_text                                            bssBANK1     00D0
_vw_crc                                          text7        0412
_vw_have_message                                 text10       04E4
_vw_isr_tmr0                                     text15       00C1
_vw_pll                                          text17       0023
_vw_pll$225                                      cstackCOMMON 0078
_vw_recv                                         text6        03CF
_vw_rx_active                                    bssBANK0     0059
_vw_rx_bit_count                                 bssBANK0     005A
_vw_rx_bits                                      bssBANK0     0057
_vw_rx_count                                     bssBANK0     005B
_vw_rx_done                                      bssBANK0     005C
_vw_rx_enabled                                   bssBANK0     005D
_vw_rx_enabled_last                              bssBANK0     005E
_vw_rx_integrator                                bssBANK0     005F
_vw_rx_inverted                                  bssBANK0     0060
_vw_rx_last_sample                               bssBANK0     0061
_vw_rx_len                                       bssCOMMON    007D
_vw_rx_pll_ramp                                  bssBANK0     0062
_vw_rx_sample                                    bssBANK0     0063
_vw_rx_start                                     text5        04F5
_vw_setup                                        text1        038C
_vw_symbol_6to4                                  text18       047D
_vw_tmr0_value                                   bssBANK0     006A
_vw_tx_bit                                       bssBANK0     0064
_vw_tx_buf                                       bssBANK1     00A0
_vw_tx_buf_header                                strings      0371
_vw_tx_enabled                                   bssBANK0     0065
_vw_tx_header                                    bssBANK0     0066
_vw_tx_index                                     bssBANK0     0067
_vw_tx_len                                       bssBANK0     0068
_vw_tx_sample                                    bssBANK0     0069
_vw_tx_stop                                      text16       04FC
btemp                                            (abs)        007E
clear_ram0                                       clrtext      04ED
end_of_initialization                            cinit        0020
interrupt_function                               intentry     0004
intlevel0                                        functab      0000
intlevel1                                        functab      0000
intlevel2                                        functab      0000
intlevel3                                        functab      0000
intlevel4                                        functab      0000
intlevel5                                        functab      0000
main@i                                           cstackBANK0  0054
main@len                                         cstackBANK0  0056
memcpy@dest                                      cstackBANK0  002A
memcpy@n                                         cstackBANK0  0025
memcpy@src                                       cstackBANK0  0024
reset_vec                                        reset_vec    0000
saved_w                                          (abs)        007E
stackhi                                          (abs)        0000
stacklo                                          (abs)        0000
start                                            init         0011
start_initialization                             cinit        0013
vw_crc@count                                     cstackBANK0  0034
vw_crc@crc                                       cstackBANK0  0038
vw_crc@ptr                                       cstackBANK0  0037
vw_pll@this_byte                                 cstackCOMMON 007A
vw_recv@buf                                      cstackBANK0  003E
vw_recv@len                                      cstackBANK0  003A
vw_recv@rxlen                                    cstackBANK0  003F
vw_setup@brate                                   cstackBANK0  0049
vw_setup@prescaler_bits                          cstackBANK0  0050
vw_setup@prescaler_value                         cstackBANK0  004E
vw_symbol_6to4@i                                 cstackCOMMON 0072
vw_symbol_6to4@symbol                            cstackCOMMON 0071
wtemp0                                           (abs)        007E


FUNCTION INFORMATION:

 *************** function _main *****************
 Defined at:
		line 21 in file "main.c"
 Parameters:    Size  Location     Type
		None
 Auto vars:     Size  Location     Type
  len             1   54[BANK0 ] unsigned char 
  i               2   52[BANK0 ] unsigned int 
 Return value:  Size  Location     Type
                  1    wreg      void 
 Registers used:
		wreg, fsr0l, fsr0h, status,2, status,0, btemp+1, pclath, cstack
 Tracked objects:
		On entry : 
		On exit  : 
		Unchanged: 
 Data sizes:     COMMON   BANK0   BANK1   BANK3   BANK2
      Params:         0       0       0       0       0
      Locals:         0       3       0       0       0
      Temps:          0       3       0       0       0
      Totals:         0       6       0       0       0
Total ram usage:        6 bytes
 Hardware stack levels required when called:    8
 This function calls:
		_UART_Init
		_UART_send_byte
		_UART_send_string
		_vw_have_message
		_vw_recv
		_vw_rx_start
		_vw_setup
 This function is called by:
		Startup code after reset
 This function uses a non-reentrant model


 *************** function _vw_setup *****************
 Defined at:
		line 123 in file "virtualwire.c"
 Parameters:    Size  Location     Type
  brate           2   41[BANK0 ] unsigned int 
 Auto vars:     Size  Location     Type
  prescaler_va    2   46[BANK0 ] unsigned int 
  prescaler_bi    1   48[BANK0 ] unsigned char 
 Return value:  Size  Location     Type
                  1    wreg      void 
 Registers used:
		wreg, fsr0l, fsr0h, status,2, status,0, btemp+1, pclath, cstack
 Tracked objects:
		On entry : 
		On exit  : 
		Unchanged: 
 Data sizes:     COMMON   BANK0   BANK1   BANK3   BANK2
      Params:         0       2       0       0       0
      Locals:         0       3       0       0       0
      Temps:          0       3       0       0       0
      Totals:         0       8       0       0       0
Total ram usage:        8 bytes
 Hardware stack levels used:    1
 Hardware stack levels required when called:    7
 This function calls:
		__calc_timer0_prescaler
 This function is called by:
		_main
 This function uses a non-reentrant model


 *************** function __calc_timer0_prescaler *****************
 Defined at:
		line 97 in file "virtualwire.c"
 Parameters:    Size  Location     Type
  brate           2   25[BANK0 ] unsigned int 
  prescaler_va    1   27[BANK0 ] PTR unsigned int 
		 -> vw_setup@prescaler_value(2), 
  prescaler_bi    1   28[BANK0 ] PTR unsigned char 
		 -> vw_setup@prescaler_bits(1), 
  k_tmr0          1   29[BANK0 ] PTR unsigned char 
		 -> vw_tmr0_value(1), 
 Auto vars:     Size  Location     Type
  aux_tmr0        2   38[BANK0 ] unsigned int 
  pindex          1   40[BANK0 ] unsigned char 
 Return value:  Size  Location     Type
                  1    wreg      unsigned char 
 Registers used:
		wreg, fsr0l, fsr0h, status,2, status,0, btemp+1, pclath, cstack
 Tracked objects:
		On entry : 
		On exit  : 
		Unchanged: 
 Data sizes:     COMMON   BANK0   BANK1   BANK3   BANK2
      Params:         0       5       0       0       0
      Locals:         0       3       0       0       0
      Temps:          0       8       0       0       0
      Totals:         0      16       0       0       0
Total ram usage:       16 bytes
 Hardware stack levels used:    1
 Hardware stack levels required when called:    6
 This function calls:
		___aldiv
		___wmul
 This function is called by:
		_vw_setup
 This function uses a non-reentrant model


 *************** function ___wmul *****************
 Defined at:
		line 15 in file "C:\Program Files (x86)\Microchip\xc8\v1.40\sources\common\Umul16.c"
 Parameters:    Size  Location     Type
  multiplier      2    4[BANK0 ] unsigned int 
  multiplicand    2    6[BANK0 ] unsigned int 
 Auto vars:     Size  Location     Type
  product         2    8[BANK0 ] unsigned int 
 Return value:  Size  Location     Type
                  2    4[BANK0 ] unsigned int 
 Registers used:
		wreg, status,2, status,0
 Tracked objects:
		On entry : 
		On exit  : 
		Unchanged: 
 Data sizes:     COMMON   BANK0   BANK1   BANK3   BANK2
      Params:         0       4       0       0       0
      Locals:         0       2       0       0       0
      Temps:          0       0       0       0       0
      Totals:         0       6       0       0       0
Total ram usage:        6 bytes
 Hardware stack levels used:    1
 Hardware stack levels required when called:    5
 This function calls:
		Nothing
 This function is called by:
		__calc_timer0_prescaler
 This function uses a non-reentrant model


 *************** function ___aldiv *****************
 Defined at:
		line 6 in file "C:\Program Files (x86)\Microchip\xc8\v1.40\sources\common\aldiv.c"
 Parameters:    Size  Location     Type
  divisor         4   10[BANK0 ] long 
  dividend        4   14[BANK0 ] long 
 Auto vars:     Size  Location     Type
  quotient        4   21[BANK0 ] long 
  sign            1   20[BANK0 ] unsigned char 
  counter         1   19[BANK0 ] unsigned char 
 Return value:  Size  Location     Type
                  4   10[BANK0 ] long 
 Registers used:
		wreg, status,2, status,0
 Tracked objects:
		On entry : 
		On exit  : 
		Unchanged: 
 Data sizes:     COMMON   BANK0   BANK1   BANK3   BANK2
      Params:         0       8       0       0       0
      Locals:         0       6       0       0       0
      Temps:          0       1       0       0       0
      Totals:         0      15       0       0       0
Total ram usage:       15 bytes
 Hardware stack levels used:    1
 Hardware stack levels required when called:    5
 This function calls:
		Nothing
 This function is called by:
		__calc_timer0_prescaler
 This function uses a non-reentrant model


 *************** function _vw_rx_start *****************
 Defined at:
		line 382 in file "virtualwire.c"
 Parameters:    Size  Location     Type
		None
 Auto vars:     Size  Location     Type
		None
 Return value:  Size  Location     Type
                  1    wreg      void 
 Registers used:
		None
 Tracked objects:
		On entry : 
		On exit  : 
		Unchanged: 
 Data sizes:     COMMON   BANK0   BANK1   BANK3   BANK2
      Params:         0       0       0       0       0
      Locals:         0       0       0       0       0
      Temps:          0       0       0       0       0
      Totals:         0       0       0       0       0
Total ram usage:        0 bytes
 Hardware stack levels used:    1
 Hardware stack levels required when called:    5
 This function calls:
		Nothing
 This function is called by:
		_main
 This function uses a non-reentrant model


 *************** function _vw_recv *****************
 Defined at:
		line 353 in file "virtualwire.c"
 Parameters:    Size  Location     Type
  buf             1    wreg     PTR unsigned char 
		 -> text(24), 
  len             1   26[BANK0 ] PTR unsigned char 
		 -> main@len(1), 
 Auto vars:     Size  Location     Type
  buf             1   30[BANK0 ] PTR unsigned char 
		 -> text(24), 
  rxlen           1   31[BANK0 ] unsigned char 
 Return value:  Size  Location     Type
                  1    wreg      unsigned char 
 Registers used:
		wreg, fsr0l, fsr0h, status,2, status,0, btemp+1, pclath, cstack
 Tracked objects:
		On entry : 
		On exit  : 
		Unchanged: 
 Data sizes:     COMMON   BANK0   BANK1   BANK3   BANK2
      Params:         0       1       0       0       0
      Locals:         0       2       0       0       0
      Temps:          0       3       0       0       0
      Totals:         0       6       0       0       0
Total ram usage:        6 bytes
 Hardware stack levels used:    1
 Hardware stack levels required when called:    7
 This function calls:
		_memcpy
		_vw_crc
 This function is called by:
		_main
 This function uses a non-reentrant model


 *************** function _vw_crc *****************
 Defined at:
		line 234 in file "virtualwire.c"
 Parameters:    Size  Location     Type
  ptr             1    wreg     PTR unsigned char 
		 -> vw_tx_buf(48), 
  count           1   20[BANK0 ] unsigned char 
 Auto vars:     Size  Location     Type
  ptr             1   23[BANK0 ] PTR unsigned char 
		 -> vw_tx_buf(48), 
  crc             2   24[BANK0 ] unsigned int 
 Return value:  Size  Location     Type
                  2   20[BANK0 ] unsigned int 
 Registers used:
		wreg, fsr0l, fsr0h, status,2, status,0, btemp+1, pclath, cstack
 Tracked objects:
		On entry : 
		On exit  : 
		Unchanged: 
 Data sizes:     COMMON   BANK0   BANK1   BANK3   BANK2
      Params:         0       2       0       0       0
      Locals:         0       3       0       0       0
      Temps:          0       1       0       0       0
      Totals:         0       6       0       0       0
Total ram usage:        6 bytes
 Hardware stack levels used:    1
 Hardware stack levels required when called:    6
 This function calls:
		__crc_ccitt_update
 This function is called by:
		_vw_recv
 This function uses a non-reentrant model


 *************** function __crc_ccitt_update *****************
 Defined at:
		line 51 in file "../_libs/crc16.h"
 Parameters:    Size  Location     Type
  crc             2    4[BANK0 ] unsigned int 
  data            1    6[BANK0 ] unsigned char 
 Auto vars:     Size  Location     Type
		None
 Return value:  Size  Location     Type
                  2    4[BANK0 ] unsigned int 
 Registers used:
		wreg, status,2, status,0, btemp+1
 Tracked objects:
		On entry : 
		On exit  : 
		Unchanged: 
 Data sizes:     COMMON   BANK0   BANK1   BANK3   BANK2
      Params:         0       3       0       0       0
      Locals:         0       0       0       0       0
      Temps:          0      13       0       0       0
      Totals:         0      16       0       0       0
Total ram usage:       16 bytes
 Hardware stack levels used:    1
 Hardware stack levels required when called:    5
 This function calls:
		Nothing
 This function is called by:
		_vw_crc
		_vw_send
 This function uses a non-reentrant model


 *************** function _memcpy *****************
 Defined at:
		line 6 in file "../_libs/string.h"
 Parameters:    Size  Location     Type
  dest            1    wreg     PTR unsigned char 
		 -> text(24), 
  src             1    4[BANK0 ] PTR unsigned char 
		 -> vw_tx_buf(48), 
  n               2    5[BANK0 ] unsigned int 
 Auto vars:     Size  Location     Type
  dest            1   10[BANK0 ] PTR unsigned char 
		 -> text(24), 
 Return value:  Size  Location     Type
                  1    wreg      PTR unsigned char 
 Registers used:
		wreg, fsr0l, fsr0h, status,2, status,0
 Tracked objects:
		On entry : 
		On exit  : 
		Unchanged: 
 Data sizes:     COMMON   BANK0   BANK1   BANK3   BANK2
      Params:         0       3       0       0       0
      Locals:         0       1       0       0       0
      Temps:          0       3       0       0       0
      Totals:         0       7       0       0       0
Total ram usage:        7 bytes
 Hardware stack levels used:    1
 Hardware stack levels required when called:    5
 This function calls:
		Nothing
 This function is called by:
		_vw_recv
 This function uses a non-reentrant model


 *************** function _vw_have_message *****************
 Defined at:
		line 348 in file "virtualwire.c"
 Parameters:    Size  Location     Type
		None
 Auto vars:     Size  Location     Type
		None
 Return value:  Size  Location     Type
                  1    wreg      unsigned char 
 Registers used:
		wreg, status,2, status,0
 Tracked objects:
		On entry : 
		On exit  : 
		Unchanged: 
 Data sizes:     COMMON   BANK0   BANK1   BANK3   BANK2
      Params:         0       0       0       0       0
      Locals:         0       0       0       0       0
      Temps:          0       0       0       0       0
      Totals:         0       0       0       0       0
Total ram usage:        0 bytes
 Hardware stack levels used:    1
 Hardware stack levels required when called:    5
 This function calls:
		Nothing
 This function is called by:
		_main
 This function uses a non-reentrant model


 *************** function _UART_send_string *****************
 Defined at:
		line 87 in file "uart.h"
 Parameters:    Size  Location     Type
  str             1    wreg     PTR unsigned char 
		 -> STR_3(19), STR_2(19), STR_1(19), 
 Auto vars:     Size  Location     Type
  str             1    6[BANK0 ] PTR unsigned char 
		 -> STR_3(19), STR_2(19), STR_1(19), 
 Return value:  Size  Location     Type
                  1    wreg      void 
 Registers used:
		wreg, fsr0l, fsr0h, status,2, status,0, pclath, cstack
 Tracked objects:
		On entry : 
		On exit  : 
		Unchanged: 
 Data sizes:     COMMON   BANK0   BANK1   BANK3   BANK2
      Params:         0       0       0       0       0
      Locals:         0       1       0       0       0
      Temps:          0       1       0       0       0
      Totals:         0       2       0       0       0
Total ram usage:        2 bytes
 Hardware stack levels used:    1
 Hardware stack levels required when called:    6
 This function calls:
		_UART_send_byte
 This function is called by:
		_main
 This function uses a non-reentrant model


 *************** function _UART_send_byte *****************
 Defined at:
		line 43 in file "uart.h"
 Parameters:    Size  Location     Type
  single_byte     1    wreg     unsigned char 
 Auto vars:     Size  Location     Type
  single_byte     1    4[BANK0 ] unsigned char 
 Return value:  Size  Location     Type
                  1    wreg      void 
 Registers used:
		wreg
 Tracked objects:
		On entry : 
		On exit  : 
		Unchanged: 
 Data sizes:     COMMON   BANK0   BANK1   BANK3   BANK2
      Params:         0       0       0       0       0
      Locals:         0       1       0       0       0
      Temps:          0       0       0       0       0
      Totals:         0       1       0       0       0
Total ram usage:        1 bytes
 Hardware stack levels used:    1
 Hardware stack levels required when called:    5
 This function calls:
		Nothing
 This function is called by:
		_UART_send_string
		_main
 This function uses a non-reentrant model


 *************** function _UART_Init *****************
 Defined at:
		line 17 in file "uart.h"
 Parameters:    Size  Location     Type
		None
 Auto vars:     Size  Location     Type
		None
 Return value:  Size  Location     Type
                  1    wreg      void 
 Registers used:
		wreg
 Tracked objects:
		On entry : 
		On exit  : 
		Unchanged: 
 Data sizes:     COMMON   BANK0   BANK1   BANK3   BANK2
      Params:         0       0       0       0       0
      Locals:         0       0       0       0       0
      Temps:          0       0       0       0       0
      Totals:         0       0       0       0       0
Total ram usage:        0 bytes
 Hardware stack levels used:    1
 Hardware stack levels required when called:    5
 This function calls:
		Nothing
 This function is called by:
		_main
 This function uses a non-reentrant model


 *************** function _global_isr *****************
 Defined at:
		line 16 in file "main.c"
 Parameters:    Size  Location     Type
		None
 Auto vars:     Size  Location     Type
		None
 Return value:  Size  Location     Type
                  1    wreg      void 
 Registers used:
		wreg, fsr0l, fsr0h, status,2, status,0, pclath, cstack
 Tracked objects:
		On entry : 
		On exit  : 
		Unchanged: 
 Data sizes:     COMMON   BANK0   BANK1   BANK3   BANK2
      Params:         0       0       0       0       0
      Locals:         0       0       0       0       0
      Temps:          0       4       0       0       0
      Totals:         0       4       0       0       0
Total ram usage:        4 bytes
 Hardware stack levels used:    1
 Hardware stack levels required when called:    4
 This function calls:
		_vw_isr_tmr0
 This function is called by:
		Interrupt level 1
 This function uses a non-reentrant model


 *************** function _vw_isr_tmr0 *****************
 Defined at:
		line 388 in file "virtualwire.c"
 Parameters:    Size  Location     Type
		None
 Auto vars:     Size  Location     Type
		None
 Return value:  Size  Location     Type
                  1    wreg      void 
 Registers used:
		wreg, fsr0l, fsr0h, status,2, status,0, pclath, cstack
 Tracked objects:
		On entry : 
		On exit  : 
		Unchanged: 
 Data sizes:     COMMON   BANK0   BANK1   BANK3   BANK2
      Params:         0       0       0       0       0
      Locals:         0       0       0       0       0
      Temps:          2       0       0       0       0
      Totals:         2       0       0       0       0
Total ram usage:        2 bytes
 Hardware stack levels used:    1
 Hardware stack levels required when called:    3
 This function calls:
		_vw_pll
		_vw_tx_stop
 This function is called by:
		_global_isr
 This function uses a non-reentrant model


 *************** function _vw_tx_stop *****************
 Defined at:
		line 162 in file "virtualwire.c"
 Parameters:    Size  Location     Type
		None
 Auto vars:     Size  Location     Type
		None
 Return value:  Size  Location     Type
                  1    wreg      void 
 Registers used:
		status,2
 Tracked objects:
		On entry : 
		On exit  : 
		Unchanged: 
 Data sizes:     COMMON   BANK0   BANK1   BANK3   BANK2
      Params:         0       0       0       0       0
      Locals:         0       0       0       0       0
      Temps:          0       0       0       0       0
      Totals:         0       0       0       0       0
Total ram usage:        0 bytes
 Hardware stack levels used:    1
 This function calls:
		Nothing
 This function is called by:
		_vw_isr_tmr0
 This function uses a non-reentrant model


 *************** function _vw_pll *****************
 Defined at:
		line 262 in file "virtualwire.c"
 Parameters:    Size  Location     Type
		None
 Auto vars:     Size  Location     Type
  this_byte       1   10[COMMON] unsigned char 
 Return value:  Size  Location     Type
                  1    wreg      void 
 Registers used:
		wreg, fsr0l, fsr0h, status,2, status,0, pclath, cstack
 Tracked objects:
		On entry : 
		On exit  : 
		Unchanged: 
 Data sizes:     COMMON   BANK0   BANK1   BANK3   BANK2
      Params:         0       0       0       0       0
      Locals:         3       0       0       0       0
      Temps:          5       0       0       0       0
      Totals:         8       0       0       0       0
Total ram usage:        8 bytes
 Hardware stack levels used:    1
 Hardware stack levels required when called:    2
 This function calls:
		_vw_symbol_6to4
 This function is called by:
		_vw_isr_tmr0
 This function uses a non-reentrant model


 *************** function _vw_symbol_6to4 *****************
 Defined at:
		line 245 in file "virtualwire.c"
 Parameters:    Size  Location     Type
  symbol          1    wreg     unsigned char 
 Auto vars:     Size  Location     Type
  symbol          1    1[COMMON] unsigned char 
  i               1    2[COMMON] unsigned char 
 Return value:  Size  Location     Type
                  1    wreg      unsigned char 
 Registers used:
		wreg, fsr0l, fsr0h, status,2, status,0, pclath
 Tracked objects:
		On entry : 
		On exit  : 
		Unchanged: 
 Data sizes:     COMMON   BANK0   BANK1   BANK3   BANK2
      Params:         0       0       0       0       0
      Locals:         2       0       0       0       0
      Temps:          1       0       0       0       0
      Totals:         3       0       0       0       0
Total ram usage:        3 bytes
 Hardware stack levels used:    2
 This function calls:
		Nothing
 This function is called by:
		_vw_pll
 This function uses a non-reentrant model



MODULE INFORMATION

Module		Function		Class		Link	Load	Size
uart.h
		_UART_Init     		CODE           	04B2	0000	21
		_UART_send_string		CODE           	0498	0000	27
		_UART_send_byte		CODE           	04D8	0000	13

uart.h estimated size: 61

C:\Program Files (x86)\Microchip\xc8\v1.40\sources\common\Umul16.c
		___wmul        		CODE           	043C	0000	36

C:\Program Files (x86)\Microchip\xc8\v1.40\sources\common\Umul16.c estimated size: 36

shared
		__stringtab    		STRING         	0349	0000	7
		__calc_timer0_prescaler@prescaler_factor		STRING         	034F	0000	19
		_symbols       		STRING         	0361	0000	17
		__initialization		CODE           	0013	0000	14
		_vw_tx_buf_header		STRING         	0371	0000	9

shared estimated size: 66

virtualwire.c
		_vw_crc        		CODE           	0412	0000	43
		_vw_have_message		CODE           	04E4	0000	10
		_vw_rx_start   		CODE           	04F5	0000	8
		_vw_pll        		CODE           	0023	0000	159
		_vw_isr_tmr0   		CODE           	00C1	0000	155
		_vw_recv       		CODE           	03CF	0000	68
		_vw_tx_stop    		CODE           	04FC	0000	6
		_vw_setup      		CODE           	038C	0000	68
		__calc_timer0_prescaler		CODE           	027F	0000	129
		_vw_symbol_6to4		CODE           	047D	0000	28

virtualwire.c estimated size: 674

../_libs/crc16.h
		__crc_ccitt_update		CODE           	02FF	0000	75

../_libs/crc16.h estimated size: 75

main.c
		_main          		CODE           	015B	0000	150
		_global_isr    		CODE           	04C6	0000	19

main.c estimated size: 169

../_libs/string.h
		_memcpy        		CODE           	045F	0000	31

../_libs/string.h estimated size: 31

C:\Program Files (x86)\Microchip\xc8\v1.40\sources\common\aldiv.c
		___aldiv       		CODE           	01F0	0000	144

C:\Program Files (x86)\Microchip\xc8\v1.40\sources\common\aldiv.c estimated size: 144

