Microchip MPLAB XC8 Compiler V1.40 ()

Linker command line:

-W-3 --edf=C:\Program Files (x86)\Microchip\xc8\v1.40\dat\en_msgs.txt -cs \
  -h+dist/default/production\PIC16F88_LCD_test.X.production.sym \
  --cmf=dist/default/production\PIC16F88_LCD_test.X.production.cmf -z \
  -Q16F88 -oC:\Users\peaceful\AppData\Local\Temp\s38g.2 \
  -Mdist/default/production/PIC16F88_LCD_test.X.production.map -E1 -ver=XC8 \
  -ASTACK=0110h-016fh -pstack=STACK -ACODE=00h-07FFhx2 -ASTRCODE=00h-0FFFh \
  -ASTRING=00h-0FFhx16 -ACONST=00h-0FFhx16 -AENTRY=00h-0FFhx16 \
  -ACOMMON=070h-07Fh -ABANK0=020h-06Fh -ABANK1=0A0h-0EFh \
  -ABANK2=0110h-016Fh -ABANK3=0190h-01EFh \
  -ARAM=020h-06Fh,0A0h-0EFh,0110h-016Fh,0190h-01EFh \
  -AABS1=020h-07Fh,0A0h-0EFh,0110h-016Fh,0190h-01EFh -ASFR0=00h-01Fh \
  -ASFR1=080h-09Fh -ASFR2=0100h-010Fh -ASFR3=0180h-018Fh \
  -preset_vec=00h,intentry=04h,init,end_init -ppowerup=CODE -pcinit=CODE \
  -pfunctab=CODE -ACONFIG=02007h-02008h -pconfig=CONFIG -DCONFIG=2 \
  -AIDLOC=02000h-02003h -pidloc=IDLOC -DIDLOC=2 -AEEDATA=00h-0FFh/02100h \
  -peeprom_data=EEDATA -DEEDATA=2 -DCODE=2 -DSTRCODE=2 -DSTRING=2 -DCONST=2 \
  -DENTRY=2 -k C:\Users\peaceful\AppData\Local\Temp\s38g.obj \
  dist/default/production\PIC16F88_LCD_test.X.production.obj 

Object code version is 3.11

Machine type is 16F88



                Name                               Link     Load   Length Selector   Space Scale
C:\Users\peaceful\AppData\Local\Temp\s38g.obj
                end_init                             11       11        2        8       0
                reset_vec                             0        0        2        0       0
                config                             2007     2007        2     400E       0
dist/default/production\PIC16F88_LCD_test.X.production.obj
                cinit                                13       13        4        8       0
                intentry                              4        4        D        8       0
                text12                              29A      29A       17      3C0       0
                text11                              268      268       1A      3C0       0
                text10                              282      282       18      3C0       0
                text9                                E5       E5       AE        8       0
                text8                               2DC      2DC        8      3C0       0
                text7                               1E0      1E0       3F      3C0       0
                text6                               2D4      2D4        8      3C0       0
                text5                               2CC      2CC        8      3C0       0
                text4                               21F      21F       2C      3C0       0
                text3                               24B      24B       1D      3C0       0
                text2                               2B1      2B1       10      3C0       0
                text1                               2C1      2C1        B      3C0       0
                maintext                             17       17       CE        8       0
                cstackBANK0                          20       20        9       20       1
                cstackCOMMON                         70       70        8       70       1
                bssCOMMON                            78       78        1       70       1
                strings                             193      193       4D      326       0

TOTAL           Name                               Link     Load   Length     Space
        CLASS   STACK          

        CLASS   CODE           
                end_init                             11       11        2         0
                cinit                                13       13        4         0
                intentry                              4        4        D         0
                reset_vec                             0        0        2         0
                text12                              29A      29A       17         0
                text11                              268      268       1A         0
                text10                              282      282       18         0
                text9                                E5       E5       AE         0
                text8                               2DC      2DC        8         0
                text7                               1E0      1E0       3F         0
                text6                               2D4      2D4        8         0
                text5                               2CC      2CC        8         0
                text4                               21F      21F       2C         0
                text3                               24B      24B       1D         0
                text2                               2B1      2B1       10         0
                text1                               2C1      2C1        B         0
                maintext                             17       17       CE         0

        CLASS   STRCODE        

        CLASS   STRING         
                strings                             193      193       4D         0

        CLASS   CONST          

        CLASS   ENTRY          

        CLASS   COMMON         
                cstackCOMMON                         70       70        8         1
                bssCOMMON                            78       78        1         1

        CLASS   BANK0          
                cstackBANK0                          20       20        9         1

        CLASS   BANK1          

        CLASS   BANK2          

        CLASS   BANK3          

        CLASS   RAM            

        CLASS   ABS1           
                abs_s1                               7E       7E        2         1

        CLASS   SFR0           

        CLASS   SFR1           

        CLASS   SFR2           

        CLASS   SFR3           

        CLASS   CONFIG         
                config                             2007     2007        2         0

        CLASS   IDLOC          

        CLASS   EEDATA         



SEGMENTS        Name                           Load    Length   Top    Selector   Space  Class     Delta

                reset_vec                      000000  000002  000002         0       0  CODE        2
                intentry                       000004  00018F  000193         8       0  CODE        2
                cstackBANK0                    000020  000009  000029        20       1  BANK0       1
                cstackCOMMON                   000070  000009  000079        70       1  COMMON      1
                strings                        000193  00004D  0001E0       326       0  STRING      2
                text7                          0001E0  000104  0002E4       3C0       0  CODE        2
                config                         002007  000002  002009      400E       0  CONFIG      2


UNUSED ADDRESS RANGES

        Name                Unused          Largest block    Delta
        BANK0            0029-006F             47           1
        BANK1            00A0-00EF             50           1
        BANK2            0110-016F             60           1
        BANK3            0190-01EF             60           1
        CODE             0002-0003              2           2
                         02E4-0FFF            51C
        COMMON           0079-007D              5           1
        CONST            0002-0003              2           2
                         02E4-0FFF            100
        EEDATA           2100-21FF            100           2
        ENTRY            0002-0003              2           2
                         02E4-0FFF            100
        IDLOC            2000-2003              4           2
        RAM              0029-006F             47           1
                         00A0-00EF             50
                         0110-016F             60
                         0190-01EF             60
        SFR0             0000-001F             20           1
        SFR1             0080-009F             20           1
        SFR2             0100-010F             10           1
        SFR3             0180-018F             10           1
        STACK            0110-016F             60           1
        STRCODE          0002-0003              2           2
                         02E4-0FFF            D1C
        STRING           0002-0003              2           2
                         02E4-0FFF            100

                                  Symbol Table

LCD_command@command          cstackBANK0  0020
LCD_set_cursor@column        cstackBANK0  0021
LCD_set_cursor@ddram_address cstackBANK0  0023
LCD_set_cursor@row           cstackBANK0  0024
LCD_set_port@value_4_bit     cstackCOMMON 0075
LCD_write_char@c             cstackCOMMON 0077
LCD_write_string@j           cstackBANK0  0021
LCD_write_string@str         cstackBANK0  0022
_ANSEL                       (abs)        009B
_GIE                         (abs)        005F
_ISR                         text12       029A
_LCD_Init                    text9        00E5
_LCD_clear                   text8        02DC
_LCD_command                 text10       0282
_LCD_set_cursor              text7        01E0
_LCD_set_port                text11       0268
_LCD_shift_left              text6        02D4
_LCD_shift_right             text5        02CC
_LCD_write_char              text4        021F
_LCD_write_string            text3        024B
_OPTION_REGbits              (abs)        0081
_PEIE                        (abs)        005E
_PORTA                       (abs)        0005
_PORTB                       (abs)        0006
_PSA                         (abs)        040B
_RA0                         (abs)        0028
_RA1                         (abs)        0029
_RA2                         (abs)        002A
_RA3                         (abs)        002B
_RB0                         (abs)        0030
_RB1                         (abs)        0031
_Syst_Init                   text2        02B1
_T0CS                        (abs)        040D
_TMR0IE                      (abs)        005D
_TMR0IF                      (abs)        005A
_TMR0_Init                   text1        02C1
_TRISA                       (abs)        0085
_TRISB                       (abs)        0086
__CFG_BOREN$ON               (abs)        0000
__CFG_CCPMX$RB0              (abs)        0000
__CFG_CP$OFF                 (abs)        0000
__CFG_CPD$OFF                (abs)        0000
__CFG_FCMEN$ON               (abs)        0000
__CFG_FOSC$HS                (abs)        0000
__CFG_IESO$ON                (abs)        0000
__CFG_LVP$OFF                (abs)        0000
__CFG_MCLRE$OFF              (abs)        0000
__CFG_PWRTE$OFF              (abs)        0000
__CFG_WDTE$OFF               (abs)        0000
__CFG_WRT$OFF                (abs)        0000
__Habs1                      abs1         0000
__Hbank0                     bank0        0000
__Hbank1                     bank1        0000
__Hbank2                     bank2        0000
__Hbank3                     bank3        0000
__HbssCOMMON                 bssCOMMON    0000
__Hcinit                     cinit        0017
__Hclrtext                   clrtext      0000
__Hcode                      code         0000
__Hcommon                    common       0000
__Hconfig                    config       2009
__HcstackBANK0               cstackBANK0  0000
__HcstackCOMMON              cstackCOMMON 0000
__Heeprom_data               eeprom_data  0000
__Hend_init                  end_init     0013
__Hfunctab                   functab      0000
__Hidloc                     idloc        0000
__Hinit                      init         0011
__Hintentry                  intentry     0011
__Hmaintext                  maintext     0000
__Hpowerup                   powerup      0000
__Hram                       ram          0000
__Hreset_vec                 reset_vec    0002
__Hsfr0                      sfr0         0000
__Hsfr1                      sfr1         0000
__Hsfr2                      sfr2         0000
__Hsfr3                      sfr3         0000
__Hspace_0                   (abs)        2009
__Hspace_1                   (abs)        0079
__Hspace_2                   (abs)        0000
__Hspace_3                   (abs)        0000
__Hstack                     stack        0000
__Hstrings                   strings      0000
__Htext                      text         0000
__Labs1                      abs1         0000
__Lbank0                     bank0        0000
__Lbank1                     bank1        0000
__Lbank2                     bank2        0000
__Lbank3                     bank3        0000
__LbssCOMMON                 bssCOMMON    0000
__Lcinit                     cinit        0013
__Lclrtext                   clrtext      0000
__Lcode                      code         0000
__Lcommon                    common       0000
__Lconfig                    config       2007
__LcstackBANK0               cstackBANK0  0000
__LcstackCOMMON              cstackCOMMON 0000
__Leeprom_data               eeprom_data  0000
__Lend_init                  end_init     0011
__Lfunctab                   functab      0000
__Lidloc                     idloc        0000
__Linit                      init         0011
__Lintentry                  intentry     0004
__Lmaintext                  maintext     0000
__Lpowerup                   powerup      0000
__Lram                       ram          0000
__Lreset_vec                 reset_vec    0000
__Lsfr0                      sfr0         0000
__Lsfr1                      sfr1         0000
__Lsfr2                      sfr2         0000
__Lsfr3                      sfr3         0000
__Lspace_0                   (abs)        0000
__Lspace_1                   (abs)        0000
__Lspace_2                   (abs)        0000
__Lspace_3                   (abs)        0000
__Lstack                     stack        0000
__Lstrings                   strings      0000
__Ltext                      text         0000
__S0                         (abs)        2009
__S1                         (abs)        0079
__S2                         (abs)        0000
__S3                         (abs)        0000
___int_sp                    stack        0000
___latbits                   (abs)        0001
___sp                        stack        0000
__end_of_ISR                 text12       02B1
__end_of_LCD_Init            text9        0193
__end_of_LCD_clear           text8        02E4
__end_of_LCD_command         text10       029A
__end_of_LCD_set_cursor      text7        021F
__end_of_LCD_set_port        text11       0282
__end_of_LCD_shift_left      text6        02DC
__end_of_LCD_shift_right     text5        02D4
__end_of_LCD_write_char      text4        024B
__end_of_LCD_write_string    text3        0268
__end_of_Syst_Init           text2        02C1
__end_of_TMR0_Init           text1        02CC
__end_of__initialization     cinit        0014
__end_of__stringtab          strings      0199
__end_of_main                maintext     00E5
__initialization             cinit        0013
__pbssCOMMON                 bssCOMMON    0078
__pcstackBANK0               cstackBANK0  0020
__pcstackCOMMON              cstackCOMMON 0070
__pintentry                  intentry     0004
__pmaintext                  maintext     0017
__pstrings                   strings      0193
__ptext1                     text1        02C1
__ptext10                    text10       0282
__ptext11                    text11       0268
__ptext12                    text12       029A
__ptext2                     text2        02B1
__ptext3                     text3        024B
__ptext4                     text4        021F
__ptext5                     text5        02CC
__ptext6                     text6        02D4
__ptext7                     text7        01E0
__ptext8                     text8        02DC
__ptext9                     text9        00E5
__size_of_ISR                (abs)        0000
__size_of_LCD_Init           (abs)        0000
__size_of_LCD_clear          (abs)        0000
__size_of_LCD_command        (abs)        0000
__size_of_LCD_set_cursor     (abs)        0000
__size_of_LCD_set_port       (abs)        0000
__size_of_LCD_shift_left     (abs)        0000
__size_of_LCD_shift_right    (abs)        0000
__size_of_LCD_write_char     (abs)        0000
__size_of_LCD_write_string   (abs)        0000
__size_of_Syst_Init          (abs)        0000
__size_of_TMR0_Init          (abs)        0000
__size_of_main               (abs)        0000
__stringbase                 strings      0198
__stringtab                  strings      0193
_main                        maintext     0017
_timerCount                  bssCOMMON    0078
btemp                        (abs)        007E
end_of_initialization        cinit        0014
interrupt_function           intentry     0004
intlevel0                    functab      0000
intlevel1                    functab      0000
intlevel2                    functab      0000
intlevel3                    functab      0000
intlevel4                    functab      0000
intlevel5                    functab      0000
main@j                       cstackBANK0  0028
reset_vec                    reset_vec    0000
saved_w                      (abs)        007E
stackhi                      (abs)        0000
stacklo                      (abs)        0000
start                        init         0011
start_initialization         cinit        0013
wtemp0                       (abs)        007E


FUNCTION INFORMATION:

 *************** function _main *****************
 Defined at:
		line 43 in file "main.c"
 Parameters:    Size  Location     Type
		None
 Auto vars:     Size  Location     Type
  j               1    8[BANK0 ] unsigned char 
 Return value:  Size  Location     Type
                  1    wreg      void 
 Registers used:
		wreg, fsr0l, fsr0h, status,2, status,0, pclath, cstack
 Tracked objects:
		On entry : 
		On exit  : 
		Unchanged: 
 Data sizes:     COMMON   BANK0   BANK1   BANK3   BANK2
      Params:         0       0       0       0       0
      Locals:         0       1       0       0       0
      Temps:          0       3       0       0       0
      Totals:         0       4       0       0       0
Total ram usage:        4 bytes
 Hardware stack levels required when called:    4
 This function calls:
		_LCD_Init
		_LCD_clear
		_LCD_set_cursor
		_LCD_shift_left
		_LCD_shift_right
		_LCD_write_char
		_LCD_write_string
		_Syst_Init
		_TMR0_Init
 This function is called by:
		Startup code after reset
 This function uses a non-reentrant model


 *************** function _TMR0_Init *****************
 Defined at:
		line 18 in file "main.c"
 Parameters:    Size  Location     Type
		None
 Auto vars:     Size  Location     Type
		None
 Return value:  Size  Location     Type
                  1    wreg      void 
 Registers used:
		wreg, status,2, status,0
 Tracked objects:
		On entry : 
		On exit  : 
		Unchanged: 
 Data sizes:     COMMON   BANK0   BANK1   BANK3   BANK2
      Params:         0       0       0       0       0
      Locals:         0       0       0       0       0
      Temps:          0       0       0       0       0
      Totals:         0       0       0       0       0
Total ram usage:        0 bytes
 Hardware stack levels used:    1
 Hardware stack levels required when called:    1
 This function calls:
		Nothing
 This function is called by:
		_main
 This function uses a non-reentrant model


 *************** function _Syst_Init *****************
 Defined at:
		line 10 in file "main.c"
 Parameters:    Size  Location     Type
		None
 Auto vars:     Size  Location     Type
		None
 Return value:  Size  Location     Type
                  1    wreg      void 
 Registers used:
		status,2
 Tracked objects:
		On entry : 
		On exit  : 
		Unchanged: 
 Data sizes:     COMMON   BANK0   BANK1   BANK3   BANK2
      Params:         0       0       0       0       0
      Locals:         0       0       0       0       0
      Temps:          0       0       0       0       0
      Totals:         0       0       0       0       0
Total ram usage:        0 bytes
 Hardware stack levels used:    1
 Hardware stack levels required when called:    1
 This function calls:
		Nothing
 This function is called by:
		_main
 This function uses a non-reentrant model


 *************** function _LCD_write_string *****************
 Defined at:
		line 115 in file "lcd.h"
 Parameters:    Size  Location     Type
  str             1    wreg     PTR unsigned char 
		 -> STR_5(20), STR_4(12), STR_3(13), STR_2(10), 
		 -> STR_1(16), 
 Auto vars:     Size  Location     Type
  str             1    2[BANK0 ] PTR unsigned char 
		 -> STR_5(20), STR_4(12), STR_3(13), STR_2(10), 
		 -> STR_1(16), 
  j               1    1[BANK0 ] unsigned char 
 Return value:  Size  Location     Type
                  1    wreg      void 
 Registers used:
		wreg, fsr0l, fsr0h, status,2, status,0, pclath, cstack
 Tracked objects:
		On entry : 
		On exit  : 
		Unchanged: 
 Data sizes:     COMMON   BANK0   BANK1   BANK3   BANK2
      Params:         0       0       0       0       0
      Locals:         0       2       0       0       0
      Temps:          0       1       0       0       0
      Totals:         0       3       0       0       0
Total ram usage:        3 bytes
 Hardware stack levels used:    1
 Hardware stack levels required when called:    3
 This function calls:
		_LCD_write_char
 This function is called by:
		_main
 This function uses a non-reentrant model


 *************** function _LCD_write_char *****************
 Defined at:
		line 100 in file "lcd.h"
 Parameters:    Size  Location     Type
  c               1    wreg     unsigned char 
 Auto vars:     Size  Location     Type
  c               1    7[COMMON] unsigned char 
 Return value:  Size  Location     Type
                  1    wreg      void 
 Registers used:
		wreg, status,2, status,0, pclath, cstack
 Tracked objects:
		On entry : 
		On exit  : 
		Unchanged: 
 Data sizes:     COMMON   BANK0   BANK1   BANK3   BANK2
      Params:         0       0       0       0       0
      Locals:         1       0       0       0       0
      Temps:          1       0       0       0       0
      Totals:         2       0       0       0       0
Total ram usage:        2 bytes
 Hardware stack levels used:    1
 Hardware stack levels required when called:    2
 This function calls:
		_LCD_set_port
 This function is called by:
		_LCD_write_string
		_main
 This function uses a non-reentrant model


 *************** function _LCD_shift_right *****************
 Defined at:
		line 123 in file "lcd.h"
 Parameters:    Size  Location     Type
		None
 Auto vars:     Size  Location     Type
		None
 Return value:  Size  Location     Type
                  1    wreg      void 
 Registers used:
		wreg, status,2, status,0, pclath, cstack
 Tracked objects:
		On entry : 
		On exit  : 
		Unchanged: 
 Data sizes:     COMMON   BANK0   BANK1   BANK3   BANK2
      Params:         0       0       0       0       0
      Locals:         0       0       0       0       0
      Temps:          0       0       0       0       0
      Totals:         0       0       0       0       0
Total ram usage:        0 bytes
 Hardware stack levels used:    1
 Hardware stack levels required when called:    3
 This function calls:
		_LCD_command
 This function is called by:
		_main
 This function uses a non-reentrant model


 *************** function _LCD_shift_left *****************
 Defined at:
		line 129 in file "lcd.h"
 Parameters:    Size  Location     Type
		None
 Auto vars:     Size  Location     Type
		None
 Return value:  Size  Location     Type
                  1    wreg      void 
 Registers used:
		wreg, status,2, status,0, pclath, cstack
 Tracked objects:
		On entry : 
		On exit  : 
		Unchanged: 
 Data sizes:     COMMON   BANK0   BANK1   BANK3   BANK2
      Params:         0       0       0       0       0
      Locals:         0       0       0       0       0
      Temps:          0       0       0       0       0
      Totals:         0       0       0       0       0
Total ram usage:        0 bytes
 Hardware stack levels used:    1
 Hardware stack levels required when called:    3
 This function calls:
		_LCD_command
 This function is called by:
		_main
 This function uses a non-reentrant model


 *************** function _LCD_set_cursor *****************
 Defined at:
		line 40 in file "lcd.h"
 Parameters:    Size  Location     Type
  row             1    wreg     unsigned char 
  column          1    1[BANK0 ] unsigned char 
 Auto vars:     Size  Location     Type
  row             1    4[BANK0 ] unsigned char 
  ddram_addres    1    3[BANK0 ] unsigned char 
 Return value:  Size  Location     Type
                  1    wreg      void 
 Registers used:
		wreg, status,2, status,0, pclath, cstack
 Tracked objects:
		On entry : 
		On exit  : 
		Unchanged: 
 Data sizes:     COMMON   BANK0   BANK1   BANK3   BANK2
      Params:         0       1       0       0       0
      Locals:         0       2       0       0       0
      Temps:          0       1       0       0       0
      Totals:         0       4       0       0       0
Total ram usage:        4 bytes
 Hardware stack levels used:    1
 Hardware stack levels required when called:    3
 This function calls:
		_LCD_command
 This function is called by:
		_main
 This function uses a non-reentrant model


 *************** function _LCD_clear *****************
 Defined at:
		line 33 in file "lcd.h"
 Parameters:    Size  Location     Type
		None
 Auto vars:     Size  Location     Type
		None
 Return value:  Size  Location     Type
                  1    wreg      void 
 Registers used:
		wreg, status,2, status,0, pclath, cstack
 Tracked objects:
		On entry : 
		On exit  : 
		Unchanged: 
 Data sizes:     COMMON   BANK0   BANK1   BANK3   BANK2
      Params:         0       0       0       0       0
      Locals:         0       0       0       0       0
      Temps:          0       0       0       0       0
      Totals:         0       0       0       0       0
Total ram usage:        0 bytes
 Hardware stack levels used:    1
 Hardware stack levels required when called:    3
 This function calls:
		_LCD_command
 This function is called by:
		_main
 This function uses a non-reentrant model


 *************** function _LCD_Init *****************
 Defined at:
		line 56 in file "lcd.h"
 Parameters:    Size  Location     Type
		None
 Auto vars:     Size  Location     Type
		None
 Return value:  Size  Location     Type
                  1    wreg      void 
 Registers used:
		wreg, status,2, status,0, pclath, cstack
 Tracked objects:
		On entry : 
		On exit  : 
		Unchanged: 
 Data sizes:     COMMON   BANK0   BANK1   BANK3   BANK2
      Params:         0       0       0       0       0
      Locals:         0       0       0       0       0
      Temps:          0       2       0       0       0
      Totals:         0       2       0       0       0
Total ram usage:        2 bytes
 Hardware stack levels used:    1
 Hardware stack levels required when called:    3
 This function calls:
		_LCD_command
 This function is called by:
		_main
 This function uses a non-reentrant model


 *************** function _LCD_command *****************
 Defined at:
		line 24 in file "lcd.h"
 Parameters:    Size  Location     Type
  command         1    wreg     unsigned char 
 Auto vars:     Size  Location     Type
  command         1    0[BANK0 ] unsigned char 
 Return value:  Size  Location     Type
                  1    wreg      void 
 Registers used:
		wreg, status,2, status,0, pclath, cstack
 Tracked objects:
		On entry : 
		On exit  : 
		Unchanged: 
 Data sizes:     COMMON   BANK0   BANK1   BANK3   BANK2
      Params:         0       0       0       0       0
      Locals:         0       1       0       0       0
      Temps:          2       0       0       0       0
      Totals:         2       1       0       0       0
Total ram usage:        3 bytes
 Hardware stack levels used:    1
 Hardware stack levels required when called:    2
 This function calls:
		_LCD_set_port
 This function is called by:
		_LCD_clear
		_LCD_set_cursor
		_LCD_Init
		_LCD_shift_right
		_LCD_shift_left
 This function uses a non-reentrant model


 *************** function _LCD_set_port *****************
 Defined at:
		line 8 in file "lcd.h"
 Parameters:    Size  Location     Type
  value_4_bit     1    wreg     unsigned char 
 Auto vars:     Size  Location     Type
  value_4_bit     1    5[COMMON] unsigned char 
 Return value:  Size  Location     Type
                  1    wreg      void 
 Registers used:
		wreg
 Tracked objects:
		On entry : 
		On exit  : 
		Unchanged: 
 Data sizes:     COMMON   BANK0   BANK1   BANK3   BANK2
      Params:         0       0       0       0       0
      Locals:         1       0       0       0       0
      Temps:          0       0       0       0       0
      Totals:         1       0       0       0       0
Total ram usage:        1 bytes
 Hardware stack levels used:    1
 Hardware stack levels required when called:    1
 This function calls:
		Nothing
 This function is called by:
		_LCD_command
		_LCD_write_char
 This function uses a non-reentrant model


 *************** function _ISR *****************
 Defined at:
		line 28 in file "main.c"
 Parameters:    Size  Location     Type
		None
 Auto vars:     Size  Location     Type
		None
 Return value:  Size  Location     Type
                  1    wreg      void 
 Registers used:
		wreg, status,2, status,0
 Tracked objects:
		On entry : 
		On exit  : 
		Unchanged: 
 Data sizes:     COMMON   BANK0   BANK1   BANK3   BANK2
      Params:         0       0       0       0       0
      Locals:         0       0       0       0       0
      Temps:          5       0       0       0       0
      Totals:         5       0       0       0       0
Total ram usage:        5 bytes
 Hardware stack levels used:    1
 This function calls:
		Nothing
 This function is called by:
		Interrupt level 1
 This function uses a non-reentrant model



MODULE INFORMATION

Module		Function		Class		Link	Load	Size
shared
		__stringtab    		STRING         	0193	0000	7
		__initialization		CODE           	0013	0000	2

shared estimated size: 9

lcd.h
		_LCD_set_cursor		CODE           	01E0	0000	64
		_LCD_Init      		CODE           	00E5	0000	175
		_LCD_clear     		CODE           	02DC	0000	9
		_LCD_write_string		CODE           	024B	0000	30
		_LCD_shift_left		CODE           	02D4	0000	9
		_LCD_write_char		CODE           	021F	0000	45
		_LCD_command   		CODE           	0282	0000	25
		_LCD_shift_right		CODE           	02CC	0000	9
		_LCD_set_port  		CODE           	0268	0000	27

lcd.h estimated size: 393

main.c
		_ISR           		CODE           	029A	0000	24
		_main          		CODE           	0017	0000	207
		_TMR0_Init     		CODE           	02C1	0000	12
		_Syst_Init     		CODE           	02B1	0000	17

main.c estimated size: 260

